Component: ARM Compiler 5.06 update 6 (build 750) Tool: armlink [4d35ed]

==============================================================================

Section Cross References

    main.o(i.Boot_ParseReceiveModbusData) refers to gd32e103_systick.o(i.GD32E103_Systick_TimerKill) for GD32E103_Systick_TimerKill
    main.o(i.Boot_ParseReceiveModbusData) refers to commonfunctions.o(i.COMMON_Bits8Convert2Bits16) for COMMON_Bits8Convert2Bits16
    main.o(i.Boot_ParseReceiveModbusData) refers to main.o(i.GD32E103BOOT_UpGradePayloadProcess) for GD32E103BOOT_UpGradePayloadProcess
    main.o(i.Boot_ParseReceiveModbusData) refers to gdflashop.o(i.GDFLASHOP_EraseSpecifiedFlashPages) for GDFLASHOP_EraseSpecifiedFlashPages
    main.o(i.Boot_ParseReceiveModbusData) refers to usart.o(i.GD32E10X_Modbus_UpgradeResponseProcess) for GD32E10X_Modbus_UpgradeResponseProcess
    main.o(i.Boot_ParseReceiveModbusData) refers to usart.o(i.USART_SendDataViaUSART0DmaChnIsBusy) for USART_SendDataViaUSART0DmaChnIsBusy
    main.o(i.Boot_ParseReceiveModbusData) refers to main.o(i.GD32E103BOOT_EraseUpgradeFlag) for GD32E103BOOT_EraseUpgradeFlag
    main.o(i.Boot_ParseReceiveModbusData) refers to main.o(i.JumpToUserApplication) for JumpToUserApplication
    main.o(i.Boot_ParseReceiveModbusData) refers to usart.o(i.USART_CommunicateParaConfig) for USART_CommunicateParaConfig
    main.o(i.Boot_ParseReceiveModbusData) refers to gdflashop.o(i.GDFLASHOP_ReadDataFromChipFlash) for GDFLASHOP_ReadDataFromChipFlash
    main.o(i.Boot_ParseReceiveModbusData) refers to main.o(.data) for .data
    main.o(i.Boot_ParseReceiveModbusData) refers to main.o(.bss) for .bss
    main.o(i.GD32E103BOOT_1sOverTimePorcess) refers to gdflashop.o(i.GDFLASHOP_ReadDataFromChipFlash) for GDFLASHOP_ReadDataFromChipFlash
    main.o(i.GD32E103BOOT_1sOverTimePorcess) refers to usart.o(i.USART_CommunicateParaConfig) for USART_CommunicateParaConfig
    main.o(i.GD32E103BOOT_1sOverTimePorcess) refers to main.o(i.JumpToUserApplication) for JumpToUserApplication
    main.o(i.GD32E103BOOT_1sOverTimePorcess) refers to main.o(.data) for .data
    main.o(i.GD32E103BOOT_EraseUpgradeFlag) refers to memseta.o(.text) for __aeabi_memclr4
    main.o(i.GD32E103BOOT_EraseUpgradeFlag) refers to gdflashop.o(i.GDFLASHOP_ReadDataFromChipFlash) for GDFLASHOP_ReadDataFromChipFlash
    main.o(i.GD32E103BOOT_EraseUpgradeFlag) refers to gdflashop.o(i.GDFLASHOP_EraseSpecifiedFlashPages) for GDFLASHOP_EraseSpecifiedFlashPages
    main.o(i.GD32E103BOOT_EraseUpgradeFlag) refers to gdflashop.o(i.GDFLASHOP_WriteData2SpecifiedFlash) for GDFLASHOP_WriteData2SpecifiedFlash
    main.o(i.GD32E103BOOT_EraseUpgradeFlag) refers to main.o(.bss) for .bss
    main.o(i.GD32E103BOOT_ResourceInit) refers to gd32e10x_misc.o(i.nvic_priority_group_set) for nvic_priority_group_set
    main.o(i.GD32E103BOOT_ResourceInit) refers to gd32e103_systick.o(i.GD32E103_Systick_Config) for GD32E103_Systick_Config
    main.o(i.GD32E103BOOT_ResourceInit) refers to usart.o(i.USART_CommunicateInitial) for USART_CommunicateInitial
    main.o(i.GD32E103BOOT_ResourceInit) refers to dmaconfig.o(i.DMA_Rcv_TransDataParaConfig) for DMA_Rcv_TransDataParaConfig
    main.o(i.GD32E103BOOT_ResourceInit) refers to usart.o(i.USART_ConfigPaserParameters) for USART_ConfigPaserParameters
    main.o(i.GD32E103BOOT_ResourceInit) refers to gd32e103_systick.o(i.GD32E103_TimerSet) for GD32E103_TimerSet
    main.o(i.GD32E103BOOT_ResourceInit) refers to main.o(.bss) for .bss
    main.o(i.GD32E103BOOT_ResourceInit) refers to main.o(i.Boot_ParseReceiveModbusData) for Boot_ParseReceiveModbusData
    main.o(i.GD32E103BOOT_ResourceInit) refers to main.o(.data) for .data
    main.o(i.GD32E103BOOT_ResourceInit) refers to main.o(i.GD32E103BOOT_1sOverTimePorcess) for GD32E103BOOT_1sOverTimePorcess
    main.o(i.GD32E103BOOT_UpGradePayloadProcess) refers to commonfunctions.o(i.COMMON_Bits8Convert2Bits16) for COMMON_Bits8Convert2Bits16
    main.o(i.GD32E103BOOT_UpGradePayloadProcess) refers to commonfunctions.o(i.COMMON_Bits8Convert2Bits32) for COMMON_Bits8Convert2Bits32
    main.o(i.GD32E103BOOT_UpGradePayloadProcess) refers to memcpya.o(.text) for __aeabi_memcpy
    main.o(i.GD32E103BOOT_UpGradePayloadProcess) refers to gdflashop.o(i.GDFLASHOP_WriteData2SpecifiedFlash) for GDFLASHOP_WriteData2SpecifiedFlash
    main.o(i.GD32E103BOOT_UpGradePayloadProcess) refers to main.o(i.GD32E103BOOT_EraseUpgradeFlag) for GD32E103BOOT_EraseUpgradeFlag
    main.o(i.GD32E103BOOT_UpGradePayloadProcess) refers to main.o(.bss) for .bss
    main.o(i.GD32E103BOOT_UpGradePayloadProcess) refers to main.o(.constdata) for .constdata
    main.o(i.GD32E103BOOT_UpGradePayloadProcess) refers to main.o(.data) for .data
    main.o(i.JumpToUserApplication) refers to gd32e10x_usart.o(i.usart_disable) for usart_disable
    main.o(i.JumpToUserApplication) refers to gd32e10x_dma.o(i.dma_channel_disable) for dma_channel_disable
    main.o(i.JumpToUserApplication) refers to main.o(.data) for .data
[...]
    Removing gd32e10x_bkp.o(i.bkp_tamper_active_level_set), (20 bytes).
    Removing gd32e10x_bkp.o(i.bkp_tamper_detection_disable), (16 bytes).
    Removing gd32e10x_bkp.o(i.bkp_tamper_detection_enable), (16 bytes).
    Removing gd32e10x_crc.o(.rev16_text), (4 bytes).
    Removing gd32e10x_crc.o(.revsh_text), (4 bytes).
    Removing gd32e10x_crc.o(i.crc_block_data_calculate), (28 bytes).
    Removing gd32e10x_crc.o(i.crc_data_register_read), (12 bytes).
    Removing gd32e10x_crc.o(i.crc_data_register_reset), (16 bytes).
    Removing gd32e10x_crc.o(i.crc_deinit), (24 bytes).
    Removing gd32e10x_crc.o(i.crc_free_data_register_read), (12 bytes).
    Removing gd32e10x_crc.o(i.crc_free_data_register_write), (12 bytes).
    Removing gd32e10x_crc.o(i.crc_single_data_calculate), (12 bytes).
    Removing gd32e10x_ctc.o(.rev16_text), (4 bytes).
    Removing gd32e10x_ctc.o(.revsh_text), (4 bytes).
    Removing gd32e10x_ctc.o(i.ctc_clock_limit_value_config), (24 bytes).
    Removing gd32e10x_ctc.o(i.ctc_counter_capture_value_read), (12 bytes).
    Removing gd32e10x_ctc.o(i.ctc_counter_direction_read), (20 bytes).
    Removing gd32e10x_ctc.o(i.ctc_counter_disable), (16 bytes).
    Removing gd32e10x_ctc.o(i.ctc_counter_enable), (16 bytes).
    Removing gd32e10x_ctc.o(i.ctc_counter_reload_value_config), (24 bytes).
    Removing gd32e10x_ctc.o(i.ctc_counter_reload_value_read), (12 bytes).
    Removing gd32e10x_ctc.o(i.ctc_deinit), (22 bytes).
    Removing gd32e10x_ctc.o(i.ctc_flag_clear), (32 bytes).
    Removing gd32e10x_ctc.o(i.ctc_flag_get), (20 bytes).
    Removing gd32e10x_ctc.o(i.ctc_hardware_trim_mode_config), (24 bytes).
    Removing gd32e10x_ctc.o(i.ctc_interrupt_disable), (16 bytes).
    Removing gd32e10x_ctc.o(i.ctc_interrupt_enable), (16 bytes).
    Removing gd32e10x_ctc.o(i.ctc_interrupt_flag_clear), (32 bytes).
    Removing gd32e10x_ctc.o(i.ctc_interrupt_flag_get), (44 bytes).
    Removing gd32e10x_ctc.o(i.ctc_irc48m_trim_value_config), (24 bytes).
    Removing gd32e10x_ctc.o(i.ctc_irc48m_trim_value_read), (16 bytes).
    Removing gd32e10x_ctc.o(i.ctc_refsource_polarity_config), (24 bytes).
    Removing gd32e10x_ctc.o(i.ctc_refsource_prescaler_config), (24 bytes).
    Removing gd32e10x_ctc.o(i.ctc_refsource_signal_select), (24 bytes).
    Removing gd32e10x_ctc.o(i.ctc_software_refsource_pulse_generate), (16 bytes).
    Removing gd32e10x_dac.o(.rev16_text), (4 bytes).
    Removing gd32e10x_dac.o(.revsh_text), (4 bytes).
    Removing gd32e10x_dac.o(i.dac_concurrent_data_set), (44 bytes).
    Removing gd32e10x_dac.o(i.dac_concurrent_disable), (16 bytes).
    Removing gd32e10x_dac.o(i.dac_concurrent_enable), (16 bytes).
    Removing gd32e10x_dac.o(i.dac_concurrent_output_buffer_disable), (16 bytes).
    Removing gd32e10x_dac.o(i.dac_concurrent_output_buffer_enable), (16 bytes).
    Removing gd32e10x_dac.o(i.dac_concurrent_software_trigger_disable), (16 bytes).
    Removing gd32e10x_dac.o(i.dac_concurrent_software_trigger_enable), (16 bytes).
    Removing gd32e10x_dac.o(i.dac_data_set), (64 bytes).
    Removing gd32e10x_dac.o(i.dac_deinit), (22 bytes).
    Removing gd32e10x_dac.o(i.dac_disable), (28 bytes).
    Removing gd32e10x_dac.o(i.dac_dma_disable), (28 bytes).
    Removing gd32e10x_dac.o(i.dac_dma_enable), (28 bytes).
    Removing gd32e10x_dac.o(i.dac_enable), (28 bytes).
    Removing gd32e10x_dac.o(i.dac_lfsr_noise_config), (40 bytes).
    Removing gd32e10x_dac.o(i.dac_output_buffer_disable), (28 bytes).
    Removing gd32e10x_dac.o(i.dac_output_buffer_enable), (28 bytes).
    Removing gd32e10x_dac.o(i.dac_output_value_get), (20 bytes).
    Removing gd32e10x_dac.o(i.dac_software_trigger_disable), (28 bytes).
    Removing gd32e10x_dac.o(i.dac_software_trigger_enable), (28 bytes).
    Removing gd32e10x_dac.o(i.dac_triangle_noise_config), (40 bytes).
    Removing gd32e10x_dac.o(i.dac_trigger_disable), (28 bytes).
    Removing gd32e10x_dac.o(i.dac_trigger_enable), (28 bytes).
    Removing gd32e10x_dac.o(i.dac_trigger_source_config), (40 bytes).
    Removing gd32e10x_dac.o(i.dac_wave_bit_width_config), (40 bytes).
    Removing gd32e10x_dac.o(i.dac_wave_mode_config), (40 bytes).
    Removing gd32e10x_dbg.o(.rev16_text), (4 bytes).
    Removing gd32e10x_dbg.o(.revsh_text), (4 bytes).
    Removing gd32e10x_dbg.o(i.dbg_id_get), (12 bytes).
    Removing gd32e10x_dbg.o(i.dbg_low_power_disable), (16 bytes).
    Removing gd32e10x_dbg.o(i.dbg_low_power_enable), (16 bytes).
    Removing gd32e10x_dbg.o(i.dbg_periph_disable), (16 bytes).
    Removing gd32e10x_dbg.o(i.dbg_periph_enable), (16 bytes).
    Removing gd32e10x_dbg.o(i.dbg_trace_pin_disable), (16 bytes).
    Removing gd32e10x_dbg.o(i.dbg_trace_pin_enable), (16 bytes).
    Removing gd32e10x_dbg.o(i.dbg_trace_pin_mode_set), (24 bytes).
    Removing gd32e10x_dma.o(.rev16_text), (4 bytes).
    Removing gd32e10x_dma.o(.revsh_text), (4 bytes).
    Removing gd32e10x_dma.o(i.dma_flag_clear), (12 bytes).
    Removing gd32e10x_dma.o(i.dma_flag_get), (14 bytes).
    Removing gd32e10x_dma.o(i.dma_memory_address_config), (28 bytes).
    Removing gd32e10x_dma.o(i.dma_memory_increase_disable), (32 bytes).
    Removing gd32e10x_dma.o(i.dma_memory_increase_enable), (32 bytes).
    Removing gd32e10x_dma.o(i.dma_memory_to_memory_enable), (32 bytes).
    Removing gd32e10x_dma.o(i.dma_memory_width_config), (36 bytes).
    Removing gd32e10x_dma.o(i.dma_periph_address_config), (28 bytes).
    Removing gd32e10x_dma.o(i.dma_periph_increase_disable), (32 bytes).
    Removing gd32e10x_dma.o(i.dma_periph_increase_enable), (32 bytes).
    Removing gd32e10x_dma.o(i.dma_periph_width_config), (36 bytes).
    Removing gd32e10x_dma.o(i.dma_priority_config), (36 bytes).
    Removing gd32e10x_dma.o(i.dma_transfer_direction_config), (42 bytes).
    Removing gd32e10x_exmc.o(.rev16_text), (4 bytes).
    Removing gd32e10x_exmc.o(.revsh_text), (4 bytes).
    Removing gd32e10x_exmc.o(i.exmc_norsram_deinit), (22 bytes).
    Removing gd32e10x_exmc.o(i.exmc_norsram_disable), (14 bytes).
    Removing gd32e10x_exmc.o(i.exmc_norsram_enable), (14 bytes).
    Removing gd32e10x_exmc.o(i.exmc_norsram_init), (224 bytes).
    Removing gd32e10x_exmc.o(i.exmc_norsram_page_size_config), (20 bytes).
    Removing gd32e10x_exmc.o(i.exmc_norsram_struct_para_init), (92 bytes).
    Removing gd32e10x_exti.o(.rev16_text), (4 bytes).
    Removing gd32e10x_exti.o(.revsh_text), (4 bytes).
    Removing gd32e10x_exti.o(i.exti_deinit), (28 bytes).
    Removing gd32e10x_exti.o(i.exti_event_disable), (16 bytes).
    Removing gd32e10x_exti.o(i.exti_event_enable), (16 bytes).
    Removing gd32e10x_exti.o(i.exti_flag_clear), (12 bytes).
    Removing gd32e10x_exti.o(i.exti_flag_get), (20 bytes).
    Removing gd32e10x_exti.o(i.exti_init), (104 bytes).
    Removing gd32e10x_exti.o(i.exti_interrupt_disable), (16 bytes).
    Removing gd32e10x_exti.o(i.exti_interrupt_enable), (16 bytes).
    Removing gd32e10x_exti.o(i.exti_interrupt_flag_clear), (12 bytes).
    Removing gd32e10x_exti.o(i.exti_interrupt_flag_get), (36 bytes).
    Removing gd32e10x_exti.o(i.exti_software_interrupt_disable), (16 bytes).
    Removing gd32e10x_exti.o(i.exti_software_interrupt_enable), (16 bytes).
    Removing gd32e10x_fmc.o(.rev16_text), (4 bytes).
    Removing gd32e10x_fmc.o(.revsh_text), (4 bytes).
    Removing gd32e10x_fmc.o(i.fmc_dbus_disable), (16 bytes).
    Removing gd32e10x_fmc.o(i.fmc_dbus_enable), (16 bytes).
    Removing gd32e10x_fmc.o(i.fmc_dbus_reset), (16 bytes).
    Removing gd32e10x_fmc.o(i.fmc_doubleword_program), (76 bytes).
    Removing gd32e10x_fmc.o(i.fmc_flag_get), (20 bytes).
    Removing gd32e10x_fmc.o(i.fmc_ibus_disable), (16 bytes).
    Removing gd32e10x_fmc.o(i.fmc_ibus_enable), (16 bytes).
    Removing gd32e10x_fmc.o(i.fmc_ibus_reset), (16 bytes).
    Removing gd32e10x_fmc.o(i.fmc_interrupt_disable), (16 bytes).
    Removing gd32e10x_fmc.o(i.fmc_interrupt_enable), (16 bytes).
    Removing gd32e10x_fmc.o(i.fmc_interrupt_flag_clear), (12 bytes).
    Removing gd32e10x_fmc.o(i.fmc_interrupt_flag_get), (20 bytes).
    Removing gd32e10x_fmc.o(i.fmc_mass_erase), (56 bytes).
    Removing gd32e10x_fmc.o(i.fmc_prefetch_disable), (16 bytes).
    Removing gd32e10x_fmc.o(i.fmc_prefetch_enable), (16 bytes).
    Removing gd32e10x_fmc.o(i.fmc_program_width_set), (20 bytes).
    Removing gd32e10x_fmc.o(i.fmc_wscnt_set), (20 bytes).
    Removing gd32e10x_fmc.o(i.ob_data_get), (16 bytes).
    Removing gd32e10x_fmc.o(i.ob_data_program), (160 bytes).
    Removing gd32e10x_fmc.o(i.ob_erase), (112 bytes).
    Removing gd32e10x_fmc.o(i.ob_lock), (16 bytes).
    Removing gd32e10x_fmc.o(i.ob_security_protection_config), (160 bytes).
    Removing gd32e10x_fmc.o(i.ob_security_protection_flag_get), (20 bytes).
    Removing gd32e10x_fmc.o(i.ob_unlock), (32 bytes).
    Removing gd32e10x_fmc.o(i.ob_user_get), (16 bytes).
    Removing gd32e10x_fmc.o(i.ob_user_write), (172 bytes).
    Removing gd32e10x_fmc.o(i.ob_write_protection_enable), (176 bytes).
    Removing gd32e10x_fmc.o(i.ob_write_protection_get), (12 bytes).
    Removing gd32e10x_fwdgt.o(.rev16_text), (4 bytes).
    Removing gd32e10x_fwdgt.o(.revsh_text), (4 bytes).
    Removing gd32e10x_fwdgt.o(i.fwdgt_config), (80 bytes).
    Removing gd32e10x_fwdgt.o(i.fwdgt_counter_reload), (16 bytes).
    Removing gd32e10x_fwdgt.o(i.fwdgt_enable), (16 bytes).
    Removing gd32e10x_fwdgt.o(i.fwdgt_flag_get), (20 bytes).
    Removing gd32e10x_fwdgt.o(i.fwdgt_write_disable), (12 bytes).
    Removing gd32e10x_fwdgt.o(i.fwdgt_write_enable), (16 bytes).
    Removing gd32e10x_gpio.o(.rev16_text), (4 bytes).
    Removing gd32e10x_gpio.o(.revsh_text), (4 bytes).
    Removing gd32e10x_gpio.o(i.gpio_afio_deinit), (22 bytes).
    Removing gd32e10x_gpio.o(i.gpio_bit_reset), (4 bytes).
    Removing gd32e10x_gpio.o(i.gpio_bit_set), (4 bytes).
    Removing gd32e10x_gpio.o(i.gpio_bit_write), (10 bytes).
    Removing gd32e10x_gpio.o(i.gpio_compensation_config), (20 bytes).
    Removing gd32e10x_gpio.o(i.gpio_compensation_flag_get), (20 bytes).
    Removing gd32e10x_gpio.o(i.gpio_deinit), (88 bytes).
    Removing gd32e10x_gpio.o(i.gpio_event_output_config), (24 bytes).
    Removing gd32e10x_gpio.o(i.gpio_event_output_disable), (16 bytes).
    Removing gd32e10x_gpio.o(i.gpio_event_output_enable), (16 bytes).
    Removing gd32e10x_gpio.o(i.gpio_exti_source_select), (88 bytes).
    Removing gd32e10x_gpio.o(i.gpio_input_bit_get), (10 bytes).
    Removing gd32e10x_gpio.o(i.gpio_input_port_get), (6 bytes).
    Removing gd32e10x_gpio.o(i.gpio_output_bit_get), (10 bytes).
    Removing gd32e10x_gpio.o(i.gpio_output_port_get), (6 bytes).
    Removing gd32e10x_gpio.o(i.gpio_pin_lock), (16 bytes).
    Removing gd32e10x_gpio.o(i.gpio_pin_remap_config), (88 bytes).
    Removing gd32e10x_gpio.o(i.gpio_port_write), (4 bytes).
    Removing gd32e10x_i2c.o(.rev16_text), (4 bytes).
    Removing gd32e10x_i2c.o(.revsh_text), (4 bytes).
    Removing gd32e10x_i2c.o(i.i2c_ack_config), (20 bytes).
    Removing gd32e10x_i2c.o(i.i2c_ackpos_config), (20 bytes).
    Removing gd32e10x_i2c.o(i.i2c_clock_config), (256 bytes).
    Removing gd32e10x_i2c.o(i.i2c_data_receive), (6 bytes).
    Removing gd32e10x_i2c.o(i.i2c_data_transmit), (4 bytes).
    Removing gd32e10x_i2c.o(i.i2c_deinit), (48 bytes).
    Removing gd32e10x_i2c.o(i.i2c_disable), (10 bytes).
    Removing gd32e10x_i2c.o(i.i2c_dma_enable), (12 bytes).
    Removing gd32e10x_i2c.o(i.i2c_dma_last_transfer_config), (12 bytes).
    Removing gd32e10x_i2c.o(i.i2c_dualaddr_disable), (10 bytes).
    Removing gd32e10x_i2c.o(i.i2c_dualaddr_enable), (12 bytes).
    Removing gd32e10x_i2c.o(i.i2c_enable), (10 bytes).
    Removing gd32e10x_i2c.o(i.i2c_flag_clear), (34 bytes).
    Removing gd32e10x_i2c.o(i.i2c_flag_get), (22 bytes).
    Removing gd32e10x_i2c.o(i.i2c_interrupt_disable), (20 bytes).
    Removing gd32e10x_i2c.o(i.i2c_interrupt_enable), (20 bytes).
    Removing gd32e10x_i2c.o(i.i2c_interrupt_flag_clear), (36 bytes).
    Removing gd32e10x_i2c.o(i.i2c_interrupt_flag_get), (84 bytes).
    Removing gd32e10x_i2c.o(i.i2c_master_addressing), (18 bytes).
    Removing gd32e10x_i2c.o(i.i2c_mode_addr_config), (22 bytes).
    Removing gd32e10x_i2c.o(i.i2c_pec_enable), (12 bytes).
    Removing gd32e10x_i2c.o(i.i2c_pec_transfer_enable), (12 bytes).
    Removing gd32e10x_i2c.o(i.i2c_pec_value_get), (8 bytes).
    Removing gd32e10x_i2c.o(i.i2c_sam_disable), (12 bytes).
    Removing gd32e10x_i2c.o(i.i2c_sam_enable), (12 bytes).
    Removing gd32e10x_i2c.o(i.i2c_sam_timeout_disable), (12 bytes).
    Removing gd32e10x_i2c.o(i.i2c_sam_timeout_enable), (12 bytes).
    Removing gd32e10x_i2c.o(i.i2c_slave_response_to_gcall_config), (12 bytes).
    Removing gd32e10x_i2c.o(i.i2c_smbus_arp_enable), (12 bytes).
    Removing gd32e10x_i2c.o(i.i2c_smbus_issue_alert), (12 bytes).
    Removing gd32e10x_i2c.o(i.i2c_smbus_type_config), (20 bytes).
    Removing gd32e10x_i2c.o(i.i2c_software_reset_config), (12 bytes).
    Removing gd32e10x_i2c.o(i.i2c_start_on_bus), (10 bytes).
    Removing gd32e10x_i2c.o(i.i2c_stop_on_bus), (10 bytes).
    Removing gd32e10x_i2c.o(i.i2c_stretch_scl_low_config), (12 bytes).
    Removing gd32e10x_misc.o(.rev16_text), (4 bytes).
    Removing gd32e10x_misc.o(.revsh_text), (4 bytes).
    Removing gd32e10x_misc.o(i.nvic_irq_disable), (22 bytes).
    Removing gd32e10x_misc.o(i.system_lowpower_reset), (16 bytes).
    Removing gd32e10x_misc.o(i.system_lowpower_set), (16 bytes).
    Removing gd32e10x_misc.o(i.systick_clksource_set), (24 bytes).
    Removing gd32e10x_pmu.o(.rev16_text), (4 bytes).
    Removing gd32e10x_pmu.o(.revsh_text), (4 bytes).
    Removing gd32e10x_pmu.o(i.pmu_backup_write_disable), (16 bytes).
    Removing gd32e10x_pmu.o(i.pmu_backup_write_enable), (16 bytes).
    Removing gd32e10x_pmu.o(i.pmu_deinit), (22 bytes).
    Removing gd32e10x_pmu.o(i.pmu_flag_clear), (32 bytes).
    Removing gd32e10x_pmu.o(i.pmu_flag_get), (20 bytes).
    Removing gd32e10x_pmu.o(i.pmu_ldo_output_select), (24 bytes).
    Removing gd32e10x_pmu.o(i.pmu_lvd_disable), (16 bytes).
    Removing gd32e10x_pmu.o(i.pmu_lvd_select), (40 bytes).
    Removing gd32e10x_pmu.o(i.pmu_to_deepsleepmode), (148 bytes).
    Removing gd32e10x_pmu.o(i.pmu_to_sleepmode), (24 bytes).
    Removing gd32e10x_pmu.o(i.pmu_to_standbymode), (48 bytes).
    Removing gd32e10x_pmu.o(i.pmu_wakeup_pin_disable), (16 bytes).
    Removing gd32e10x_pmu.o(i.pmu_wakeup_pin_enable), (16 bytes).
    Removing gd32e10x_pmu.o(.bss), (16 bytes).
    Removing gd32e10x_rcu.o(.rev16_text), (4 bytes).
    Removing gd32e10x_rcu.o(.revsh_text), (4 bytes).
    Removing gd32e10x_rcu.o(i.rcu_adc_clock_config), (84 bytes).
    Removing gd32e10x_rcu.o(i.rcu_ahb_clock_config), (20 bytes).
    Removing gd32e10x_rcu.o(i.rcu_all_reset_flag_clear), (16 bytes).
    Removing gd32e10x_rcu.o(i.rcu_apb1_clock_config), (20 bytes).
    Removing gd32e10x_rcu.o(i.rcu_apb2_clock_config), (20 bytes).
    Removing gd32e10x_rcu.o(i.rcu_bkp_reset_disable), (16 bytes).
    Removing gd32e10x_rcu.o(i.rcu_bkp_reset_enable), (16 bytes).
    Removing gd32e10x_rcu.o(i.rcu_ck48m_clock_config), (20 bytes).
    Removing gd32e10x_rcu.o(i.rcu_ckout0_config), (20 bytes).
    Removing gd32e10x_rcu.o(i.rcu_deepsleep_voltage_set), (16 bytes).
    Removing gd32e10x_rcu.o(i.rcu_deinit), (84 bytes).
    Removing gd32e10x_rcu.o(i.rcu_flag_get), (32 bytes).
    Removing gd32e10x_rcu.o(i.rcu_hxtal_clock_monitor_disable), (16 bytes).
    Removing gd32e10x_rcu.o(i.rcu_hxtal_clock_monitor_enable), (16 bytes).
    Removing gd32e10x_rcu.o(i.rcu_i2s1_clock_config), (20 bytes).
    Removing gd32e10x_rcu.o(i.rcu_i2s2_clock_config), (20 bytes).
    Removing gd32e10x_rcu.o(i.rcu_interrupt_disable), (28 bytes).
    Removing gd32e10x_rcu.o(i.rcu_interrupt_enable), (28 bytes).
    Removing gd32e10x_rcu.o(i.rcu_interrupt_flag_clear), (28 bytes).
    Removing gd32e10x_rcu.o(i.rcu_interrupt_flag_get), (32 bytes).
    Removing gd32e10x_rcu.o(i.rcu_irc8m_adjust_value_set), (24 bytes).
    Removing gd32e10x_rcu.o(i.rcu_lxtal_drive_capability_config), (20 bytes).
    Removing gd32e10x_rcu.o(i.rcu_osci_bypass_mode_disable), (64 bytes).
    Removing gd32e10x_rcu.o(i.rcu_osci_bypass_mode_enable), (64 bytes).
    Removing gd32e10x_rcu.o(i.rcu_osci_off), (28 bytes).
    Removing gd32e10x_rcu.o(i.rcu_osci_on), (28 bytes).
    Removing gd32e10x_rcu.o(i.rcu_osci_stab_wait), (236 bytes).
    Removing gd32e10x_rcu.o(i.rcu_periph_clock_disable), (28 bytes).
    Removing gd32e10x_rcu.o(i.rcu_periph_clock_sleep_disable), (28 bytes).
    Removing gd32e10x_rcu.o(i.rcu_periph_clock_sleep_enable), (28 bytes).
    Removing gd32e10x_rcu.o(i.rcu_pll1_config), (24 bytes).
    Removing gd32e10x_rcu.o(i.rcu_pll2_config), (24 bytes).
    Removing gd32e10x_rcu.o(i.rcu_pll_config), (28 bytes).
    Removing gd32e10x_rcu.o(i.rcu_pllpresel_config), (20 bytes).
    Removing gd32e10x_rcu.o(i.rcu_predv0_config), (28 bytes).
    Removing gd32e10x_rcu.o(i.rcu_predv1_config), (20 bytes).
    Removing gd32e10x_rcu.o(i.rcu_rtc_clock_config), (20 bytes).
    Removing gd32e10x_rcu.o(i.rcu_system_clock_source_config), (20 bytes).
    Removing gd32e10x_rcu.o(i.rcu_system_clock_source_get), (16 bytes).
    Removing gd32e10x_rcu.o(i.rcu_usb_clock_config), (20 bytes).
    Removing gd32e10x_rtc.o(.rev16_text), (4 bytes).
    Removing gd32e10x_rtc.o(.revsh_text), (4 bytes).
    Removing gd32e10x_rtc.o(i.rtc_alarm_config), (32 bytes).
    Removing gd32e10x_rtc.o(i.rtc_configuration_mode_enter), (16 bytes).
    Removing gd32e10x_rtc.o(i.rtc_configuration_mode_exit), (16 bytes).
    Removing gd32e10x_rtc.o(i.rtc_counter_get), (20 bytes).
    Removing gd32e10x_rtc.o(i.rtc_counter_set), (32 bytes).
    Removing gd32e10x_rtc.o(i.rtc_divider_get), (24 bytes).
    Removing gd32e10x_rtc.o(i.rtc_flag_clear), (16 bytes).
    Removing gd32e10x_rtc.o(i.rtc_flag_get), (20 bytes).
    Removing gd32e10x_rtc.o(i.rtc_interrupt_disable), (16 bytes).
    Removing gd32e10x_rtc.o(i.rtc_interrupt_enable), (16 bytes).
    Removing gd32e10x_rtc.o(i.rtc_interrupt_flag_clear), (16 bytes).
    Removing gd32e10x_rtc.o(i.rtc_interrupt_flag_get), (20 bytes).
    Removing gd32e10x_rtc.o(i.rtc_lwoff_wait), (16 bytes).
    Removing gd32e10x_rtc.o(i.rtc_prescaler_set), (36 bytes).
    Removing gd32e10x_rtc.o(i.rtc_register_sync_wait), (24 bytes).
    Removing gd32e10x_spi.o(.rev16_text), (4 bytes).
    Removing gd32e10x_spi.o(.revsh_text), (4 bytes).
    Removing gd32e10x_spi.o(i.i2s_disable), (10 bytes).
    Removing gd32e10x_spi.o(i.i2s_enable), (10 bytes).
    Removing gd32e10x_spi.o(i.i2s_init), (24 bytes).
    Removing gd32e10x_spi.o(i.i2s_psc_config), (200 bytes).
    Removing gd32e10x_spi.o(i.qspi_disable), (12 bytes).
    Removing gd32e10x_spi.o(i.qspi_enable), (12 bytes).
    Removing gd32e10x_spi.o(i.qspi_io23_output_disable), (12 bytes).
    Removing gd32e10x_spi.o(i.qspi_io23_output_enable), (12 bytes).
    Removing gd32e10x_spi.o(i.qspi_read_enable), (12 bytes).
    Removing gd32e10x_spi.o(i.qspi_write_enable), (12 bytes).
    Removing gd32e10x_spi.o(i.spi_bidirectional_transfer_config), (22 bytes).
    Removing gd32e10x_spi.o(i.spi_crc_error_clear), (10 bytes).
    Removing gd32e10x_spi.o(i.spi_crc_get), (12 bytes).
    Removing gd32e10x_spi.o(i.spi_crc_next), (10 bytes).
    Removing gd32e10x_spi.o(i.spi_crc_off), (10 bytes).
    Removing gd32e10x_spi.o(i.spi_crc_on), (10 bytes).
    Removing gd32e10x_spi.o(i.spi_crc_polynomial_get), (6 bytes).
    Removing gd32e10x_spi.o(i.spi_crc_polynomial_set), (12 bytes).
    Removing gd32e10x_spi.o(i.spi_disable), (10 bytes).
    Removing gd32e10x_spi.o(i.spi_dma_disable), (20 bytes).
    Removing gd32e10x_spi.o(i.spi_dma_enable), (20 bytes).
    Removing gd32e10x_spi.o(i.spi_enable), (10 bytes).
    Removing gd32e10x_spi.o(i.spi_i2s_data_frame_format_config), (16 bytes).
    Removing gd32e10x_spi.o(i.spi_i2s_data_receive), (6 bytes).
    Removing gd32e10x_spi.o(i.spi_i2s_data_transmit), (4 bytes).
    Removing gd32e10x_spi.o(i.spi_i2s_deinit), (60 bytes).
    Removing gd32e10x_spi.o(i.spi_i2s_flag_get), (10 bytes).
    Removing gd32e10x_spi.o(i.spi_i2s_interrupt_disable), (36 bytes).
    Removing gd32e10x_spi.o(i.spi_i2s_interrupt_enable), (36 bytes).
    Removing gd32e10x_spi.o(i.spi_i2s_interrupt_flag_get), (84 bytes).
    Removing gd32e10x_spi.o(i.spi_init), (46 bytes).
    Removing gd32e10x_spi.o(i.spi_nss_internal_high), (10 bytes).
    Removing gd32e10x_spi.o(i.spi_nss_internal_low), (10 bytes).
    Removing gd32e10x_spi.o(i.spi_nss_output_disable), (10 bytes).
    Removing gd32e10x_spi.o(i.spi_nss_output_enable), (10 bytes).
    Removing gd32e10x_spi.o(i.spi_nssp_mode_disable), (10 bytes).
    Removing gd32e10x_spi.o(i.spi_nssp_mode_enable), (10 bytes).
    Removing gd32e10x_spi.o(i.spi_struct_para_init), (16 bytes).
    Removing gd32e10x_spi.o(i.spi_ti_mode_disable), (10 bytes).
    Removing gd32e10x_spi.o(i.spi_ti_mode_enable), (10 bytes).
    Removing gd32e10x_timer.o(.rev16_text), (4 bytes).
    Removing gd32e10x_timer.o(.revsh_text), (4 bytes).
    Removing gd32e10x_timer.o(i.timer_auto_reload_shadow_disable), (10 bytes).
    Removing gd32e10x_timer.o(i.timer_auto_reload_shadow_enable), (10 bytes).
    Removing gd32e10x_timer.o(i.timer_automatic_output_disable), (10 bytes).
    Removing gd32e10x_timer.o(i.timer_automatic_output_enable), (10 bytes).
    Removing gd32e10x_timer.o(i.timer_autoreload_value_config), (4 bytes).
    Removing gd32e10x_timer.o(i.timer_break_config), (32 bytes).
    Removing gd32e10x_timer.o(i.timer_break_disable), (10 bytes).
    Removing gd32e10x_timer.o(i.timer_break_enable), (10 bytes).
    Removing gd32e10x_timer.o(i.timer_break_struct_para_init), (18 bytes).
    Removing gd32e10x_timer.o(i.timer_channel_capture_value_register_read), (34 bytes).
    Removing gd32e10x_timer.o(i.timer_channel_complementary_output_polarity_config), (58 bytes).
    Removing gd32e10x_timer.o(i.timer_channel_complementary_output_state_config), (58 bytes).
    Removing gd32e10x_timer.o(i.timer_channel_control_shadow_config), (20 bytes).
    Removing gd32e10x_timer.o(i.timer_channel_control_shadow_update_config), (24 bytes).
    Removing gd32e10x_timer.o(i.timer_channel_dma_request_source_select), (26 bytes).
    Removing gd32e10x_timer.o(i.timer_channel_input_capture_prescaler_config), (78 bytes).
    Removing gd32e10x_timer.o(i.timer_channel_input_struct_para_init), (14 bytes).
    Removing gd32e10x_timer.o(i.timer_channel_output_clear_config), (78 bytes).
    Removing gd32e10x_timer.o(i.timer_channel_output_config), (468 bytes).
    Removing gd32e10x_timer.o(i.timer_channel_output_fast_config), (78 bytes).
    Removing gd32e10x_timer.o(i.timer_channel_output_mode_config), (78 bytes).
    Removing gd32e10x_timer.o(i.timer_channel_output_polarity_config), (78 bytes).
    Removing gd32e10x_timer.o(i.timer_channel_output_pulse_value_config), (30 bytes).
    Removing gd32e10x_timer.o(i.timer_channel_output_shadow_config), (78 bytes).
    Removing gd32e10x_timer.o(i.timer_channel_output_state_config), (78 bytes).
    Removing gd32e10x_timer.o(i.timer_channel_output_struct_para_init), (16 bytes).
    Removing gd32e10x_timer.o(i.timer_counter_alignment), (16 bytes).
    Removing gd32e10x_timer.o(i.timer_counter_down_direction), (10 bytes).
    Removing gd32e10x_timer.o(i.timer_counter_read), (4 bytes).
    Removing gd32e10x_timer.o(i.timer_counter_up_direction), (10 bytes).
    Removing gd32e10x_timer.o(i.timer_dma_disable), (8 bytes).
    Removing gd32e10x_timer.o(i.timer_dma_enable), (8 bytes).
    Removing gd32e10x_timer.o(i.timer_dma_transfer_config), (22 bytes).
    Removing gd32e10x_timer.o(i.timer_event_software_generate), (8 bytes).
    Removing gd32e10x_timer.o(i.timer_external_clock_mode0_config), (26 bytes).
    Removing gd32e10x_timer.o(i.timer_external_clock_mode1_config), (18 bytes).
    Removing gd32e10x_timer.o(i.timer_external_clock_mode1_disable), (10 bytes).
    Removing gd32e10x_timer.o(i.timer_external_trigger_as_external_clock_config), (156 bytes).
    Removing gd32e10x_timer.o(i.timer_external_trigger_config), (28 bytes).
    Removing gd32e10x_timer.o(i.timer_hall_mode_config), (26 bytes).
    Removing gd32e10x_timer.o(i.timer_input_capture_config), (300 bytes).
    Removing gd32e10x_timer.o(i.timer_input_pwm_capture_config), (334 bytes).
    Removing gd32e10x_timer.o(i.timer_input_trigger_source_select), (16 bytes).
    Removing gd32e10x_timer.o(i.timer_internal_clock_config), (10 bytes).
    Removing gd32e10x_timer.o(i.timer_internal_trigger_as_external_clock_config), (26 bytes).
    Removing gd32e10x_timer.o(i.timer_interrupt_flag_clear), (6 bytes).
    Removing gd32e10x_timer.o(i.timer_interrupt_flag_get), (20 bytes).
    Removing gd32e10x_timer.o(i.timer_master_output_trigger_source_select), (16 bytes).
    Removing gd32e10x_timer.o(i.timer_master_slave_mode_config), (26 bytes).
    Removing gd32e10x_timer.o(i.timer_output_value_selection_config), (30 bytes).
    Removing gd32e10x_timer.o(i.timer_prescaler_config), (16 bytes).
    Removing gd32e10x_timer.o(i.timer_prescaler_read), (6 bytes).
    Removing gd32e10x_timer.o(i.timer_primary_output_config), (20 bytes).
    Removing gd32e10x_timer.o(i.timer_quadrature_decoder_mode_config), (64 bytes).
    Removing gd32e10x_timer.o(i.timer_repetition_value_config), (4 bytes).
    Removing gd32e10x_timer.o(i.timer_single_pulse_mode_config), (26 bytes).
    Removing gd32e10x_timer.o(i.timer_slave_mode_select), (16 bytes).
    Removing gd32e10x_timer.o(i.timer_update_event_disable), (10 bytes).
    Removing gd32e10x_timer.o(i.timer_update_event_enable), (10 bytes).
    Removing gd32e10x_timer.o(i.timer_update_source_config), (26 bytes).
    Removing gd32e10x_timer.o(i.timer_write_chxval_register_config), (30 bytes).
    Removing gd32e10x_usart.o(.rev16_text), (4 bytes).
    Removing gd32e10x_usart.o(.revsh_text), (4 bytes).
    Removing gd32e10x_usart.o(i.usart_address_config), (20 bytes).
    Removing gd32e10x_usart.o(i.usart_block_length_config), (20 bytes).
    Removing gd32e10x_usart.o(i.usart_data_first_config), (14 bytes).
    Removing gd32e10x_usart.o(i.usart_data_transmit), (8 bytes).
    Removing gd32e10x_usart.o(i.usart_deinit), (88 bytes).
    Removing gd32e10x_usart.o(i.usart_guard_time_config), (24 bytes).
    Removing gd32e10x_usart.o(i.usart_halfduplex_disable), (10 bytes).
    Removing gd32e10x_usart.o(i.usart_halfduplex_enable), (10 bytes).
    Removing gd32e10x_usart.o(i.usart_hardware_flow_coherence_config), (22 bytes).
    Removing gd32e10x_usart.o(i.usart_interrupt_disable), (20 bytes).
    Removing gd32e10x_usart.o(i.usart_interrupt_flag_clear), (20 bytes).
    Removing gd32e10x_usart.o(i.usart_interrupt_flag_get), (48 bytes).
    Removing gd32e10x_usart.o(i.usart_invert_config), (76 bytes).
    Removing gd32e10x_usart.o(i.usart_irda_lowpower_config), (20 bytes).
    Removing gd32e10x_usart.o(i.usart_irda_mode_disable), (10 bytes).
    Removing gd32e10x_usart.o(i.usart_irda_mode_enable), (10 bytes).
    Removing gd32e10x_usart.o(i.usart_lin_break_detection_length_config), (20 bytes).
    Removing gd32e10x_usart.o(i.usart_lin_mode_disable), (10 bytes).
    Removing gd32e10x_usart.o(i.usart_lin_mode_enable), (10 bytes).
    Removing gd32e10x_usart.o(i.usart_mute_mode_disable), (10 bytes).
    Removing gd32e10x_usart.o(i.usart_mute_mode_enable), (10 bytes).
    Removing gd32e10x_usart.o(i.usart_mute_mode_wakeup_config), (16 bytes).
    Removing gd32e10x_usart.o(i.usart_prescaler_config), (16 bytes).
    Removing gd32e10x_usart.o(i.usart_receiver_timeout_disable), (12 bytes).
    Removing gd32e10x_usart.o(i.usart_receiver_timeout_enable), (12 bytes).
    Removing gd32e10x_usart.o(i.usart_receiver_timeout_threshold_config), (18 bytes).
    Removing gd32e10x_usart.o(i.usart_send_break), (10 bytes).
    Removing gd32e10x_usart.o(i.usart_smartcard_autoretry_config), (24 bytes).
    Removing gd32e10x_usart.o(i.usart_smartcard_mode_disable), (10 bytes).
    Removing gd32e10x_usart.o(i.usart_smartcard_mode_enable), (10 bytes).
    Removing gd32e10x_usart.o(i.usart_smartcard_mode_nack_disable), (10 bytes).
    Removing gd32e10x_usart.o(i.usart_smartcard_mode_nack_enable), (10 bytes).
    Removing gd32e10x_usart.o(i.usart_synchronous_clock_config), (30 bytes).
    Removing gd32e10x_usart.o(i.usart_synchronous_clock_disable), (10 bytes).
    Removing gd32e10x_usart.o(i.usart_synchronous_clock_enable), (10 bytes).
    Removing gd32e10x_wwdgt.o(.rev16_text), (4 bytes).
    Removing gd32e10x_wwdgt.o(.revsh_text), (4 bytes).
    Removing gd32e10x_wwdgt.o(i.wwdgt_config), (44 bytes).
    Removing gd32e10x_wwdgt.o(i.wwdgt_counter_update), (24 bytes).
    Removing gd32e10x_wwdgt.o(i.wwdgt_deinit), (22 bytes).
    Removing gd32e10x_wwdgt.o(i.wwdgt_enable), (16 bytes).
    Removing gd32e10x_wwdgt.o(i.wwdgt_flag_clear), (16 bytes).
    Removing gd32e10x_wwdgt.o(i.wwdgt_flag_get), (16 bytes).
    Removing gd32e10x_wwdgt.o(i.wwdgt_interrupt_enable), (16 bytes).
    Removing startup_gd32e10x.o(HEAP), (1024 bytes).

513 unused section(s) (total 14974 bytes) removed from the image.

==============================================================================

Image Symbol Table

    Local Symbols

    Symbol Name                              Value     Ov Type        Size  Object(Section)

    ../clib/microlib/init/entry.s            0x00000000   Number         0  entry8a.o ABSOLUTE
    ../clib/microlib/init/entry.s            0x00000000   Number         0  entry8b.o ABSOLUTE
    ../clib/microlib/init/entry.s            0x00000000   Number         0  entry.o ABSOLUTE
    ../clib/microlib/init/entry.s            0x00000000   Number         0  entry11b.o ABSOLUTE
    ../clib/microlib/init/entry.s            0x00000000   Number         0  entry11a.o ABSOLUTE
    ../clib/microlib/init/entry.s            0x00000000   Number         0  entry10b.o ABSOLUTE
    ../clib/microlib/init/entry.s            0x00000000   Number         0  entry2.o ABSOLUTE
    ../clib/microlib/init/entry.s            0x00000000   Number         0  entry5.o ABSOLUTE
    ../clib/microlib/init/entry.s            0x00000000   Number         0  entry10a.o ABSOLUTE
    ../clib/microlib/init/entry.s            0x00000000   Number         0  entry9b.o ABSOLUTE
    ../clib/microlib/init/entry.s            0x00000000   Number         0  entry7a.o ABSOLUTE
    ../clib/microlib/init/entry.s            0x00000000   Number         0  entry7b.o ABSOLUTE
    ../clib/microlib/init/entry.s            0x00000000   Number         0  entry9a.o ABSOLUTE
    ../clib/microlib/string/memcpy.c         0x00000000   Number         0  memcpya.o ABSOLUTE
    ../clib/microlib/string/memcpy.c         0x00000000   Number         0  memcpyb.o ABSOLUTE
    ../clib/microlib/string/memset.c         0x00000000   Number         0  memseta.o ABSOLUTE
    ..\APP\CommonFunctions.c                 0x00000000   Number         0  commonfunctions.o ABSOLUTE
    ..\APP\DmaConfig.c                       0x00000000   Number         0  dmaconfig.o ABSOLUTE
    ..\APP\GD32e103_Systick.C                0x00000000   Number         0  gd32e103_systick.o ABSOLUTE
    ..\APP\GDFlashOP.c                       0x00000000   Number         0  gdflashop.o ABSOLUTE
    ..\APP\Usart.c                           0x00000000   Number         0  usart.o ABSOLUTE
    ..\GD32E10x_Firmware_Library\CMSIS\GD\GD32E10x\Source\ARM\startup_gd32e10x.s 0x00000000   Number         0  startup_gd32e10x.o ABSOLUTE
    ..\GD32E10x_Firmware_Library\CMSIS\GD\GD32E10x\Source\system_gd32e10x.c 0x00000000   Number         0  system_gd32e10x.o ABSOLUTE
    ..\GD32E10x_Firmware_Library\GD32E10x_standard_peripheral\Source\gd32e10x_adc.c 0x00000000   Number         0  gd32e10x_adc.o ABSOLUTE
    ..\GD32E10x_Firmware_Library\GD32E10x_standard_peripheral\Source\gd32e10x_bkp.c 0x00000000   Number         0  gd32e10x_bkp.o ABSOLUTE
    ..\GD32E10x_Firmware_Library\GD32E10x_standard_peripheral\Source\gd32e10x_crc.c 0x00000000   Number         0  gd32e10x_crc.o ABSOLUTE
    ..\GD32E10x_Firmware_Library\GD32E10x_standard_peripheral\Source\gd32e10x_ctc.c 0x00000000   Number         0  gd32e10x_ctc.o ABSOLUTE
    ..\GD32E10x_Firmware_Library\GD32E10x_standard_peripheral\Source\gd32e10x_dac.c 0x00000000   Number         0  gd32e10x_dac.o ABSOLUTE
    ..\GD32E10x_Firmware_Library\GD32E10x_standard_peripheral\Source\gd32e10x_dbg.c 0x00000000   Number         0  gd32e10x_dbg.o ABSOLUTE
    ..\GD32E10x_Firmware_Library\GD32E10x_standard_peripheral\Source\gd32e10x_dma.c 0x00000000   Number         0  gd32e10x_dma.o ABSOLUTE
    ..\GD32E10x_Firmware_Library\GD32E10x_standard_peripheral\Source\gd32e10x_exmc.c 0x00000000   Number         0  gd32e10x_exmc.o ABSOLUTE
    ..\GD32E10x_Firmware_Library\GD32E10x_standard_peripheral\Source\gd32e10x_exti.c 0x00000000   Number         0  gd32e10x_exti.o ABSOLUTE
    ..\GD32E10x_Firmware_Library\GD32E10x_standard_peripheral\Source\gd32e10x_fmc.c 0x00000000   Number         0  gd32e10x_fmc.o ABSOLUTE
    ..\GD32E10x_Firmware_Library\GD32E10x_standard_peripheral\Source\gd32e10x_fwdgt.c 0x00000000   Number         0  gd32e10x_fwdgt.o ABSOLUTE
    ..\GD32E10x_Firmware_Library\GD32E10x_standard_peripheral\Source\gd32e10x_gpio.c 0x00000000   Number         0  gd32e10x_gpio.o ABSOLUTE
    ..\GD32E10x_Firmware_Library\GD32E10x_standard_peripheral\Source\gd32e10x_i2c.c 0x00000000   Number         0  gd32e10x_i2c.o ABSOLUTE
    ..\GD32E10x_Firmware_Library\GD32E10x_standard_peripheral\Source\gd32e10x_misc.c 0x00000000   Number         0  gd32e10x_misc.o ABSOLUTE
    ..\GD32E10x_Firmware_Library\GD32E10x_standard_peripheral\Source\gd32e10x_pmu.c 0x00000000   Number         0  gd32e10x_pmu.o ABSOLUTE
    ..\GD32E10x_Firmware_Library\GD32E10x_standard_peripheral\Source\gd32e10x_rcu.c 0x00000000   Number         0  gd32e10x_rcu.o ABSOLUTE
    ..\GD32E10x_Firmware_Library\GD32E10x_standard_peripheral\Source\gd32e10x_rtc.c 0x00000000   Number         0  gd32e10x_rtc.o ABSOLUTE
    ..\GD32E10x_Firmware_Library\GD32E10x_standard_peripheral\Source\gd32e10x_spi.c 0x00000000   Number         0  gd32e10x_spi.o ABSOLUTE
    ..\GD32E10x_Firmware_Library\GD32E10x_standard_peripheral\Source\gd32e10x_timer.c 0x00000000   Number         0  gd32e10x_timer.o ABSOLUTE
    ..\GD32E10x_Firmware_Library\GD32E10x_standard_peripheral\Source\gd32e10x_usart.c 0x00000000   Number         0  gd32e10x_usart.o ABSOLUTE
    ..\GD32E10x_Firmware_Library\GD32E10x_standard_peripheral\Source\gd32e10x_wwdgt.c 0x00000000   Number         0  gd32e10x_wwdgt.o ABSOLUTE
    ..\\APP\\CommonFunctions.c               0x00000000   Number         0  commonfunctions.o ABSOLUTE
    ..\\APP\\DmaConfig.c                     0x00000000   Number         0  dmaconfig.o ABSOLUTE
    ..\\APP\\GD32e103_Systick.C              0x00000000   Number         0  gd32e103_systick.o ABSOLUTE
    ..\\APP\\GDFlashOP.c                     0x00000000   Number         0  gdflashop.o ABSOLUTE
    ..\\APP\\Usart.c                         0x00000000   Number         0  usart.o ABSOLUTE
    ..\\GD32E10x_Firmware_Library\\CMSIS\\GD\\GD32E10x\\Source\\system_gd32e10x.c 0x00000000   Number         0  system_gd32e10x.o ABSOLUTE
    ..\\GD32E10x_Firmware_Library\\GD32E10x_standard_peripheral\\Source\\gd32e10x_adc.c 0x00000000   Number         0  gd32e10x_adc.o ABSOLUTE
    ..\\GD32E10x_Firmware_Library\\GD32E10x_standard_peripheral\\Source\\gd32e10x_bkp.c 0x00000000   Number         0  gd32e10x_bkp.o ABSOLUTE
    ..\\GD32E10x_Firmware_Library\\GD32E10x_standard_peripheral\\Source\\gd32e10x_crc.c 0x00000000   Number         0  gd32e10x_crc.o ABSOLUTE
    ..\\GD32E10x_Firmware_Library\\GD32E10x_standard_peripheral\\Source\\gd32e10x_ctc.c 0x00000000   Number         0  gd32e10x_ctc.o ABSOLUTE
    ..\\GD32E10x_Firmware_Library\\GD32E10x_standard_peripheral\\Source\\gd32e10x_dac.c 0x00000000   Number         0  gd32e10x_dac.o ABSOLUTE
    ..\\GD32E10x_Firmware_Library\\GD32E10x_standard_peripheral\\Source\\gd32e10x_dbg.c 0x00000000   Number         0  gd32e10x_dbg.o ABSOLUTE
    ..\\GD32E10x_Firmware_Library\\GD32E10x_standard_peripheral\\Source\\gd32e10x_dma.c 0x00000000   Number         0  gd32e10x_dma.o ABSOLUTE
    ..\\GD32E10x_Firmware_Library\\GD32E10x_standard_peripheral\\Source\\gd32e10x_exmc.c 0x00000000   Number         0  gd32e10x_exmc.o ABSOLUTE
    ..\\GD32E10x_Firmware_Library\\GD32E10x_standard_peripheral\\Source\\gd32e10x_exti.c 0x00000000   Number         0  gd32e10x_exti.o ABSOLUTE
    ..\\GD32E10x_Firmware_Library\\GD32E10x_standard_peripheral\\Source\\gd32e10x_fmc.c 0x00000000   Number         0  gd32e10x_fmc.o ABSOLUTE
    ..\\GD32E10x_Firmware_Library\\GD32E10x_standard_peripheral\\Source\\gd32e10x_fwdgt.c 0x00000000   Number         0  gd32e10x_fwdgt.o ABSOLUTE
    ..\\GD32E10x_Firmware_Library\\GD32E10x_standard_peripheral\\Source\\gd32e10x_gpio.c 0x00000000   Number         0  gd32e10x_gpio.o ABSOLUTE
    ..\\GD32E10x_Firmware_Library\\GD32E10x_standard_peripheral\\Source\\gd32e10x_i2c.c 0x00000000   Number         0  gd32e10x_i2c.o ABSOLUTE
    ..\\GD32E10x_Firmware_Library\\GD32E10x_standard_peripheral\\Source\\gd32e10x_misc.c 0x00000000   Number         0  gd32e10x_misc.o ABSOLUTE
    ..\\GD32E10x_Firmware_Library\\GD32E10x_standard_peripheral\\Source\\gd32e10x_pmu.c 0x00000000   Number         0  gd32e10x_pmu.o ABSOLUTE
    ..\\GD32E10x_Firmware_Library\\GD32E10x_standard_peripheral\\Source\\gd32e10x_rcu.c 0x00000000   Number         0  gd32e10x_rcu.o ABSOLUTE
    ..\\GD32E10x_Firmware_Library\\GD32E10x_standard_peripheral\\Source\\gd32e10x_rtc.c 0x00000000   Number         0  gd32e10x_rtc.o ABSOLUTE
    ..\\GD32E10x_Firmware_Library\\GD32E10x_standard_peripheral\\Source\\gd32e10x_spi.c 0x00000000   Number         0  gd32e10x_spi.o ABSOLUTE
    ..\\GD32E10x_Firmware_Library\\GD32E10x_standard_peripheral\\Source\\gd32e10x_timer.c 0x00000000   Number         0  gd32e10x_timer.o ABSOLUTE
    ..\\GD32E10x_Firmware_Library\\GD32E10x_standard_peripheral\\Source\\gd32e10x_usart.c 0x00000000   Number         0  gd32e10x_usart.o ABSOLUTE
    ..\\GD32E10x_Firmware_Library\\GD32E10x_standard_peripheral\\Source\\gd32e10x_wwdgt.c 0x00000000   Number         0  gd32e10x_wwdgt.o ABSOLUTE
    ..\\main.c                               0x00000000   Number         0  main.o ABSOLUTE
    ..\main.c                                0x00000000   Number         0  main.o ABSOLUTE
    dc.s                                     0x00000000   Number         0  dc.o ABSOLUTE
    handlers.s                               0x00000000   Number         0  handlers.o ABSOLUTE
    init.s                                   0x00000000   Number         0  init.o ABSOLUTE
    RESET                                    0x08000000   Section      336  startup_gd32e10x.o(RESET)
    .ARM.Collect$$$$00000000                 0x08000150   Section        0  entry.o(.ARM.Collect$$$$00000000)
    .ARM.Collect$$$$00000001                 0x08000150   Section        4  entry2.o(.ARM.Collect$$$$00000001)
    .ARM.Collect$$$$00000004                 0x08000154   Section        4  entry5.o(.ARM.Collect$$$$00000004)
    .ARM.Collect$$$$00000008                 0x08000158   Section        0  entry7b.o(.ARM.Collect$$$$00000008)
    .ARM.Collect$$$$0000000A                 0x08000158   Section        0  entry8b.o(.ARM.Collect$$$$0000000A)
    .ARM.Collect$$$$0000000B                 0x08000158   Section        8  entry9a.o(.ARM.Collect$$$$0000000B)
    .ARM.Collect$$$$0000000D                 0x08000160   Section        0  entry10a.o(.ARM.Collect$$$$0000000D)
    .ARM.Collect$$$$0000000F                 0x08000160   Section        0  entry11a.o(.ARM.Collect$$$$0000000F)
    .ARM.Collect$$$$00002712                 0x08000160   Section        4  entry2.o(.ARM.Collect$$$$00002712)
    __lit__00000000                          0x08000160   Data           4  entry2.o(.ARM.Collect$$$$00002712)
    .text                                    0x08000164   Section       36  startup_gd32e10x.o(.text)
    $v0                                      0x08000164   Number         0  startup_gd32e10x.o(.text)
    .text                                    0x08000188   Section        0  memcpya.o(.text)
    .text                                    0x080001ac   Section        0  memseta.o(.text)
    .text                                    0x080001d0   Section       36  init.o(.text)
    i.Boot_ParseReceiveModbusData            0x080001f4   Section        0  main.o(i.Boot_ParseReceiveModbusData)
    Boot_ParseReceiveModbusData              0x080001f5   Thumb Code   268  main.o(i.Boot_ParseReceiveModbusData)
    i.COMMON_Bits16Convert2Bits8             0x08000314   Section        0  commonfunctions.o(i.COMMON_Bits16Convert2Bits8)
    i.COMMON_Bits8Convert2Bits16             0x0800032c   Section        0  commonfunctions.o(i.COMMON_Bits8Convert2Bits16)
    i.COMMON_Bits8Convert2Bits32             0x08000354   Section        0  commonfunctions.o(i.COMMON_Bits8Convert2Bits32)
    i.COMMON_ConverAscii2CommonMode          0x0800039c   Section        0  commonfunctions.o(i.COMMON_ConverAscii2CommonMode)
    i.COMMON_Convert1Byteto4Bits             0x0800040e   Section        0  commonfunctions.o(i.COMMON_Convert1Byteto4Bits)
    i.COMMON_ConvertHex2Ascii                0x0800043e   Section        0  commonfunctions.o(i.COMMON_ConvertHex2Ascii)
    i.COMMON_GeneratorLRCCheckCode           0x080004a6   Section        0  commonfunctions.o(i.COMMON_GeneratorLRCCheckCode)
    i.COMMON_GeneratorU16bitsCRCCheckCode    0x080004c0   Section        0  commonfunctions.o(i.COMMON_GeneratorU16bitsCRCCheckCode)
    i.DMA0_Channel3_IRQHandler               0x080004f4   Section        0  dmaconfig.o(i.DMA0_Channel3_IRQHandler)
    i.DMA_Rcv_TransDataParaConfig            0x0800052c   Section        0  dmaconfig.o(i.DMA_Rcv_TransDataParaConfig)
    i.GD32E103BOOT_1sOverTimePorcess         0x08000614   Section        0  main.o(i.GD32E103BOOT_1sOverTimePorcess)
    GD32E103BOOT_1sOverTimePorcess           0x08000615   Thumb Code   108  main.o(i.GD32E103BOOT_1sOverTimePorcess)
    i.GD32E103BOOT_EraseUpgradeFlag          0x08000690   Section        0  main.o(i.GD32E103BOOT_EraseUpgradeFlag)
    GD32E103BOOT_EraseUpgradeFlag            0x08000691   Thumb Code    66  main.o(i.GD32E103BOOT_EraseUpgradeFlag)
    i.GD32E103BOOT_ResourceInit              0x080006dc   Section        0  main.o(i.GD32E103BOOT_ResourceInit)
    GD32E103BOOT_ResourceInit                0x080006dd   Thumb Code   108  main.o(i.GD32E103BOOT_ResourceInit)
    i.GD32E103BOOT_UpGradePayloadProcess     0x0800075c   Section        0  main.o(i.GD32E103BOOT_UpGradePayloadProcess)
    GD32E103BOOT_UpGradePayloadProcess       0x0800075d   Thumb Code   234  main.o(i.GD32E103BOOT_UpGradePayloadProcess)
    i.GD32E103_Systick_Config                0x08000858   Section        0  gd32e103_systick.o(i.GD32E103_Systick_Config)
    i.GD32E103_Systick_TimerControlInit      0x08000890   Section        0  gd32e103_systick.o(i.GD32E103_Systick_TimerControlInit)
    GD32E103_Systick_TimerControlInit        0x08000891   Thumb Code    38  gd32e103_systick.o(i.GD32E103_Systick_TimerControlInit)
    i.GD32E103_Systick_TimerKill             0x080008bc   Section        0  gd32e103_systick.o(i.GD32E103_Systick_TimerKill)
    i.GD32E103_Systick_TimerProcess          0x080008dc   Section        0  gd32e103_systick.o(i.GD32E103_Systick_TimerProcess)
    i.GD32E103_TimerSet                      0x08000914   Section        0  gd32e103_systick.o(i.GD32E103_TimerSet)
    i.GD32E10X_Modbus_CommunicateResponseInformation 0x08000940   Section        0  usart.o(i.GD32E10X_Modbus_CommunicateResponseInformation)
    GD32E10X_Modbus_CommunicateResponseInformation 0x08000941   Thumb Code   116  usart.o(i.GD32E10X_Modbus_CommunicateResponseInformation)
    i.GD32E10X_Modbus_ModbusTimer            0x080009b8   Section        0  usart.o(i.GD32E10X_Modbus_ModbusTimer)
    GD32E10X_Modbus_ModbusTimer              0x080009b9   Thumb Code   208  usart.o(i.GD32E10X_Modbus_ModbusTimer)
    i.GD32E10X_Modbus_UpgradeResponseProcess 0x08000a90   Section        0  usart.o(i.GD32E10X_Modbus_UpgradeResponseProcess)
    i.GDFLASHOP_EraseSpecifiedFlashPages     0x08000ad4   Section        0  gdflashop.o(i.GDFLASHOP_EraseSpecifiedFlashPages)
    i.GDFLASHOP_ReadDataFromChipFlash        0x08000b38   Section        0  gdflashop.o(i.GDFLASHOP_ReadDataFromChipFlash)
    i.GDFLASHOP_WriteData2SpecifiedFlash     0x08000b70   Section        0  gdflashop.o(i.GDFLASHOP_WriteData2SpecifiedFlash)
    i.JumpToUserApplication                  0x08000bb4   Section        0  main.o(i.JumpToUserApplication)
    JumpToUserApplication                    0x08000bb5   Thumb Code    50  main.o(i.JumpToUserApplication)
    i.SysTick_Handler                        0x08000bf4   Section        0  gd32e103_systick.o(i.SysTick_Handler)
    i.SystemInit                             0x08000c2c   Section        0  system_gd32e10x.o(i.SystemInit)
    i.TIMER3_IRQHandler                      0x08000c7c   Section        0  usart.o(i.TIMER3_IRQHandler)
    i.USART0_IRQHandler                      0x08000cd4   Section        0  usart.o(i.USART0_IRQHandler)
    i.USART_CommunicateInitial               0x08000d34   Section        0  usart.o(i.USART_CommunicateInitial)
    i.USART_CommunicateParaConfig            0x08000e0c   Section        0  usart.o(i.USART_CommunicateParaConfig)
    i.USART_ConfigPaserParameters            0x08000ec8   Section        0  usart.o(i.USART_ConfigPaserParameters)
    i.USART_SendDataViaUSART0DmaChannel      0x08000ee8   Section        0  usart.o(i.USART_SendDataViaUSART0DmaChannel)
    i.USART_SendDataViaUSART0DmaChnIsBusy    0x08000f1c   Section        0  usart.o(i.USART_SendDataViaUSART0DmaChnIsBusy)
    i.USART_Timer3_Configuation              0x08000f28   Section        0  usart.o(i.USART_Timer3_Configuation)
    i.__scatterload_copy                     0x08000fac   Section       14  handlers.o(i.__scatterload_copy)
    i.__scatterload_null                     0x08000fba   Section        2  handlers.o(i.__scatterload_null)
    i.__scatterload_zeroinit                 0x08000fbc   Section       14  handlers.o(i.__scatterload_zeroinit)
    i.dma_channel_disable                    0x08000fca   Section        0  gd32e10x_dma.o(i.dma_channel_disable)
    i.dma_channel_enable                     0x08000fea   Section        0  gd32e10x_dma.o(i.dma_channel_enable)
    i.dma_circulation_disable                0x0800100a   Section        0  gd32e10x_dma.o(i.dma_circulation_disable)
    i.dma_circulation_enable                 0x0800102a   Section        0  gd32e10x_dma.o(i.dma_circulation_enable)
    i.dma_deinit                             0x0800104a   Section        0  gd32e10x_dma.o(i.dma_deinit)
    i.dma_init                               0x08001080   Section        0  gd32e10x_dma.o(i.dma_init)
    i.dma_interrupt_disable                  0x080010f8   Section        0  gd32e10x_dma.o(i.dma_interrupt_disable)
    i.dma_interrupt_enable                   0x08001118   Section        0  gd32e10x_dma.o(i.dma_interrupt_enable)
    i.dma_interrupt_flag_clear               0x08001138   Section        0  gd32e10x_dma.o(i.dma_interrupt_flag_clear)
    i.dma_interrupt_flag_get                 0x08001144   Section        0  gd32e10x_dma.o(i.dma_interrupt_flag_get)
    i.dma_memory_to_memory_disable           0x08001190   Section        0  gd32e10x_dma.o(i.dma_memory_to_memory_disable)
    i.dma_periph_and_channel_check           0x080011b0   Section        0  gd32e10x_dma.o(i.dma_periph_and_channel_check)
    dma_periph_and_channel_check             0x080011b1   Thumb Code    18  gd32e10x_dma.o(i.dma_periph_and_channel_check)
    i.dma_struct_para_init                   0x080011c8   Section        0  gd32e10x_dma.o(i.dma_struct_para_init)
    i.dma_transfer_number_config             0x080011e2   Section        0  gd32e10x_dma.o(i.dma_transfer_number_config)
    i.dma_transfer_number_get                0x08001200   Section        0  gd32e10x_dma.o(i.dma_transfer_number_get)
    i.fmc_flag_clear                         0x0800121c   Section        0  gd32e10x_fmc.o(i.fmc_flag_clear)
    i.fmc_lock                               0x08001228   Section        0  gd32e10x_fmc.o(i.fmc_lock)
    i.fmc_page_erase                         0x08001238   Section        0  gd32e10x_fmc.o(i.fmc_page_erase)
    i.fmc_ready_wait                         0x08001274   Section        0  gd32e10x_fmc.o(i.fmc_ready_wait)
    fmc_ready_wait                           0x08001275   Thumb Code    58  gd32e10x_fmc.o(i.fmc_ready_wait)
    i.fmc_unlock                             0x080012b4   Section        0  gd32e10x_fmc.o(i.fmc_unlock)
    i.fmc_word_program                       0x080012d4   Section        0  gd32e10x_fmc.o(i.fmc_word_program)
    i.gpio_init                              0x0800130c   Section        0  gd32e10x_gpio.o(i.gpio_init)
    i.main                                   0x080013ac   Section        0  main.o(i.main)
    i.nvic_irq_enable                        0x080013e4   Section        0  gd32e10x_misc.o(i.nvic_irq_enable)
    i.nvic_priority_group_set                0x0800146c   Section        0  gd32e10x_misc.o(i.nvic_priority_group_set)
    i.nvic_vector_table_set                  0x08001480   Section        0  gd32e10x_misc.o(i.nvic_vector_table_set)
    i.rcu_clock_freq_get                     0x08001494   Section        0  gd32e10x_rcu.o(i.rcu_clock_freq_get)
    i.rcu_periph_clock_enable                0x080015bc   Section        0  gd32e10x_rcu.o(i.rcu_periph_clock_enable)
    i.rcu_periph_reset_disable               0x080015d8   Section        0  gd32e10x_rcu.o(i.rcu_periph_reset_disable)
    i.rcu_periph_reset_enable                0x080015f4   Section        0  gd32e10x_rcu.o(i.rcu_periph_reset_enable)
    i.system_clock_72m_irc8m                 0x08001610   Section        0  system_gd32e10x.o(i.system_clock_72m_irc8m)
    system_clock_72m_irc8m                   0x08001611   Thumb Code   120  system_gd32e10x.o(i.system_clock_72m_irc8m)
    i.timer_counter_value_config             0x08001698   Section        0  gd32e10x_timer.o(i.timer_counter_value_config)
    i.timer_deinit                           0x0800169c   Section        0  gd32e10x_timer.o(i.timer_deinit)
    i.timer_disable                          0x08001764   Section        0  gd32e10x_timer.o(i.timer_disable)
    i.timer_enable                           0x0800176e   Section        0  gd32e10x_timer.o(i.timer_enable)
    i.timer_flag_clear                       0x08001778   Section        0  gd32e10x_timer.o(i.timer_flag_clear)
    i.timer_flag_get                         0x0800177e   Section        0  gd32e10x_timer.o(i.timer_flag_get)
    i.timer_init                             0x08001788   Section        0  gd32e10x_timer.o(i.timer_init)
    i.timer_interrupt_disable                0x08001828   Section        0  gd32e10x_timer.o(i.timer_interrupt_disable)
    i.timer_interrupt_enable                 0x08001830   Section        0  gd32e10x_timer.o(i.timer_interrupt_enable)
    i.timer_struct_para_init                 0x08001838   Section        0  gd32e10x_timer.o(i.timer_struct_para_init)
    i.usart_baudrate_set                     0x0800184c   Section        0  gd32e10x_usart.o(i.usart_baudrate_set)
    i.usart_data_receive                     0x080018a0   Section        0  gd32e10x_usart.o(i.usart_data_receive)
    i.usart_disable                          0x080018a8   Section        0  gd32e10x_usart.o(i.usart_disable)
    i.usart_dma_receive_config               0x080018b2   Section        0  gd32e10x_usart.o(i.usart_dma_receive_config)
    i.usart_dma_transmit_config              0x080018be   Section        0  gd32e10x_usart.o(i.usart_dma_transmit_config)
    i.usart_enable                           0x080018ca   Section        0  gd32e10x_usart.o(i.usart_enable)
    i.usart_flag_clear                       0x080018d4   Section        0  gd32e10x_usart.o(i.usart_flag_clear)
    i.usart_flag_get                         0x080018e8   Section        0  gd32e10x_usart.o(i.usart_flag_get)
    i.usart_hardware_flow_cts_config         0x080018fe   Section        0  gd32e10x_usart.o(i.usart_hardware_flow_cts_config)
    i.usart_hardware_flow_rts_config         0x0800190a   Section        0  gd32e10x_usart.o(i.usart_hardware_flow_rts_config)
    i.usart_interrupt_enable                 0x08001916   Section        0  gd32e10x_usart.o(i.usart_interrupt_enable)
    i.usart_parity_config                    0x0800192a   Section        0  gd32e10x_usart.o(i.usart_parity_config)
    i.usart_receive_config                   0x0800193a   Section        0  gd32e10x_usart.o(i.usart_receive_config)
    i.usart_stop_bit_set                     0x08001946   Section        0  gd32e10x_usart.o(i.usart_stop_bit_set)
    i.usart_transmit_config                  0x08001956   Section        0  gd32e10x_usart.o(i.usart_transmit_config)
    i.usart_word_length_set                  0x08001962   Section        0  gd32e10x_usart.o(i.usart_word_length_set)
    .constdata                               0x08001972   Section       64  main.o(.constdata)
    .constdata                               0x080019b2   Section      512  commonfunctions.o(.constdata)
    .constdata                               0x08001bb4   Section       56  usart.o(.constdata)
    .data                                    0x20000000   Section       16  main.o(.data)
    flg_boot1s_ot                            0x20000000   Data           1  main.o(.data)
    commpara                                 0x20000001   Data           4  main.o(.data)
    destflashaddr                            0x2000000c   Data           4  main.o(.data)
    .data                                    0x20000010   Section       56  usart.o(.data)
    flag_send_busy                           0x20000010   Data           1  usart.o(.data)
    com_irqn                                 0x20000011   Data           2  usart.o(.data)
    s_mdbs_para                              0x20000013   Data           3  usart.o(.data)
    usart_rcu_clk                            0x20000016   Data           4  usart.o(.data)
    com_gpio_clk                             0x2000001a   Data           4  usart.o(.data)
    com_id                                   0x20000020   Data           8  usart.o(.data)
    com_tx_pin                               0x20000028   Data           8  usart.o(.data)
    com_rx_pin                               0x20000030   Data           8  usart.o(.data)
    com_gpio_port                            0x20000038   Data           8  usart.o(.data)
    s_sndpara                                0x20000040   Data           8  usart.o(.data)
    .data                                    0x20000048   Section        4  system_gd32e10x.o(.data)
    .bss                                     0x2000004c   Section     5264  main.o(.bss)
    mdbus_rcvbuf                             0x2000004c   Data        2048  main.o(.bss)
    mdbus_sndbuf                             0x2000084c   Data        1088  main.o(.bss)
    mdbus_parsebuf                           0x20000c8c   Data        1088  main.o(.bss)
    gtmpbuf                                  0x200010cc   Data        1024  main.o(.bss)
    s_upp                                    0x200014cc   Data          16  main.o(.bss)
    .bss                                     0x200014dc   Section       24  usart.o(.bss)
    s_rcvq                                   0x200014dc   Data          12  usart.o(.bss)
    s_parse                                  0x200014e8   Data          12  usart.o(.bss)
    .bss                                     0x200014f4   Section       60  gd32e103_systick.o(.bss)
    TmrTbl                                   0x200014f4   Data          60  gd32e103_systick.o(.bss)
    STACK                                    0x20001530   Section     1024  startup_gd32e10x.o(STACK)

    Global Symbols

    Symbol Name                              Value     Ov Type        Size  Object(Section)

    BuildAttributes$$THM_ISAv4$E$P$D$K$B$S$7EM$VFPi3$EXTD16$VFPS$VFMA$PE$A:L22UL41UL21$X:L11$S22US41US21$IEEE1$IW$USESV6$~STKCKD$USESV7$~SHL$OSPACE$EBA8$MICROLIB$REQ8$PRES8$EABIv2 0x00000000   Number         0  anon$$obj.o ABSOLUTE
    __ARM_use_no_argv                        0x00000000   Number         0  main.o ABSOLUTE
    __cpp_initialize__aeabi_                  - Undefined Weak Reference
    __cxa_finalize                            - Undefined Weak Reference
    __decompress                              - Undefined Weak Reference
    _clock_init                               - Undefined Weak Reference
    _microlib_exit                            - Undefined Weak Reference
    __Vectors_Size                           0x00000150   Number         0  startup_gd32e10x.o ABSOLUTE
    __Vectors                                0x08000000   Data           4  startup_gd32e10x.o(RESET)
    __Vectors_End                            0x08000150   Data           0  startup_gd32e10x.o(RESET)
    __main                                   0x08000151   Thumb Code     0  entry.o(.ARM.Collect$$$$00000000)
    _main_stk                                0x08000151   Thumb Code     0  entry2.o(.ARM.Collect$$$$00000001)
    _main_scatterload                        0x08000155   Thumb Code     0  entry5.o(.ARM.Collect$$$$00000004)
    __main_after_scatterload                 0x08000159   Thumb Code     0  entry5.o(.ARM.Collect$$$$00000004)
    _main_clock                              0x08000159   Thumb Code     0  entry7b.o(.ARM.Collect$$$$00000008)
    _main_cpp_init                           0x08000159   Thumb Code     0  entry8b.o(.ARM.Collect$$$$0000000A)
    _main_init                               0x08000159   Thumb Code     0  entry9a.o(.ARM.Collect$$$$0000000B)
    __rt_final_cpp                           0x08000161   Thumb Code     0  entry10a.o(.ARM.Collect$$$$0000000D)
    __rt_final_exit                          0x08000161   Thumb Code     0  entry11a.o(.ARM.Collect$$$$0000000F)
    Reset_Handler                            0x08000165   Thumb Code     8  startup_gd32e10x.o(.text)
    NMI_Handler                              0x0800016d   Thumb Code     2  startup_gd32e10x.o(.text)
    HardFault_Handler                        0x0800016f   Thumb Code     2  startup_gd32e10x.o(.text)
    MemManage_Handler                        0x08000171   Thumb Code     2  startup_gd32e10x.o(.text)
    BusFault_Handler                         0x08000173   Thumb Code     2  startup_gd32e10x.o(.text)
    UsageFault_Handler                       0x08000175   Thumb Code     2  startup_gd32e10x.o(.text)
    SVC_Handler                              0x08000177   Thumb Code     2  startup_gd32e10x.o(.text)
    DebugMon_Handler                         0x08000179   Thumb Code     2  startup_gd32e10x.o(.text)
    PendSV_Handler                           0x0800017b   Thumb Code     2  startup_gd32e10x.o(.text)
    ADC0_1_IRQHandler                        0x0800017f   Thumb Code     0  startup_gd32e10x.o(.text)
    DMA0_Channel0_IRQHandler                 0x0800017f   Thumb Code     0  startup_gd32e10x.o(.text)
    DMA0_Channel1_IRQHandler                 0x0800017f   Thumb Code     0  startup_gd32e10x.o(.text)
    DMA0_Channel2_IRQHandler                 0x0800017f   Thumb Code     0  startup_gd32e10x.o(.text)
    DMA0_Channel4_IRQHandler                 0x0800017f   Thumb Code     0  startup_gd32e10x.o(.text)
    DMA0_Channel5_IRQHandler                 0x0800017f   Thumb Code     0  startup_gd32e10x.o(.text)
    DMA0_Channel6_IRQHandler                 0x0800017f   Thumb Code     0  startup_gd32e10x.o(.text)
    DMA1_Channel0_IRQHandler                 0x0800017f   Thumb Code     0  startup_gd32e10x.o(.text)
    DMA1_Channel1_IRQHandler                 0x0800017f   Thumb Code     0  startup_gd32e10x.o(.text)
    DMA1_Channel2_IRQHandler                 0x0800017f   Thumb Code     0  startup_gd32e10x.o(.text)
    DMA1_Channel3_IRQHandler                 0x0800017f   Thumb Code     0  startup_gd32e10x.o(.text)
    DMA1_Channel4_IRQHandler                 0x0800017f   Thumb Code     0  startup_gd32e10x.o(.text)
    EXMC_IRQHandler                          0x0800017f   Thumb Code     0  startup_gd32e10x.o(.text)
    EXTI0_IRQHandler                         0x0800017f   Thumb Code     0  startup_gd32e10x.o(.text)
    EXTI10_15_IRQHandler                     0x0800017f   Thumb Code     0  startup_gd32e10x.o(.text)
    EXTI1_IRQHandler                         0x0800017f   Thumb Code     0  startup_gd32e10x.o(.text)
    EXTI2_IRQHandler                         0x0800017f   Thumb Code     0  startup_gd32e10x.o(.text)
    EXTI3_IRQHandler                         0x0800017f   Thumb Code     0  startup_gd32e10x.o(.text)
    EXTI4_IRQHandler                         0x0800017f   Thumb Code     0  startup_gd32e10x.o(.text)
    EXTI5_9_IRQHandler                       0x0800017f   Thumb Code     0  startup_gd32e10x.o(.text)
    FMC_IRQHandler                           0x0800017f   Thumb Code     0  startup_gd32e10x.o(.text)
    I2C0_ER_IRQHandler                       0x0800017f   Thumb Code     0  startup_gd32e10x.o(.text)
    I2C0_EV_IRQHandler                       0x0800017f   Thumb Code     0  startup_gd32e10x.o(.text)
    I2C1_ER_IRQHandler                       0x0800017f   Thumb Code     0  startup_gd32e10x.o(.text)
    I2C1_EV_IRQHandler                       0x0800017f   Thumb Code     0  startup_gd32e10x.o(.text)
    LVD_IRQHandler                           0x0800017f   Thumb Code     0  startup_gd32e10x.o(.text)
    RCU_CTC_IRQHandler                       0x0800017f   Thumb Code     0  startup_gd32e10x.o(.text)
    RTC_Alarm_IRQHandler                     0x0800017f   Thumb Code     0  startup_gd32e10x.o(.text)
    RTC_IRQHandler                           0x0800017f   Thumb Code     0  startup_gd32e10x.o(.text)
    SPI0_IRQHandler                          0x0800017f   Thumb Code     0  startup_gd32e10x.o(.text)
    SPI1_IRQHandler                          0x0800017f   Thumb Code     0  startup_gd32e10x.o(.text)
    SPI2_IRQHandler                          0x0800017f   Thumb Code     0  startup_gd32e10x.o(.text)
    TAMPER_IRQHandler                        0x0800017f   Thumb Code     0  startup_gd32e10x.o(.text)
    TIMER0_BRK_TIMER8_IRQHandler             0x0800017f   Thumb Code     0  startup_gd32e10x.o(.text)
    TIMER0_Channel_IRQHandler                0x0800017f   Thumb Code     0  startup_gd32e10x.o(.text)
    TIMER0_TRG_CMT_TIMER10_IRQHandler        0x0800017f   Thumb Code     0  startup_gd32e10x.o(.text)
    TIMER0_UP_TIMER9_IRQHandler              0x0800017f   Thumb Code     0  startup_gd32e10x.o(.text)
    TIMER1_IRQHandler                        0x0800017f   Thumb Code     0  startup_gd32e10x.o(.text)
    TIMER2_IRQHandler                        0x0800017f   Thumb Code     0  startup_gd32e10x.o(.text)
    TIMER4_IRQHandler                        0x0800017f   Thumb Code     0  startup_gd32e10x.o(.text)
    TIMER5_IRQHandler                        0x0800017f   Thumb Code     0  startup_gd32e10x.o(.text)
    TIMER6_IRQHandler                        0x0800017f   Thumb Code     0  startup_gd32e10x.o(.text)
    TIMER7_BRK_TIMER11_IRQHandler            0x0800017f   Thumb Code     0  startup_gd32e10x.o(.text)
    TIMER7_Channel_IRQHandler                0x0800017f   Thumb Code     0  startup_gd32e10x.o(.text)
    TIMER7_TRG_CMT_TIMER13_IRQHandler        0x0800017f   Thumb Code     0  startup_gd32e10x.o(.text)
    TIMER7_UP_TIMER12_IRQHandler             0x0800017f   Thumb Code     0  startup_gd32e10x.o(.text)
    UART3_IRQHandler                         0x0800017f   Thumb Code     0  startup_gd32e10x.o(.text)
    UART4_IRQHandler                         0x0800017f   Thumb Code     0  startup_gd32e10x.o(.text)
    USART1_IRQHandler                        0x0800017f   Thumb Code     0  startup_gd32e10x.o(.text)
    USART2_IRQHandler                        0x0800017f   Thumb Code     0  startup_gd32e10x.o(.text)
    USBFS_IRQHandler                         0x0800017f   Thumb Code     0  startup_gd32e10x.o(.text)
    USBFS_WKUP_IRQHandler                    0x0800017f   Thumb Code     0  startup_gd32e10x.o(.text)
    WWDGT_IRQHandler                         0x0800017f   Thumb Code     0  startup_gd32e10x.o(.text)
    __aeabi_memcpy                           0x08000189   Thumb Code    36  memcpya.o(.text)
    __aeabi_memcpy4                          0x08000189   Thumb Code     0  memcpya.o(.text)
    __aeabi_memcpy8                          0x08000189   Thumb Code     0  memcpya.o(.text)
    __aeabi_memset                           0x080001ad   Thumb Code    14  memseta.o(.text)
    __aeabi_memset4                          0x080001ad   Thumb Code     0  memseta.o(.text)
    __aeabi_memset8                          0x080001ad   Thumb Code     0  memseta.o(.text)
    __aeabi_memclr                           0x080001bb   Thumb Code     4  memseta.o(.text)
    __aeabi_memclr4                          0x080001bb   Thumb Code     0  memseta.o(.text)
    __aeabi_memclr8                          0x080001bb   Thumb Code     0  memseta.o(.text)
    _memset$wrapper                          0x080001bf   Thumb Code    18  memseta.o(.text)
    __scatterload                            0x080001d1   Thumb Code    28  init.o(.text)
    __scatterload_rt2                        0x080001d1   Thumb Code     0  init.o(.text)
    COMMON_Bits16Convert2Bits8               0x08000315   Thumb Code    24  commonfunctions.o(i.COMMON_Bits16Convert2Bits8)
    COMMON_Bits8Convert2Bits16               0x0800032d   Thumb Code    40  commonfunctions.o(i.COMMON_Bits8Convert2Bits16)
    COMMON_Bits8Convert2Bits32               0x08000355   Thumb Code    72  commonfunctions.o(i.COMMON_Bits8Convert2Bits32)
    COMMON_ConverAscii2CommonMode            0x0800039d   Thumb Code   114  commonfunctions.o(i.COMMON_ConverAscii2CommonMode)
    COMMON_Convert1Byteto4Bits               0x0800040f   Thumb Code    48  commonfunctions.o(i.COMMON_Convert1Byteto4Bits)
    COMMON_ConvertHex2Ascii                  0x0800043f   Thumb Code   104  commonfunctions.o(i.COMMON_ConvertHex2Ascii)
    COMMON_GeneratorLRCCheckCode             0x080004a7   Thumb Code    24  commonfunctions.o(i.COMMON_GeneratorLRCCheckCode)
    COMMON_GeneratorU16bitsCRCCheckCode      0x080004c1   Thumb Code    48  commonfunctions.o(i.COMMON_GeneratorU16bitsCRCCheckCode)
    DMA0_Channel3_IRQHandler                 0x080004f5   Thumb Code    48  dmaconfig.o(i.DMA0_Channel3_IRQHandler)
    DMA_Rcv_TransDataParaConfig              0x0800052d   Thumb Code   222  dmaconfig.o(i.DMA_Rcv_TransDataParaConfig)
    GD32E103_Systick_Config                  0x08000859   Thumb Code    48  gd32e103_systick.o(i.GD32E103_Systick_Config)
    GD32E103_Systick_TimerKill               0x080008bd   Thumb Code    28  gd32e103_systick.o(i.GD32E103_Systick_TimerKill)
    GD32E103_Systick_TimerProcess            0x080008dd   Thumb Code    52  gd32e103_systick.o(i.GD32E103_Systick_TimerProcess)
    GD32E103_TimerSet                        0x08000915   Thumb Code    40  gd32e103_systick.o(i.GD32E103_TimerSet)
    GD32E10X_Modbus_UpgradeResponseProcess   0x08000a91   Thumb Code    64  usart.o(i.GD32E10X_Modbus_UpgradeResponseProcess)
    GDFLASHOP_EraseSpecifiedFlashPages       0x08000ad5   Thumb Code    94  gdflashop.o(i.GDFLASHOP_EraseSpecifiedFlashPages)
    GDFLASHOP_ReadDataFromChipFlash          0x08000b39   Thumb Code    50  gdflashop.o(i.GDFLASHOP_ReadDataFromChipFlash)
    GDFLASHOP_WriteData2SpecifiedFlash       0x08000b71   Thumb Code    64  gdflashop.o(i.GDFLASHOP_WriteData2SpecifiedFlash)
    SysTick_Handler                          0x08000bf5   Thumb Code    50  gd32e103_systick.o(i.SysTick_Handler)
    SystemInit                               0x08000c2d   Thumb Code    68  system_gd32e10x.o(i.SystemInit)
    TIMER3_IRQHandler                        0x08000c7d   Thumb Code    70  usart.o(i.TIMER3_IRQHandler)
    USART0_IRQHandler                        0x08000cd5   Thumb Code    70  usart.o(i.USART0_IRQHandler)
    USART_CommunicateInitial                 0x08000d35   Thumb Code   204  usart.o(i.USART_CommunicateInitial)
    USART_CommunicateParaConfig              0x08000e0d   Thumb Code   180  usart.o(i.USART_CommunicateParaConfig)
    USART_ConfigPaserParameters              0x08000ec9   Thumb Code    28  usart.o(i.USART_ConfigPaserParameters)
    USART_SendDataViaUSART0DmaChannel        0x08000ee9   Thumb Code    40  usart.o(i.USART_SendDataViaUSART0DmaChannel)
    USART_SendDataViaUSART0DmaChnIsBusy      0x08000f1d   Thumb Code     6  usart.o(i.USART_SendDataViaUSART0DmaChnIsBusy)
    USART_Timer3_Configuation                0x08000f29   Thumb Code   114  usart.o(i.USART_Timer3_Configuation)
    __scatterload_copy                       0x08000fad   Thumb Code    14  handlers.o(i.__scatterload_copy)
    __scatterload_null                       0x08000fbb   Thumb Code     2  handlers.o(i.__scatterload_null)
    __scatterload_zeroinit                   0x08000fbd   Thumb Code    14  handlers.o(i.__scatterload_zeroinit)
    dma_channel_disable                      0x08000fcb   Thumb Code    32  gd32e10x_dma.o(i.dma_channel_disable)
    dma_channel_enable                       0x08000feb   Thumb Code    32  gd32e10x_dma.o(i.dma_channel_enable)
    dma_circulation_disable                  0x0800100b   Thumb Code    32  gd32e10x_dma.o(i.dma_circulation_disable)
    dma_circulation_enable                   0x0800102b   Thumb Code    32  gd32e10x_dma.o(i.dma_circulation_enable)
    dma_deinit                               0x0800104b   Thumb Code    54  gd32e10x_dma.o(i.dma_deinit)
    dma_init                                 0x08001081   Thumb Code   120  gd32e10x_dma.o(i.dma_init)
    dma_interrupt_disable                    0x080010f9   Thumb Code    32  gd32e10x_dma.o(i.dma_interrupt_disable)
    dma_interrupt_enable                     0x08001119   Thumb Code    32  gd32e10x_dma.o(i.dma_interrupt_enable)
    dma_interrupt_flag_clear                 0x08001139   Thumb Code    12  gd32e10x_dma.o(i.dma_interrupt_flag_clear)
    dma_interrupt_flag_get                   0x08001145   Thumb Code    76  gd32e10x_dma.o(i.dma_interrupt_flag_get)
    dma_memory_to_memory_disable             0x08001191   Thumb Code    32  gd32e10x_dma.o(i.dma_memory_to_memory_disable)
    dma_struct_para_init                     0x080011c9   Thumb Code    26  gd32e10x_dma.o(i.dma_struct_para_init)
    dma_transfer_number_config               0x080011e3   Thumb Code    30  gd32e10x_dma.o(i.dma_transfer_number_config)
    dma_transfer_number_get                  0x08001201   Thumb Code    26  gd32e10x_dma.o(i.dma_transfer_number_get)
    fmc_flag_clear                           0x0800121d   Thumb Code     6  gd32e10x_fmc.o(i.fmc_flag_clear)
    fmc_lock                                 0x08001229   Thumb Code    12  gd32e10x_fmc.o(i.fmc_lock)
    fmc_page_erase                           0x08001239   Thumb Code    54  gd32e10x_fmc.o(i.fmc_page_erase)
    fmc_unlock                               0x080012b5   Thumb Code    18  gd32e10x_fmc.o(i.fmc_unlock)
    fmc_word_program                         0x080012d5   Thumb Code    52  gd32e10x_fmc.o(i.fmc_word_program)
    gpio_init                                0x0800130d   Thumb Code   160  gd32e10x_gpio.o(i.gpio_init)
    main                                     0x080013ad   Thumb Code    44  main.o(i.main)
    nvic_irq_enable                          0x080013e5   Thumb Code   132  gd32e10x_misc.o(i.nvic_irq_enable)
    nvic_priority_group_set                  0x0800146d   Thumb Code    10  gd32e10x_misc.o(i.nvic_priority_group_set)
    nvic_vector_table_set                    0x08001481   Thumb Code    12  gd32e10x_misc.o(i.nvic_vector_table_set)
    rcu_clock_freq_get                       0x08001495   Thumb Code   258  gd32e10x_rcu.o(i.rcu_clock_freq_get)
    rcu_periph_clock_enable                  0x080015bd   Thumb Code    22  gd32e10x_rcu.o(i.rcu_periph_clock_enable)
    rcu_periph_reset_disable                 0x080015d9   Thumb Code    22  gd32e10x_rcu.o(i.rcu_periph_reset_disable)
    rcu_periph_reset_enable                  0x080015f5   Thumb Code    22  gd32e10x_rcu.o(i.rcu_periph_reset_enable)
    timer_counter_value_config               0x08001699   Thumb Code     4  gd32e10x_timer.o(i.timer_counter_value_config)
    timer_deinit                             0x0800169d   Thumb Code   188  gd32e10x_timer.o(i.timer_deinit)
    timer_disable                            0x08001765   Thumb Code    10  gd32e10x_timer.o(i.timer_disable)
    timer_enable                             0x0800176f   Thumb Code    10  gd32e10x_timer.o(i.timer_enable)
    timer_flag_clear                         0x08001779   Thumb Code     6  gd32e10x_timer.o(i.timer_flag_clear)
    timer_flag_get                           0x0800177f   Thumb Code    10  gd32e10x_timer.o(i.timer_flag_get)
    timer_init                               0x08001789   Thumb Code   132  gd32e10x_timer.o(i.timer_init)
    timer_interrupt_disable                  0x08001829   Thumb Code     8  gd32e10x_timer.o(i.timer_interrupt_disable)
    timer_interrupt_enable                   0x08001831   Thumb Code     8  gd32e10x_timer.o(i.timer_interrupt_enable)
    timer_struct_para_init                   0x08001839   Thumb Code    20  gd32e10x_timer.o(i.timer_struct_para_init)
    usart_baudrate_set                       0x0800184d   Thumb Code    76  gd32e10x_usart.o(i.usart_baudrate_set)
    usart_data_receive                       0x080018a1   Thumb Code     8  gd32e10x_usart.o(i.usart_data_receive)
    usart_disable                            0x080018a9   Thumb Code    10  gd32e10x_usart.o(i.usart_disable)
    usart_dma_receive_config                 0x080018b3   Thumb Code    12  gd32e10x_usart.o(i.usart_dma_receive_config)
    usart_dma_transmit_config                0x080018bf   Thumb Code    12  gd32e10x_usart.o(i.usart_dma_transmit_config)
    usart_enable                             0x080018cb   Thumb Code    10  gd32e10x_usart.o(i.usart_enable)
    usart_flag_clear                         0x080018d5   Thumb Code    20  gd32e10x_usart.o(i.usart_flag_clear)
    usart_flag_get                           0x080018e9   Thumb Code    22  gd32e10x_usart.o(i.usart_flag_get)
    usart_hardware_flow_cts_config           0x080018ff   Thumb Code    12  gd32e10x_usart.o(i.usart_hardware_flow_cts_config)
    usart_hardware_flow_rts_config           0x0800190b   Thumb Code    12  gd32e10x_usart.o(i.usart_hardware_flow_rts_config)
    usart_interrupt_enable                   0x08001917   Thumb Code    20  gd32e10x_usart.o(i.usart_interrupt_enable)
    usart_parity_config                      0x0800192b   Thumb Code    16  gd32e10x_usart.o(i.usart_parity_config)
    usart_receive_config                     0x0800193b   Thumb Code    12  gd32e10x_usart.o(i.usart_receive_config)
    usart_stop_bit_set                       0x08001947   Thumb Code    16  gd32e10x_usart.o(i.usart_stop_bit_set)
    usart_transmit_config                    0x08001957   Thumb Code    12  gd32e10x_usart.o(i.usart_transmit_config)
    usart_word_length_set                    0x08001963   Thumb Code    16  gd32e10x_usart.o(i.usart_word_length_set)
    enstr                                    0x08001972   Data          64  main.o(.constdata)
    CRCLowTab                                0x080019b2   Data         256  commonfunctions.o(.constdata)
    CRCHighTab                               0x08001ab2   Data         256  commonfunctions.o(.constdata)
    FrameInterval                            0x08001bb4   Data           8  usart.o(.constdata)
    Rs485ctrldly                             0x08001bbc   Data          16  usart.o(.constdata)
    BaudrateTab                              0x08001bcc   Data          32  usart.o(.constdata)
    Region$$Table$$Base                      0x08001bec   Number         0  anon$$obj.o(Region$$Table)
    Region$$Table$$Limit                     0x08001c0c   Number         0  anon$$obj.o(Region$$Table)
    Jump_To_Application                      0x20000008   Data           4  main.o(.data)
    SystemCoreClock                          0x20000048   Data           4  system_gd32e10x.o(.data)
    __initial_sp                             0x20001930   Data           0  startup_gd32e10x.o(STACK)



==============================================================================

Memory Map of the image

  Image Entry point : 0x08000151

  Load Region LR_IROM1 (Base: 0x08000000, Size: 0x00001c58, Max: 0x00020000, ABSOLUTE)

    Execution Region ER_IROM1 (Exec base: 0x08000000, Load base: 0x08000000, Size: 0x00001c0c, Max: 0x00020000, ABSOLUTE)

    Exec Addr    Load Addr    Size         Type   Attr      Idx    E Section Name        Object

    0x08000000   0x08000000   0x00000150   Data   RO         3938    RESET               startup_gd32e10x.o
    0x08000150   0x08000150   0x00000000   Code   RO         3943  * .ARM.Collect$$$$00000000  mc_w.l(entry.o)
    0x08000150   0x08000150   0x00000004   Code   RO         3952    .ARM.Collect$$$$00000001  mc_w.l(entry2.o)
    0x08000154   0x08000154   0x00000004   Code   RO         3955    .ARM.Collect$$$$00000004  mc_w.l(entry5.o)
    0x08000158   0x08000158   0x00000000   Code   RO         3957    .ARM.Collect$$$$00000008  mc_w.l(entry7b.o)
    0x08000158   0x08000158   0x00000000   Code   RO         3959    .ARM.Collect$$$$0000000A  mc_w.l(entry8b.o)
    0x08000158   0x08000158   0x00000008   Code   RO         3960    .ARM.Collect$$$$0000000B  mc_w.l(entry9a.o)
    0x08000160   0x08000160   0x00000000   Code   RO         3962    .ARM.Collect$$$$0000000D  mc_w.l(entry10a.o)
    0x08000160   0x08000160   0x00000000   Code   RO         3964    .ARM.Collect$$$$0000000F  mc_w.l(entry11a.o)
    0x08000160   0x08000160   0x00000004   Code   RO         3953    .ARM.Collect$$$$00002712  mc_w.l(entry2.o)
    0x08000164   0x08000164   0x00000024   Code   RO         3939    .text               startup_gd32e10x.o
    0x08000188   0x08000188   0x00000024   Code   RO         3946    .text               mc_w.l(memcpya.o)
    0x080001ac   0x080001ac   0x00000024   Code   RO         3948    .text               mc_w.l(memseta.o)
    0x080001d0   0x080001d0   0x00000024   Code   RO         3966    .text               mc_w.l(init.o)
    0x080001f4   0x080001f4   0x00000120   Code   RO            3    i.Boot_ParseReceiveModbusData  main.o
    0x08000314   0x08000314   0x00000018   Code   RO          174    i.COMMON_Bits16Convert2Bits8  commonfunctions.o
    0x0800032c   0x0800032c   0x00000028   Code   RO          176    i.COMMON_Bits8Convert2Bits16  commonfunctions.o
    0x08000354   0x08000354   0x00000048   Code   RO          177    i.COMMON_Bits8Convert2Bits32  commonfunctions.o
    0x0800039c   0x0800039c   0x00000072   Code   RO          178    i.COMMON_ConverAscii2CommonMode  commonfunctions.o
    0x0800040e   0x0800040e   0x00000030   Code   RO          179    i.COMMON_Convert1Byteto4Bits  commonfunctions.o
    0x0800043e   0x0800043e   0x00000068   Code   RO          180    i.COMMON_ConvertHex2Ascii  commonfunctions.o
    0x080004a6   0x080004a6   0x00000018   Code   RO          182    i.COMMON_GeneratorLRCCheckCode  commonfunctions.o
    0x080004be   0x080004be   0x00000002   PAD
    0x080004c0   0x080004c0   0x00000034   Code   RO          183    i.COMMON_GeneratorU16bitsCRCCheckCode  commonfunctions.o
    0x080004f4   0x080004f4   0x00000038   Code   RO          254    i.DMA0_Channel3_IRQHandler  dmaconfig.o
    0x0800052c   0x0800052c   0x000000e8   Code   RO          255    i.DMA_Rcv_TransDataParaConfig  dmaconfig.o
    0x08000614   0x08000614   0x0000007c   Code   RO            4    i.GD32E103BOOT_1sOverTimePorcess  main.o
    0x08000690   0x08000690   0x0000004c   Code   RO            5    i.GD32E103BOOT_EraseUpgradeFlag  main.o
    0x080006dc   0x080006dc   0x00000080   Code   RO            6    i.GD32E103BOOT_ResourceInit  main.o
    0x0800075c   0x0800075c   0x000000fc   Code   RO            7    i.GD32E103BOOT_UpGradePayloadProcess  main.o
    0x08000858   0x08000858   0x00000038   Code   RO          407    i.GD32E103_Systick_Config  gd32e103_systick.o
    0x08000890   0x08000890   0x0000002c   Code   RO          408    i.GD32E103_Systick_TimerControlInit  gd32e103_systick.o
    0x080008bc   0x080008bc   0x00000020   Code   RO          409    i.GD32E103_Systick_TimerKill  gd32e103_systick.o
    0x080008dc   0x080008dc   0x00000038   Code   RO          410    i.GD32E103_Systick_TimerProcess  gd32e103_systick.o
    0x08000914   0x08000914   0x0000002c   Code   RO          411    i.GD32E103_TimerSet  gd32e103_systick.o
    0x08000940   0x08000940   0x00000078   Code   RO          321    i.GD32E10X_Modbus_CommunicateResponseInformation  usart.o
    0x080009b8   0x080009b8   0x000000d8   Code   RO          322    i.GD32E10X_Modbus_ModbusTimer  usart.o
    0x08000a90   0x08000a90   0x00000044   Code   RO          323    i.GD32E10X_Modbus_UpgradeResponseProcess  usart.o
    0x08000ad4   0x08000ad4   0x00000064   Code   RO          286    i.GDFLASHOP_EraseSpecifiedFlashPages  gdflashop.o
    0x08000b38   0x08000b38   0x00000038   Code   RO          287    i.GDFLASHOP_ReadDataFromChipFlash  gdflashop.o
    0x08000b70   0x08000b70   0x00000044   Code   RO          288    i.GDFLASHOP_WriteData2SpecifiedFlash  gdflashop.o
    0x08000bb4   0x08000bb4   0x00000040   Code   RO            8    i.JumpToUserApplication  main.o
    0x08000bf4   0x08000bf4   0x00000038   Code   RO          412    i.SysTick_Handler   gd32e103_systick.o
    0x08000c2c   0x08000c2c   0x00000050   Code   RO          466    i.SystemInit        system_gd32e10x.o
    0x08000c7c   0x08000c7c   0x00000058   Code   RO          324    i.TIMER3_IRQHandler  usart.o
    0x08000cd4   0x08000cd4   0x00000060   Code   RO          325    i.USART0_IRQHandler  usart.o
    0x08000d34   0x08000d34   0x000000d8   Code   RO          326    i.USART_CommunicateInitial  usart.o
    0x08000e0c   0x08000e0c   0x000000bc   Code   RO          327    i.USART_CommunicateParaConfig  usart.o
    0x08000ec8   0x08000ec8   0x00000020   Code   RO          328    i.USART_ConfigPaserParameters  usart.o
    0x08000ee8   0x08000ee8   0x00000034   Code   RO          329    i.USART_SendDataViaUSART0DmaChannel  usart.o
    0x08000f1c   0x08000f1c   0x0000000c   Code   RO          330    i.USART_SendDataViaUSART0DmaChnIsBusy  usart.o
    0x08000f28   0x08000f28   0x00000084   Code   RO          331    i.USART_Timer3_Configuation  usart.o
    0x08000fac   0x08000fac   0x0000000e   Code   RO         3970    i.__scatterload_copy  mc_w.l(handlers.o)
    0x08000fba   0x08000fba   0x00000002   Code   RO         3971    i.__scatterload_null  mc_w.l(handlers.o)
    0x08000fbc   0x08000fbc   0x0000000e   Code   RO         3972    i.__scatterload_zeroinit  mc_w.l(handlers.o)
    0x08000fca   0x08000fca   0x00000020   Code   RO         1369    i.dma_channel_disable  gd32e10x_dma.o
    0x08000fea   0x08000fea   0x00000020   Code   RO         1370    i.dma_channel_enable  gd32e10x_dma.o
    0x0800100a   0x0800100a   0x00000020   Code   RO         1371    i.dma_circulation_disable  gd32e10x_dma.o
    0x0800102a   0x0800102a   0x00000020   Code   RO         1372    i.dma_circulation_enable  gd32e10x_dma.o
    0x0800104a   0x0800104a   0x00000036   Code   RO         1373    i.dma_deinit        gd32e10x_dma.o
    0x08001080   0x08001080   0x00000078   Code   RO         1376    i.dma_init          gd32e10x_dma.o
    0x080010f8   0x080010f8   0x00000020   Code   RO         1377    i.dma_interrupt_disable  gd32e10x_dma.o
    0x08001118   0x08001118   0x00000020   Code   RO         1378    i.dma_interrupt_enable  gd32e10x_dma.o
    0x08001138   0x08001138   0x0000000c   Code   RO         1379    i.dma_interrupt_flag_clear  gd32e10x_dma.o
    0x08001144   0x08001144   0x0000004c   Code   RO         1380    i.dma_interrupt_flag_get  gd32e10x_dma.o
    0x08001190   0x08001190   0x00000020   Code   RO         1384    i.dma_memory_to_memory_disable  gd32e10x_dma.o
    0x080011b0   0x080011b0   0x00000018   Code   RO         1388    i.dma_periph_and_channel_check  gd32e10x_dma.o
    0x080011c8   0x080011c8   0x0000001a   Code   RO         1393    i.dma_struct_para_init  gd32e10x_dma.o
    0x080011e2   0x080011e2   0x0000001e   Code   RO         1395    i.dma_transfer_number_config  gd32e10x_dma.o
    0x08001200   0x08001200   0x0000001a   Code   RO         1396    i.dma_transfer_number_get  gd32e10x_dma.o
    0x0800121a   0x0800121a   0x00000002   PAD
    0x0800121c   0x0800121c   0x0000000c   Code   RO         1703    i.fmc_flag_clear    gd32e10x_fmc.o
    0x08001228   0x08001228   0x00000010   Code   RO         1712    i.fmc_lock          gd32e10x_fmc.o
    0x08001238   0x08001238   0x0000003c   Code   RO         1714    i.fmc_page_erase    gd32e10x_fmc.o
    0x08001274   0x08001274   0x00000040   Code   RO         1718    i.fmc_ready_wait    gd32e10x_fmc.o
    0x080012b4   0x080012b4   0x00000020   Code   RO         1719    i.fmc_unlock        gd32e10x_fmc.o
    0x080012d4   0x080012d4   0x00000038   Code   RO         1720    i.fmc_word_program  gd32e10x_fmc.o
    0x0800130c   0x0800130c   0x000000a0   Code   RO         1980    i.gpio_init         gd32e10x_gpio.o
    0x080013ac   0x080013ac   0x00000038   Code   RO            9    i.main              main.o
    0x080013e4   0x080013e4   0x00000088   Code   RO         2328    i.nvic_irq_enable   gd32e10x_misc.o
    0x0800146c   0x0800146c   0x00000014   Code   RO         2329    i.nvic_priority_group_set  gd32e10x_misc.o
    0x08001480   0x08001480   0x00000014   Code   RO         2330    i.nvic_vector_table_set  gd32e10x_misc.o
    0x08001494   0x08001494   0x00000128   Code   RO         2485    i.rcu_clock_freq_get  gd32e10x_rcu.o
    0x080015bc   0x080015bc   0x0000001c   Code   RO         2505    i.rcu_periph_clock_enable  gd32e10x_rcu.o
    0x080015d8   0x080015d8   0x0000001c   Code   RO         2508    i.rcu_periph_reset_disable  gd32e10x_rcu.o
    0x080015f4   0x080015f4   0x0000001c   Code   RO         2509    i.rcu_periph_reset_enable  gd32e10x_rcu.o
    0x08001610   0x08001610   0x00000088   Code   RO          467    i.system_clock_72m_irc8m  system_gd32e10x.o
    0x08001698   0x08001698   0x00000004   Code   RO         3147    i.timer_counter_value_config  gd32e10x_timer.o
    0x0800169c   0x0800169c   0x000000c8   Code   RO         3148    i.timer_deinit      gd32e10x_timer.o
    0x08001764   0x08001764   0x0000000a   Code   RO         3149    i.timer_disable     gd32e10x_timer.o
    0x0800176e   0x0800176e   0x0000000a   Code   RO         3153    i.timer_enable      gd32e10x_timer.o
    0x08001778   0x08001778   0x00000006   Code   RO         3160    i.timer_flag_clear  gd32e10x_timer.o
    0x0800177e   0x0800177e   0x0000000a   Code   RO         3161    i.timer_flag_get    gd32e10x_timer.o
    0x08001788   0x08001788   0x000000a0   Code   RO         3163    i.timer_init        gd32e10x_timer.o
    0x08001828   0x08001828   0x00000008   Code   RO         3169    i.timer_interrupt_disable  gd32e10x_timer.o
    0x08001830   0x08001830   0x00000008   Code   RO         3170    i.timer_interrupt_enable  gd32e10x_timer.o
    0x08001838   0x08001838   0x00000014   Code   RO         3183    i.timer_struct_para_init  gd32e10x_timer.o
    0x0800184c   0x0800184c   0x00000054   Code   RO         3560    i.usart_baudrate_set  gd32e10x_usart.o
    0x080018a0   0x080018a0   0x00000008   Code   RO         3563    i.usart_data_receive  gd32e10x_usart.o
    0x080018a8   0x080018a8   0x0000000a   Code   RO         3566    i.usart_disable     gd32e10x_usart.o
    0x080018b2   0x080018b2   0x0000000c   Code   RO         3567    i.usart_dma_receive_config  gd32e10x_usart.o
    0x080018be   0x080018be   0x0000000c   Code   RO         3568    i.usart_dma_transmit_config  gd32e10x_usart.o
    0x080018ca   0x080018ca   0x0000000a   Code   RO         3569    i.usart_enable      gd32e10x_usart.o
    0x080018d4   0x080018d4   0x00000014   Code   RO         3570    i.usart_flag_clear  gd32e10x_usart.o
    0x080018e8   0x080018e8   0x00000016   Code   RO         3571    i.usart_flag_get    gd32e10x_usart.o
    0x080018fe   0x080018fe   0x0000000c   Code   RO         3576    i.usart_hardware_flow_cts_config  gd32e10x_usart.o
    0x0800190a   0x0800190a   0x0000000c   Code   RO         3577    i.usart_hardware_flow_rts_config  gd32e10x_usart.o
    0x08001916   0x08001916   0x00000014   Code   RO         3579    i.usart_interrupt_enable  gd32e10x_usart.o
    0x0800192a   0x0800192a   0x00000010   Code   RO         3592    i.usart_parity_config  gd32e10x_usart.o
    0x0800193a   0x0800193a   0x0000000c   Code   RO         3594    i.usart_receive_config  gd32e10x_usart.o
    0x08001946   0x08001946   0x00000010   Code   RO         3604    i.usart_stop_bit_set  gd32e10x_usart.o
    0x08001956   0x08001956   0x0000000c   Code   RO         3608    i.usart_transmit_config  gd32e10x_usart.o
    0x08001962   0x08001962   0x00000010   Code   RO         3609    i.usart_word_length_set  gd32e10x_usart.o
    0x08001972   0x08001972   0x00000040   Data   RO           11    .constdata          main.o
    0x080019b2   0x080019b2   0x00000200   Data   RO          184    .constdata          commonfunctions.o
    0x08001bb2   0x08001bb2   0x00000002   PAD
    0x08001bb4   0x08001bb4   0x00000038   Data   RO          333    .constdata          usart.o
    0x08001bec   0x08001bec   0x00000020   Data   RO         3968    Region$$Table       anon$$obj.o


    Execution Region RW_IRAM1 (Exec base: 0x20000000, Load base: 0x08001c0c, Size: 0x00001930, Max: 0x00008000, ABSOLUTE)

    Exec Addr    Load Addr    Size         Type   Attr      Idx    E Section Name        Object

    0x20000000   0x08001c0c   0x00000010   Data   RW           12    .data               main.o
    0x20000010   0x08001c1c   0x00000038   Data   RW          334    .data               usart.o
    0x20000048   0x08001c54   0x00000004   Data   RW          468    .data               system_gd32e10x.o
    0x2000004c        -       0x00001490   Zero   RW           10    .bss                main.o
    0x200014dc        -       0x00000018   Zero   RW          332    .bss                usart.o
    0x200014f4        -       0x0000003c   Zero   RW          413    .bss                gd32e103_systick.o
    0x20001530        -       0x00000400   Zero   RW         3936    STACK               startup_gd32e10x.o


==============================================================================

Image component sizes


      Code (inc. data)   RO Data    RW Data    ZI Data      Debug   Object Name

       478          4        512          0          0       6814   commonfunctions.o
       288         18          0          0          0       2325   dmaconfig.o
       288         32          0          0         60      29456   gd32e103_systick.o
       592          6          0          0          0      16674   gd32e10x_dma.o
       240         40          0          0          0       9535   gd32e10x_fmc.o
       160          0          0          0          0       1056   gd32e10x_gpio.o
       176         22          0          0          0       2824   gd32e10x_misc.o
       380         56          0          0          0      19784   gd32e10x_rcu.o
       436         40          0          0          0      23026   gd32e10x_timer.o
       294          8          0          0          0      17669   gd32e10x_usart.o
       224         16          0          0          0       2564   gdflashop.o
       988        110         64         16       5264      54435   main.o
        36          8        336          0       1024        912   startup_gd32e10x.o
       216         28          0          4          0       2327   system_gd32e10x.o
      1220        120         56         56         24       8723   usart.o

    ----------------------------------------------------------------------
      6020        508       1002         76       6372     198124   Object Totals
         0          0         32          0          0          0   (incl. Generated)
         4          0          2          0          0          0   (incl. Padding)

    ----------------------------------------------------------------------

      Code (inc. data)   RO Data    RW Data    ZI Data      Debug   Library Member Name

         0          0          0          0          0          0   entry.o
         0          0          0          0          0          0   entry10a.o
         0          0          0          0          0          0   entry11a.o
         8          4          0          0          0          0   entry2.o
         4          0          0          0          0          0   entry5.o
         0          0          0          0          0          0   entry7b.o
         0          0          0          0          0          0   entry8b.o
         8          4          0          0          0          0   entry9a.o
        30          0          0          0          0          0   handlers.o
        36          8          0          0          0         68   init.o
        36          0          0          0          0         68   memcpya.o
        36          0          0          0          0        108   memseta.o

    ----------------------------------------------------------------------
       158         16          0          0          0        244   Library Totals
         0          0          0          0          0          0   (incl. Padding)

    ----------------------------------------------------------------------

      Code (inc. data)   RO Data    RW Data    ZI Data      Debug   Library Name

       158         16          0          0          0        244   mc_w.l

    ----------------------------------------------------------------------
       158         16          0          0          0        244   Library Totals

    ----------------------------------------------------------------------

==============================================================================


      Code (inc. data)   RO Data    RW Data    ZI Data      Debug   

      6178        524       1002         76       6372     189720   Grand Totals
      6178        524       1002         76       6372     189720   ELF Image Totals
      6178        524       1002         76          0          0   ROM Totals

==============================================================================

    Total RO  Size (Code + RO Data)                 7180 (   7.01kB)
    Total RW  Size (RW Data + ZI Data)              6448 (   6.30kB)
    Total ROM Size (Code + RO Data + RW Data)       7256 (   7.09kB)

==============================================================================

