Component: ARM Compiler 5.06 update 6 (build 750) Tool: armlink [4d35ed]

==============================================================================

Section Cross References

    systick.o(i.delay_1ms) refers to systick.o(.data) for .data
    systick.o(i.delay_decrement) refers to systick.o(.data) for .data
    systick.o(i.systick_config) refers to systick.o(i.NVIC_SetPriority) for NVIC_SetPriority
    systick.o(i.systick_config) refers to system_gd32e10x.o(.data) for SystemCoreClock
    algorithm.o(i.GetDelExtremeAndAverage) refers to algorithm.o(i.SortArrayExtreme) for SortArrayExtreme
    algorithm.o(i.GetDelExtremeAndAverage) refers to algorithm.o(i.GetAverage) for GetAverage
    filter.o(i.App_Filter_Task) refers to pcap.o(i.PCap_Init) for PCap_Init
    filter.o(i.App_Filter_Task) refers to filter.o(i.Timer2_Init) for Timer2_Init
    filter.o(i.App_Filter_Task) refers to da.o(i.DA_Init) for DA_Init
    filter.o(i.App_Filter_Task) refers to gd32e10x_fwdgt.o(i.fwdgt_counter_reload) for fwdgt_counter_reload
    filter.o(i.App_Filter_Task) refers to ipc.o(i.rt_sem_take) for rt_sem_take
    filter.o(i.App_Filter_Task) refers to filter.o(i.IsNeetResetPcap) for IsNeetResetPcap
    filter.o(i.App_Filter_Task) refers to filter.o(i.CapFilter) for CapFilter
    filter.o(i.App_Filter_Task) refers to pcap.o(i.resetPcap) for resetPcap
    filter.o(i.App_Filter_Task) refers to filter.o(i.RunVar_Init) for RunVar_Init
    filter.o(i.App_Filter_Task) refers to f2d.o(.text) for __aeabi_f2d
    filter.o(i.App_Filter_Task) refers to dmul.o(.text) for __aeabi_dmul
    filter.o(i.App_Filter_Task) refers to dfixui.o(.text) for __aeabi_d2uiz
    filter.o(i.App_Filter_Task) refers to filter.o(i.CalcuFloaterDACode) for CalcuFloaterDACode
    filter.o(i.App_Filter_Task) refers to filter.o(i.DAOutPutStabilised) for DAOutPutStabilised
    filter.o(i.App_Filter_Task) refers to da.o(i.DA_Write) for DA_Write
    filter.o(i.App_Filter_Task) refers to da.o(i.DA2_Write) for DA2_Write
    filter.o(i.App_Filter_Task) refers to filter.o(.data) for .data
    filter.o(i.App_Filter_Task) refers to at24cxx.o(.bss) for ProductPara
    filter.o(i.App_Filter_Task) refers to at24cxx.o(.bss) for RunVar
    filter.o(i.App_Filter_Task) refers to da.o(.data) for DAOutDebug
    filter.o(i.App_Filter_Task) refers to da.o(.data) for DAOilDebug
    filter.o(i.CapFilter) refers to at24cxx.o(.bss) for RunVar
    filter.o(i.CapFilter) refers to at24cxx.o(.bss) for ProductPara
    filter.o(i.CapFilter) refers to filter.o(.data) for .data
    filter.o(i.CapFilter) refers to filter.o(.bss) for .bss
    filter.o(i.Capture_TimerInit) refers to filter.o(i.Timer2_Init) for Timer2_Init
    filter.o(i.DAOutPutStabilised) refers to filter.o(.data) for .data
    filter.o(i.FilterProcessInit) refers to thread.o(i.rt_thread_create) for rt_thread_create
    filter.o(i.FilterProcessInit) refers to thread.o(i.rt_thread_startup) for rt_thread_startup
    filter.o(i.FilterProcessInit) refers to filter.o(i.App_Filter_Task) for App_Filter_Task
    filter.o(i.IsNeetResetPcap) refers to at24cxx.o(.bss) for RunVar
    filter.o(i.IsNeetResetPcap) refers to filter.o(.data) for .data
    filter.o(i.Pcap_INTN) refers to gd32e10x_rcu.o(i.rcu_periph_clock_enable) for rcu_periph_clock_enable
    filter.o(i.Pcap_INTN) refers to gd32e10x_gpio.o(i.gpio_init) for gpio_init
    filter.o(i.Pcap_INTN) refers to gd32e10x_misc.o(i.nvic_irq_enable) for nvic_irq_enable
    filter.o(i.Pcap_INTN) refers to gd32e10x_gpio.o(i.gpio_exti_source_select) for gpio_exti_source_select
    filter.o(i.Pcap_INTN) refers to gd32e10x_exti.o(i.exti_init) for exti_init
    filter.o(i.Pcap_INTN) refers to gd32e10x_exti.o(i.exti_interrupt_flag_clear) for exti_interrupt_flag_clear
    filter.o(i.RunVar_Init) refers to at24cxx.o(.bss) for RunVar
    filter.o(i.TIMER2_IRQHandler) refers to gd32e10x_timer.o(i.timer_interrupt_flag_get) for timer_interrupt_flag_get
    filter.o(i.TIMER2_IRQHandler) refers to gd32e10x_timer.o(i.timer_interrupt_flag_clear) for timer_interrupt_flag_clear
    filter.o(i.TIMER2_IRQHandler) refers to pcap.o(i.PCap_Res_Stau) for PCap_Res_Stau
    filter.o(i.TIMER2_IRQHandler) refers to pcap.o(i.PCap_Res_Value) for PCap_Res_Value
    filter.o(i.TIMER2_IRQHandler) refers to pcap.o(i.PCap_MEASURE) for PCap_MEASURE
    filter.o(i.TIMER2_IRQHandler) refers to ipc.o(i.rt_sem_release) for rt_sem_release
    filter.o(i.TIMER2_IRQHandler) refers to at24cxx.o(.bss) for RunVar
    filter.o(i.TIMER2_IRQHandler) refers to filter.o(.data) for .data
    filter.o(i.Timer2_Init) refers to ipc.o(i.rt_sem_create) for rt_sem_create
    filter.o(i.Timer2_Init) refers to gd32e10x_rcu.o(i.rcu_periph_clock_enable) for rcu_periph_clock_enable
    filter.o(i.Timer2_Init) refers to gd32e10x_timer.o(i.timer_deinit) for timer_deinit
    filter.o(i.Timer2_Init) refers to gd32e10x_timer.o(i.timer_init) for timer_init
    filter.o(i.Timer2_Init) refers to gd32e10x_misc.o(i.nvic_irq_enable) for nvic_irq_enable
[...]
    i.usart_word_length_set                  0x080093e6   Section        0  gd32e10x_usart.o(i.usart_word_length_set)
    .constdata                               0x080093f6   Section      512  modbus_asc.o(.constdata)
    .constdata                               0x080095f6   Section       65  at24cxx.o(.constdata)
    .constdata                               0x08009638   Section     1028  pcap.o(.constdata)
    .constdata                               0x08009a3c   Section      290  kservice.o(.constdata)
    small_digits                             0x08009b3c   Data          17  kservice.o(.constdata)
    large_digits                             0x08009b4d   Data          17  kservice.o(.constdata)
    .conststring                             0x08009b60   Section       25  task.o(.conststring)
    .rti_fn.0                                0x08009b7c   Section        4  components.o(.rti_fn.0)
    __tagsym$$used                           0x08009b7c   Number         0  components.o(.rti_fn.0)
    .rti_fn.0.end                            0x08009b80   Section        4  components.o(.rti_fn.0.end)
    __tagsym$$used                           0x08009b80   Number         0  components.o(.rti_fn.0.end)
    .rti_fn.1.end                            0x08009b84   Section        4  components.o(.rti_fn.1.end)
    __tagsym$$used                           0x08009b84   Number         0  components.o(.rti_fn.1.end)
    .rti_fn.2                                0x08009b88   Section        4  filter.o(.rti_fn.2)
    __tagsym$$used                           0x08009b88   Number         0  filter.o(.rti_fn.2)
    .rti_fn.2                                0x08009b8c   Section        4  modbus_asc.o(.rti_fn.2)
    __tagsym$$used                           0x08009b8c   Number         0  modbus_asc.o(.rti_fn.2)
    .rti_fn.6.end                            0x08009b90   Section        4  components.o(.rti_fn.6.end)
    __tagsym$$used                           0x08009b90   Number         0  components.o(.rti_fn.6.end)
    .data                                    0x20000000   Section       28  filter.o(.data)
    ucRawCapEqualCnt                         0x20000002   Data           1  filter.o(.data)
    ucDirBak                                 0x20000003   Data           1  filter.o(.data)
    usBaseRate                               0x20000004   Data           2  filter.o(.data)
    usDABak                                  0x20000006   Data           2  filter.o(.data)
    usLargeThan5PercCnt                      0x20000008   Data           2  filter.o(.data)
    usLargeThan1PercCnt                      0x2000000a   Data           2  filter.o(.data)
    ftemp                                    0x20000018   Data           4  filter.o(.data)
    .data                                    0x2000001c   Section       16  mems.o(.data)
    .data                                    0x2000002c   Section        8  modbus_asc.o(.data)
    .data                                    0x20000034   Section       60  task.o(.data)
    dynamic_thread                           0x2000003c   Data           4  task.o(.data)
    .data                                    0x20000070   Section        9  at24cxx.o(.data)
    .data                                    0x2000007c   Section        8  da.o(.data)
    .data                                    0x20000084   Section        8  da.o(.data)
    .data                                    0x2000008c   Section        4  led.o(.data)
    .data                                    0x20000090   Section       12  pcap.o(.data)
    ucResetCnt                               0x20000090   Data           1  pcap.o(.data)
    .data                                    0x2000009c   Section        1  pcap.o(.data)
    .data                                    0x200000a0   Section       12  usart.o(.data)
    .data                                    0x200000ac   Section        2  ds18b20.o(.data)
    .data                                    0x200000b0   Section        4  system_gd32e10x.o(.data)
    .data                                    0x200000b4   Section        4  cpuport.o(.data)
    rt_exception_hook                        0x200000b4   Data           4  cpuport.o(.data)
    .data                                    0x200000b8   Section        4  cpuport.o(.data)
    .data                                    0x200000bc   Section        4  cpuport.o(.data)
    .data                                    0x200000c0   Section        4  cpuport.o(.data)
    .data                                    0x200000c4   Section        4  clock.o(.data)
    rt_tick                                  0x200000c4   Data           4  clock.o(.data)
    .data                                    0x200000c8   Section        1  irq.o(.data)
    .data                                    0x200000cc   Section       24  mem.o(.data)
    heap_ptr                                 0x200000cc   Data           4  mem.o(.data)
    heap_end                                 0x200000d0   Data           4  mem.o(.data)
    lfree                                    0x200000d4   Data           4  mem.o(.data)
    mem_size_aligned                         0x200000d8   Data           4  mem.o(.data)
    used_mem                                 0x200000dc   Data           4  mem.o(.data)
    max_mem                                  0x200000e0   Data           4  mem.o(.data)
    .data                                    0x200000e4   Section       64  object.o(.data)
    rt_object_container                      0x200000e4   Data          64  object.o(.data)
    .data                                    0x20000124   Section       20  scheduler.o(.data)
    rt_scheduler_lock_nest                   0x20000126   Data           2  scheduler.o(.data)
    .data                                    0x20000138   Section       12  timer.o(.data)
    random_nr                                0x20000138   Data           4  timer.o(.data)
    rt_timer_list                            0x2000013c   Data           8  timer.o(.data)
    .bss                                     0x20000144   Section     5896  filter.o(.bss)
    .bss                                     0x2000184c   Section       12  mems.o(.bss)
    .bss                                     0x20001858   Section      139  modbus_asc.o(.bss)
    .bss                                     0x200018e4   Section     1052  at24cxx.o(.bss)
    .bss                                     0x20001d00   Section       48  at24cxx.o(.bss)
    .bss                                     0x20001d30   Section      400  usart.o(.bss)
    .bss                                     0x20001ec0   Section      376  idle.o(.bss)
    idle                                     0x20001ec0   Data         120  idle.o(.bss)
    rt_thread_stack                          0x20001f38   Data         256  idle.o(.bss)
    .bss                                     0x20002038   Section      128  kservice.o(.bss)
    rt_log_buf                               0x20002038   Data         128  kservice.o(.bss)
    .bss                                     0x200020b8   Section       32  mem.o(.bss)
    heap_sem                                 0x200020b8   Data          32  mem.o(.bss)
    .bss                                     0x200020d8   Section       64  scheduler.o(.bss)
    .bss                                     0x20002118   Section     4096  board.o(.bss)
    rt_heap                                  0x20002118   Data        4096  board.o(.bss)
    STACK                                    0x20003118   Section     1024  startup_gd32e10x.o(STACK)

    Global Symbols

    Symbol Name                              Value     Ov Type        Size  Object(Section)

    BuildAttributes$$THM_ISAv4$E$P$D$K$B$S$7EM$VFPi3$EXTD16$VFPS$VFMA$PE$A:L22UL41UL21$X:L11$S22US41US21$IEEE1$IW$USESV6$~STKCKD$USESV7$~SHL$OTIME$ROPI$IEEEX$EBA8$MICROLIB$REQ8$PRES8$EABIv2 0x00000000   Number         0  anon$$obj.o ABSOLUTE
    __ARM_use_no_argv                        0x00000000   Number         0  main.o ABSOLUTE
    __cpp_initialize__aeabi_                  - Undefined Weak Reference
    __cxa_finalize                            - Undefined Weak Reference
    _clock_init                               - Undefined Weak Reference
    _microlib_exit                            - Undefined Weak Reference
    __Vectors_Size                           0x00000150   Number         0  startup_gd32e10x.o ABSOLUTE
    __Vectors                                0x08004000   Data           4  startup_gd32e10x.o(RESET)
    __Vectors_End                            0x08004150   Data           0  startup_gd32e10x.o(RESET)
    __main                                   0x08004151   Thumb Code     0  entry.o(.ARM.Collect$$$$00000000)
    _main_stk                                0x08004151   Thumb Code     0  entry2.o(.ARM.Collect$$$$00000001)
    _main_scatterload                        0x08004155   Thumb Code     0  entry5.o(.ARM.Collect$$$$00000004)
    __main_after_scatterload                 0x08004159   Thumb Code     0  entry5.o(.ARM.Collect$$$$00000004)
    _main_clock                              0x08004159   Thumb Code     0  entry7b.o(.ARM.Collect$$$$00000008)
    _main_cpp_init                           0x08004159   Thumb Code     0  entry8b.o(.ARM.Collect$$$$0000000A)
    _main_init                               0x08004159   Thumb Code     0  entry9a.o(.ARM.Collect$$$$0000000B)
    __rt_final_cpp                           0x08004161   Thumb Code     0  entry10a.o(.ARM.Collect$$$$0000000D)
    __rt_final_exit                          0x08004161   Thumb Code     0  entry11a.o(.ARM.Collect$$$$0000000F)
    Reset_Handler                            0x08004165   Thumb Code     8  startup_gd32e10x.o(.text)
    ADC0_1_IRQHandler                        0x0800417f   Thumb Code     0  startup_gd32e10x.o(.text)
    DMA0_Channel0_IRQHandler                 0x0800417f   Thumb Code     0  startup_gd32e10x.o(.text)
    DMA0_Channel1_IRQHandler                 0x0800417f   Thumb Code     0  startup_gd32e10x.o(.text)
    DMA0_Channel2_IRQHandler                 0x0800417f   Thumb Code     0  startup_gd32e10x.o(.text)
    DMA0_Channel3_IRQHandler                 0x0800417f   Thumb Code     0  startup_gd32e10x.o(.text)
    DMA0_Channel4_IRQHandler                 0x0800417f   Thumb Code     0  startup_gd32e10x.o(.text)
    DMA0_Channel5_IRQHandler                 0x0800417f   Thumb Code     0  startup_gd32e10x.o(.text)
    DMA0_Channel6_IRQHandler                 0x0800417f   Thumb Code     0  startup_gd32e10x.o(.text)
    DMA1_Channel0_IRQHandler                 0x0800417f   Thumb Code     0  startup_gd32e10x.o(.text)
    DMA1_Channel1_IRQHandler                 0x0800417f   Thumb Code     0  startup_gd32e10x.o(.text)
    DMA1_Channel2_IRQHandler                 0x0800417f   Thumb Code     0  startup_gd32e10x.o(.text)
    DMA1_Channel3_IRQHandler                 0x0800417f   Thumb Code     0  startup_gd32e10x.o(.text)
    DMA1_Channel4_IRQHandler                 0x0800417f   Thumb Code     0  startup_gd32e10x.o(.text)
    EXMC_IRQHandler                          0x0800417f   Thumb Code     0  startup_gd32e10x.o(.text)
    EXTI0_IRQHandler                         0x0800417f   Thumb Code     0  startup_gd32e10x.o(.text)
    EXTI1_IRQHandler                         0x0800417f   Thumb Code     0  startup_gd32e10x.o(.text)
    EXTI2_IRQHandler                         0x0800417f   Thumb Code     0  startup_gd32e10x.o(.text)
    EXTI3_IRQHandler                         0x0800417f   Thumb Code     0  startup_gd32e10x.o(.text)
    EXTI4_IRQHandler                         0x0800417f   Thumb Code     0  startup_gd32e10x.o(.text)
    EXTI5_9_IRQHandler                       0x0800417f   Thumb Code     0  startup_gd32e10x.o(.text)
    FMC_IRQHandler                           0x0800417f   Thumb Code     0  startup_gd32e10x.o(.text)
    I2C0_ER_IRQHandler                       0x0800417f   Thumb Code     0  startup_gd32e10x.o(.text)
    I2C0_EV_IRQHandler                       0x0800417f   Thumb Code     0  startup_gd32e10x.o(.text)
    I2C1_ER_IRQHandler                       0x0800417f   Thumb Code     0  startup_gd32e10x.o(.text)
    I2C1_EV_IRQHandler                       0x0800417f   Thumb Code     0  startup_gd32e10x.o(.text)
    LVD_IRQHandler                           0x0800417f   Thumb Code     0  startup_gd32e10x.o(.text)
    RCU_CTC_IRQHandler                       0x0800417f   Thumb Code     0  startup_gd32e10x.o(.text)
    RTC_Alarm_IRQHandler                     0x0800417f   Thumb Code     0  startup_gd32e10x.o(.text)
    RTC_IRQHandler                           0x0800417f   Thumb Code     0  startup_gd32e10x.o(.text)
    SPI0_IRQHandler                          0x0800417f   Thumb Code     0  startup_gd32e10x.o(.text)
    SPI1_IRQHandler                          0x0800417f   Thumb Code     0  startup_gd32e10x.o(.text)
    SPI2_IRQHandler                          0x0800417f   Thumb Code     0  startup_gd32e10x.o(.text)
    TAMPER_IRQHandler                        0x0800417f   Thumb Code     0  startup_gd32e10x.o(.text)
    TIMER0_BRK_TIMER8_IRQHandler             0x0800417f   Thumb Code     0  startup_gd32e10x.o(.text)
    TIMER0_Channel_IRQHandler                0x0800417f   Thumb Code     0  startup_gd32e10x.o(.text)
    TIMER0_TRG_CMT_TIMER10_IRQHandler        0x0800417f   Thumb Code     0  startup_gd32e10x.o(.text)
    TIMER0_UP_TIMER9_IRQHandler              0x0800417f   Thumb Code     0  startup_gd32e10x.o(.text)
    TIMER4_IRQHandler                        0x0800417f   Thumb Code     0  startup_gd32e10x.o(.text)
    TIMER5_IRQHandler                        0x0800417f   Thumb Code     0  startup_gd32e10x.o(.text)
    TIMER6_IRQHandler                        0x0800417f   Thumb Code     0  startup_gd32e10x.o(.text)
    TIMER7_BRK_TIMER11_IRQHandler            0x0800417f   Thumb Code     0  startup_gd32e10x.o(.text)
    TIMER7_Channel_IRQHandler                0x0800417f   Thumb Code     0  startup_gd32e10x.o(.text)
    TIMER7_TRG_CMT_TIMER13_IRQHandler        0x0800417f   Thumb Code     0  startup_gd32e10x.o(.text)
    TIMER7_UP_TIMER12_IRQHandler             0x0800417f   Thumb Code     0  startup_gd32e10x.o(.text)
    UART3_IRQHandler                         0x0800417f   Thumb Code     0  startup_gd32e10x.o(.text)
    UART4_IRQHandler                         0x0800417f   Thumb Code     0  startup_gd32e10x.o(.text)
    USART1_IRQHandler                        0x0800417f   Thumb Code     0  startup_gd32e10x.o(.text)
    USART2_IRQHandler                        0x0800417f   Thumb Code     0  startup_gd32e10x.o(.text)
    USBFS_IRQHandler                         0x0800417f   Thumb Code     0  startup_gd32e10x.o(.text)
    USBFS_WKUP_IRQHandler                    0x0800417f   Thumb Code     0  startup_gd32e10x.o(.text)
    WWDGT_IRQHandler                         0x0800417f   Thumb Code     0  startup_gd32e10x.o(.text)
    rt_hw_interrupt_disable                  0x08004189   Thumb Code     8  context_rvds.o(.text)
    rt_hw_interrupt_enable                   0x08004191   Thumb Code     6  context_rvds.o(.text)
    rt_hw_context_switch                     0x08004197   Thumb Code    32  context_rvds.o(.text)
    rt_hw_context_switch_interrupt           0x08004197   Thumb Code     0  context_rvds.o(.text)
    PendSV_Handler                           0x080041b7   Thumb Code   108  context_rvds.o(.text)
    rt_hw_context_switch_to                  0x08004223   Thumb Code    68  context_rvds.o(.text)
    rt_hw_interrupt_thread_switch            0x08004267   Thumb Code     2  context_rvds.o(.text)
    HardFault_Handler                        0x08004269   Thumb Code    56  context_rvds.o(.text)
    strcmp                                   0x080042bd   Thumb Code    28  strcmp.o(.text)
    __aeabi_dmul                             0x080042d9   Thumb Code   228  dmul.o(.text)
    __aeabi_ddiv                             0x080043bd   Thumb Code   222  ddiv.o(.text)
    __aeabi_ui2d                             0x0800449b   Thumb Code    26  dfltui.o(.text)
    __aeabi_d2uiz                            0x080044b5   Thumb Code    50  dfixui.o(.text)
    __aeabi_f2d                              0x080044e7   Thumb Code    38  f2d.o(.text)
    __aeabi_d2f                              0x0800450d   Thumb Code    56  d2f.o(.text)
    __aeabi_llsl                             0x08004545   Thumb Code    30  llshl.o(.text)
    _ll_shift_l                              0x08004545   Thumb Code     0  llshl.o(.text)
    __aeabi_llsr                             0x08004563   Thumb Code    32  llushr.o(.text)
    _ll_ushift_r                             0x08004563   Thumb Code     0  llushr.o(.text)
    __I$use$fp                               0x08004583   Thumb Code     0  iusefp.o(.text)
    _float_round                             0x08004583   Thumb Code    18  fepilogue.o(.text)
    _float_epilogue                          0x08004595   Thumb Code    92  fepilogue.o(.text)
    _double_round                            0x080045f1   Thumb Code    30  depilogue.o(.text)
    _double_epilogue                         0x0800460f   Thumb Code   156  depilogue.o(.text)
    __scatterload                            0x080046ad   Thumb Code    28  init.o(.text)
    __scatterload_rt2                        0x080046ad   Thumb Code     0  init.o(.text)
    __decompress                             0x080046d1   Thumb Code     0  __dczerorl2.o(.text)
    __decompress1                            0x080046d1   Thumb Code    86  __dczerorl2.o(.text)
    main                                     0x08004727   Thumb Code    10  components.o(i.$Sub$$main)
    APP_MB_Task                              0x08004731   Thumb Code   154  modbus_asc.o(i.APP_MB_Task)
    App_CreateObject                         0x080047e5   Thumb Code    42  task.o(i.App_CreateObject)
    App_Filter_Task                          0x08004851   Thumb Code   300  filter.o(i.App_Filter_Task)
    App_MEMSAndTemp_Task                     0x080049a5   Thumb Code   110  mems.o(i.App_MEMSAndTemp_Task)
    ArrToHex                                 0x08004a2d   Thumb Code    22  algorithm.o(i.ArrToHex)
    AutoUpLoadFrame                          0x08004a45   Thumb Code   132  modbus_asc.o(i.AutoUpLoadFrame)
    BusFault_Handler                         0x08004ad5   Thumb Code     2  gd32e10x_it.o(i.BusFault_Handler)
    CalcuFloaterDACode                       0x08004ad7   Thumb Code    76  filter.o(i.CalcuFloaterDACode)
    CapCalibrate                             0x08004b25   Thumb Code   122  capacitive.o(i.CapCalibrate)
    CapFilter                                0x08004bbd   Thumb Code   578  filter.o(i.CapFilter)
    Check_Calib_Backup                       0x08004e19   Thumb Code   150  at24cxx.o(i.Check_Calib_Backup)
    Check_User_Backup                        0x08004eb5   Thumb Code   144  at24cxx.o(i.Check_User_Backup)
    DA2_Write                                0x08004f4d   Thumb Code    58  da.o(i.DA2_Write)
    DAOutPutStabilised                       0x08004f89   Thumb Code   130  filter.o(i.DAOutPutStabilised)
    DA_Init                                  0x08005011   Thumb Code    34  da.o(i.DA_Init)
    DA_Write                                 0x08005039   Thumb Code    58  da.o(i.DA_Write)
    DS18B20_Check                            0x08005075   Thumb Code    88  ds18b20.o(i.DS18B20_Check)
    DS18B20_Get_Temp                         0x080050d1   Thumb Code    80  ds18b20.o(i.DS18B20_Get_Temp)
    DS18B20_Init                             0x08005125   Thumb Code    18  ds18b20.o(i.DS18B20_Init)
    DS18B20_Input                            0x08005139   Thumb Code    26  ds18b20.o(i.DS18B20_Input)
    DS18B20_Output                           0x08005159   Thumb Code    26  ds18b20.o(i.DS18B20_Output)
    DS18B20_Read_Bit                         0x08005179   Thumb Code    74  ds18b20.o(i.DS18B20_Read_Bit)
    DS18B20_Read_Byte                        0x080051c9   Thumb Code    30  ds18b20.o(i.DS18B20_Read_Byte)
    DS18B20_Rst                              0x080051e9   Thumb Code    44  ds18b20.o(i.DS18B20_Rst)
    DS18B20_Start                            0x08005219   Thumb Code    26  ds18b20.o(i.DS18B20_Start)
    DS18B20_Write_Byte                       0x08005235   Thumb Code    96  ds18b20.o(i.DS18B20_Write_Byte)
    DebugMon_Handler                         0x08005299   Thumb Code     2  gd32e10x_it.o(i.DebugMon_Handler)
    Delay_Ms                                 0x0800529b   Thumb Code    12  softwareiic.o(i.Delay_Ms)
    Delay_Us                                 0x080052a7   Thumb Code    12  softwareiic.o(i.Delay_Us)
    EEProm_Init                              0x080052b3   Thumb Code     4  at24cxx.o(i.EEProm_Init)
    EXTI10_15_IRQHandler                     0x080052b9   Thumb Code    60  mems.o(i.EXTI10_15_IRQHandler)
    HexToFloat                               0x08005331   Thumb Code    26  algorithm.o(i.HexToFloat)
    I2C1_ReadByte                            0x0800534b   Thumb Code    66  at24cxx.o(i.I2C1_ReadByte)
    I2C1_ReadNBytes                          0x0800538d   Thumb Code    42  at24cxx.o(i.I2C1_ReadNBytes)
    I2C1_WNBytesMul3T                        0x080053b9   Thumb Code    78  at24cxx.o(i.I2C1_WNBytesMul3T)
    I2C1_WriteByte                           0x0800540d   Thumb Code    74  at24cxx.o(i.I2C1_WriteByte)
    I2C1_WriteNBytes                         0x0800545d   Thumb Code    50  at24cxx.o(i.I2C1_WriteNBytes)
    IIC_Ack                                  0x08005495   Thumb Code    64  softwareiic.o(i.IIC_Ack)
    IIC_Init                                 0x080054d9   Thumb Code    52  softwareiic.o(i.IIC_Init)
    IIC_NAck                                 0x08005511   Thumb Code    64  softwareiic.o(i.IIC_NAck)
    IIC_Read_Byte                            0x08005555   Thumb Code    96  softwareiic.o(i.IIC_Read_Byte)
    IIC_Send_Byte                            0x080055b9   Thumb Code    86  softwareiic.o(i.IIC_Send_Byte)
    IIC_Start                                0x08005615   Thumb Code    64  softwareiic.o(i.IIC_Start)
    IIC_Stop                                 0x08005659   Thumb Code    64  softwareiic.o(i.IIC_Stop)
    IIC_Wait_Ack                             0x0800569d   Thumb Code    88  softwareiic.o(i.IIC_Wait_Ack)
    IsNeetResetPcap                          0x080056f9   Thumb Code    54  filter.o(i.IsNeetResetPcap)
    LED_Close                                0x08005739   Thumb Code     8  led.o(i.LED_Close)
    LED_Double_Light                         0x08005745   Thumb Code    50  led.o(i.LED_Double_Light)
    LED_Init                                 0x0800577d   Thumb Code    32  led.o(i.LED_Init)
    LED_Open                                 0x0800579d   Thumb Code     8  led.o(i.LED_Open)
    LED_Short_Light                          0x080057a9   Thumb Code     4  led.o(i.LED_Short_Light)
    MBRTU_CheckCRC16                         0x080057ad   Thumb Code    16  modbus_asc.o(i.MBRTU_CheckCRC16)
    MBRTU_Fun03                              0x080057bd   Thumb Code   340  modbus_asc.o(i.MBRTU_Fun03)
    MBRTU_Fun04                              0x0800592d   Thumb Code   240  modbus_asc.o(i.MBRTU_Fun04)
    MBRTU_Fun05                              0x08005a3d   Thumb Code   282  modbus_asc.o(i.MBRTU_Fun05)
    MBRTU_Fun10                              0x08005b75   Thumb Code   484  modbus_asc.o(i.MBRTU_Fun10)
    MBRTU_Fun25                              0x08005d75   Thumb Code   316  modbus_asc.o(i.MBRTU_Fun25)
    MBRTU_Fun26                              0x08005ed9   Thumb Code   396  modbus_asc.o(i.MBRTU_Fun26)
    MBRTU_Fun27                              0x0800607d   Thumb Code   664  modbus_asc.o(i.MBRTU_Fun27)
    MBRTU_Fun2A                              0x0800632d   Thumb Code    56  modbus_asc.o(i.MBRTU_Fun2A)
    MBRTU_Fun2B                              0x0800636d   Thumb Code    28  modbus_asc.o(i.MBRTU_Fun2B)
    MBRTU_Function                           0x0800638d   Thumb Code   220  modbus_asc.o(i.MBRTU_Function)
    MBRTU_GetCRC16                           0x08006475   Thumb Code    36  modbus_asc.o(i.MBRTU_GetCRC16)
    MBRTU_SendErr                            0x0800649d   Thumb Code    28  modbus_asc.o(i.MBRTU_SendErr)
    MBRTU_SendMsg                            0x080064c1   Thumb Code    48  modbus_asc.o(i.MBRTU_SendMsg)
    MBRTU_SendMsg_NoLimit                    0x080064f5   Thumb Code    42  modbus_asc.o(i.MBRTU_SendMsg_NoLimit)
    MemManage_Handler                        0x08006525   Thumb Code     2  gd32e10x_it.o(i.MemManage_Handler)
    NMI_Handler                              0x08006555   Thumb Code     2  gd32e10x_it.o(i.NMI_Handler)
    PCap_Enable                              0x08006579   Thumb Code    20  pcap.o(i.PCap_Enable)
    PCap_Init                                0x08006591   Thumb Code    98  pcap.o(i.PCap_Init)
    PCap_MEASURE                             0x080065f9   Thumb Code    20  pcap.o(i.PCap_MEASURE)
    PCap_PTL_Reset                           0x0800660d   Thumb Code    20  pcap.o(i.PCap_PTL_Reset)
    PCap_Reg_Config                          0x08006621   Thumb Code    30  pcap.o(i.PCap_Reg_Config)
    PCap_Res_Stau                            0x08006645   Thumb Code    28  pcap.o(i.PCap_Res_Stau)
    PCap_Res_Value                           0x08006665   Thumb Code    26  pcap.o(i.PCap_Res_Value)
    PCap_Reset                               0x0800667f   Thumb Code    20  pcap.o(i.PCap_Reset)
    PCap_SPI_Init                            0x08006695   Thumb Code    90  pcap.o(i.PCap_SPI_Init)
    PCap_WR_SRAM                             0x080066fd   Thumb Code   106  pcap.o(i.PCap_WR_SRAM)
    Rd_Dev_Param                             0x0800676d   Thumb Code   418  at24cxx.o(i.Rd_Dev_Param)
    RunVar_Init                              0x0800692d   Thumb Code    22  filter.o(i.RunVar_Init)
    SPI_Disable                              0x0800694d   Thumb Code    10  pcap.o(i.SPI_Disable)
    SPI_Enable                               0x0800695d   Thumb Code    10  pcap.o(i.SPI_Enable)
    SVC_Handler                              0x0800696d   Thumb Code     2  gd32e10x_it.o(i.SVC_Handler)
    Switch_Fiter                             0x08006971   Thumb Code   126  at24cxx.o(i.Switch_Fiter)
    SysTick_Handler                          0x080069fd   Thumb Code    18  board.o(i.SysTick_Handler)
    SystemCoreClockUpdate                    0x08006a11   Thumb Code   160  system_gd32e10x.o(i.SystemCoreClockUpdate)
    SystemInit                               0x08006ac9   Thumb Code    68  system_gd32e10x.o(i.SystemInit)
    TIMER1_IRQHandler                        0x08006b19   Thumb Code    86  usart.o(i.TIMER1_IRQHandler)
    TIMER2_IRQHandler                        0x08006b75   Thumb Code    58  filter.o(i.TIMER2_IRQHandler)
    TIMER3_IRQHandler                        0x08006bbd   Thumb Code    34  modbus_asc.o(i.TIMER3_IRQHandler)
    Timer1_Init                              0x08006be9   Thumb Code   120  usart.o(i.Timer1_Init)
    Timer2_Init                              0x08006c61   Thumb Code    96  filter.o(i.Timer2_Init)
    Timer3_Init                              0x08006cd9   Thumb Code    90  modbus_asc.o(i.Timer3_Init)
    UART1_Init                               0x08006d39   Thumb Code   332  usart.o(i.UART1_Init)
    UART1_RecvData                           0x08006e9d   Thumb Code    54  usart.o(i.UART1_RecvData)
    UART1_SendData                           0x08006edd   Thumb Code    82  usart.o(i.UART1_SendData)
    USART0_IRQHandler                        0x08006f41   Thumb Code   222  usart.o(i.USART0_IRQHandler)
    UsageFault_Handler                       0x0800703d   Thumb Code     2  gd32e10x_it.o(i.UsageFault_Handler)
    __rt_ffs                                 0x08007041   Thumb Code    64  kservice.o(i.__rt_ffs)
    __scatterload_copy                       0x08007085   Thumb Code    14  handlers.o(i.__scatterload_copy)
    __scatterload_null                       0x08007093   Thumb Code     2  handlers.o(i.__scatterload_null)
    __scatterload_zeroinit                   0x08007095   Thumb Code    14  handlers.o(i.__scatterload_zeroinit)
    dac_data_set                             0x08007181   Thumb Code    58  gd32e10x_dac.o(i.dac_data_set)
    dac_deinit                               0x080071c1   Thumb Code    22  gd32e10x_dac.o(i.dac_deinit)
    dac_enable                               0x080071d9   Thumb Code    22  gd32e10x_dac.o(i.dac_enable)
    dac_output_buffer_enable                 0x080071f5   Thumb Code    22  gd32e10x_dac.o(i.dac_output_buffer_enable)
    dac_trigger_disable                      0x08007211   Thumb Code    22  gd32e10x_dac.o(i.dac_trigger_disable)
    dac_wave_mode_config                     0x0800722d   Thumb Code    36  gd32e10x_dac.o(i.dac_wave_mode_config)
    delay_15us                               0x08007255   Thumb Code     8  ds18b20.o(i.delay_15us)
    delay_60us                               0x0800725d   Thumb Code    10  ds18b20.o(i.delay_60us)
    delay_750us                              0x08007267   Thumb Code    10  ds18b20.o(i.delay_750us)
    delay_us                                 0x08007271   Thumb Code     6  ds18b20.o(i.delay_us)
    dma_channel_disable                      0x08007277   Thumb Code    32  gd32e10x_dma.o(i.dma_channel_disable)
    dma_interrupt_disable                    0x08007297   Thumb Code    32  gd32e10x_dma.o(i.dma_interrupt_disable)
    exti_interrupt_flag_clear                0x080072d1   Thumb Code     6  gd32e10x_exti.o(i.exti_interrupt_flag_clear)
    exti_interrupt_flag_get                  0x080072dd   Thumb Code    26  gd32e10x_exti.o(i.exti_interrupt_flag_get)
    floatToHexArray                          0x08007301   Thumb Code    30  algorithm.o(i.floatToHexArray)
    fwdgt_config                             0x08007321   Thumb Code    72  gd32e10x_fwdgt.o(i.fwdgt_config)
    fwdgt_counter_reload                     0x08007371   Thumb Code    10  gd32e10x_fwdgt.o(i.fwdgt_counter_reload)
    fwdgt_enable                             0x08007381   Thumb Code    10  gd32e10x_fwdgt.o(i.fwdgt_enable)
    get_device_addr                          0x08007391   Thumb Code    28  modbus_asc.o(i.get_device_addr)
    gpio_bit_reset                           0x080073b9   Thumb Code     4  gd32e10x_gpio.o(i.gpio_bit_reset)
    gpio_bit_set                             0x080073bd   Thumb Code     4  gd32e10x_gpio.o(i.gpio_bit_set)
    gpio_bit_write                           0x080073c1   Thumb Code    10  gd32e10x_gpio.o(i.gpio_bit_write)
    gpio_init                                0x080073cb   Thumb Code   160  gd32e10x_gpio.o(i.gpio_init)
    gpio_input_bit_get                       0x0800746b   Thumb Code    10  gd32e10x_gpio.o(i.gpio_input_bit_get)
    gpio_pin_remap_config                    0x08007475   Thumb Code    82  gd32e10x_gpio.o(i.gpio_pin_remap_config)
    $Super$$main                             0x080074cd   Thumb Code    58  main.o(i.main)
    main_thread_entry                        0x08007507   Thumb Code    14  components.o(i.main_thread_entry)
    nvic_irq_enable                          0x08007515   Thumb Code   132  gd32e10x_misc.o(i.nvic_irq_enable)
    nvic_priority_group_set                  0x0800759d   Thumb Code    10  gd32e10x_misc.o(i.nvic_priority_group_set)
    nvic_vector_table_set                    0x080075b1   Thumb Code    12  gd32e10x_misc.o(i.nvic_vector_table_set)
    rcu_clock_freq_get                       0x08007745   Thumb Code   258  gd32e10x_rcu.o(i.rcu_clock_freq_get)
    rcu_flag_get                             0x0800786d   Thumb Code    28  gd32e10x_rcu.o(i.rcu_flag_get)
    rcu_osci_on                              0x0800788d   Thumb Code    22  gd32e10x_rcu.o(i.rcu_osci_on)
    rcu_osci_stab_wait                       0x080078a9   Thumb Code   232  gd32e10x_rcu.o(i.rcu_osci_stab_wait)
    rcu_periph_clock_enable                  0x08007995   Thumb Code    22  gd32e10x_rcu.o(i.rcu_periph_clock_enable)
    rcu_periph_reset_disable                 0x080079b1   Thumb Code    22  gd32e10x_rcu.o(i.rcu_periph_reset_disable)
    rcu_periph_reset_enable                  0x080079cd   Thumb Code    22  gd32e10x_rcu.o(i.rcu_periph_reset_enable)
    resetPcap                                0x080079e9   Thumb Code   166  pcap.o(i.resetPcap)
    rt_application_init                      0x08007aa1   Thumb Code    30  components.o(i.rt_application_init)
    rt_components_board_init                 0x08007acd   Thumb Code    20  components.o(i.rt_components_board_init)
    rt_components_init                       0x08007ae9   Thumb Code    20  components.o(i.rt_components_init)
    rt_enter_critical                        0x08007b05   Thumb Code    22  scheduler.o(i.rt_enter_critical)
    rt_exit_critical                         0x08007b21   Thumb Code    52  scheduler.o(i.rt_exit_critical)
    rt_free                                  0x08007b59   Thumb Code   112  mem.o(i.rt_free)
    rt_heap_begin_get                        0x08007c1d   Thumb Code     4  board.o(i.rt_heap_begin_get)
    rt_heap_end_get                          0x08007c25   Thumb Code     4  board.o(i.rt_heap_end_get)
    rt_hw_board_init                         0x08007c2d   Thumb Code    82  board.o(i.rt_hw_board_init)
    rt_hw_console_output                     0x08007c85   Thumb Code     2  kservice.o(i.rt_hw_console_output)
    rt_hw_hard_fault_exception               0x08007c89   Thumb Code   190  cpuport.o(i.rt_hw_hard_fault_exception)
    rt_hw_stack_init                         0x08007e99   Thumb Code    56  cpuport.o(i.rt_hw_stack_init)
    rt_interrupt_enter                       0x08007ed5   Thumb Code    22  irq.o(i.rt_interrupt_enter)
    rt_interrupt_leave                       0x08007ef1   Thumb Code    22  irq.o(i.rt_interrupt_leave)
    rt_kprintf                               0x08007f5d   Thumb Code    28  kservice.o(i.rt_kprintf)
    rt_malloc                                0x08008009   Thumb Code   232  mem.o(i.rt_malloc)
    rt_memset                                0x080080f9   Thumb Code    68  kservice.o(i.rt_memset)
    rt_object_allocate                       0x0800813d   Thumb Code    76  object.o(i.rt_object_allocate)
    rt_object_delete                         0x08008189   Thumb Code    38  object.o(i.rt_object_delete)
    rt_object_detach                         0x080081af   Thumb Code    32  object.o(i.rt_object_detach)
    rt_object_get_information                0x080081d1   Thumb Code    30  object.o(i.rt_object_get_information)
    rt_object_init                           0x080081f5   Thumb Code    80  object.o(i.rt_object_init)
    rt_object_is_systemobject                0x08008245   Thumb Code    14  object.o(i.rt_object_is_systemobject)
    rt_schedule                              0x08008255   Thumb Code    76  scheduler.o(i.rt_schedule)
    rt_schedule_insert_thread                0x080082ad   Thumb Code    70  scheduler.o(i.rt_schedule_insert_thread)
    rt_schedule_remove_thread                0x080082fd   Thumb Code    66  scheduler.o(i.rt_schedule_remove_thread)
    rt_sem_create                            0x08008349   Thumb Code    32  ipc.o(i.rt_sem_create)
    rt_sem_init                              0x08008369   Thumb Code    36  ipc.o(i.rt_sem_init)
    rt_sem_release                           0x0800838d   Thumb Code    76  ipc.o(i.rt_sem_release)
    rt_sem_take                              0x080083d9   Thumb Code   110  ipc.o(i.rt_sem_take)
    rt_show_version                          0x08008449   Thumb Code    40  kservice.o(i.rt_show_version)
    rt_strncpy                               0x080084f9   Thumb Code    38  kservice.o(i.rt_strncpy)
    rt_system_heap_init                      0x08008521   Thumb Code    98  mem.o(i.rt_system_heap_init)
    rt_system_scheduler_init                 0x080085d1   Thumb Code    44  scheduler.o(i.rt_system_scheduler_init)
    rt_system_scheduler_start                0x08008605   Thumb Code    32  scheduler.o(i.rt_system_scheduler_start)
    rt_system_timer_init                     0x0800862d   Thumb Code    18  timer.o(i.rt_system_timer_init)
    rt_system_timer_thread_init              0x08008645   Thumb Code     2  timer.o(i.rt_system_timer_thread_init)
    rt_thread_create                         0x08008647   Thumb Code    72  thread.o(i.rt_thread_create)
    rt_thread_delay                          0x0800868f   Thumb Code     4  thread.o(i.rt_thread_delay)
    rt_thread_exit                           0x08008695   Thumb Code    80  thread.o(i.rt_thread_exit)
    rt_thread_idle_excute                    0x080086f5   Thumb Code    68  idle.o(i.rt_thread_idle_excute)
    rt_thread_idle_init                      0x0800873d   Thumb Code    40  idle.o(i.rt_thread_idle_init)
    rt_thread_init                           0x08008775   Thumb Code    48  thread.o(i.rt_thread_init)
    rt_thread_resume                         0x080087a5   Thumb Code    60  thread.o(i.rt_thread_resume)
    rt_thread_self                           0x080087e1   Thumb Code     6  thread.o(i.rt_thread_self)
    rt_thread_sleep                          0x080087ed   Thumb Code    60  thread.o(i.rt_thread_sleep)
    rt_thread_startup                        0x0800882d   Thumb Code    40  thread.o(i.rt_thread_startup)
    rt_thread_suspend                        0x08008859   Thumb Code    66  thread.o(i.rt_thread_suspend)
    rt_thread_timeout                        0x0800889b   Thumb Code    32  thread.o(i.rt_thread_timeout)
    rt_thread_yield                          0x080088bd   Thumb Code    86  thread.o(i.rt_thread_yield)
    rt_tick_get                              0x0800891d   Thumb Code     6  clock.o(i.rt_tick_get)
    rt_tick_increase                         0x08008929   Thumb Code    38  clock.o(i.rt_tick_increase)
    rt_timer_check                           0x08008955   Thumb Code   142  timer.o(i.rt_timer_check)
    rt_timer_control                         0x080089e9   Thumb Code    72  timer.o(i.rt_timer_control)
    rt_timer_create                          0x08008a31   Thumb Code    46  timer.o(i.rt_timer_create)
    rt_timer_detach                          0x08008a5f   Thumb Code    40  timer.o(i.rt_timer_detach)
    rt_timer_init                            0x08008a87   Thumb Code    40  timer.o(i.rt_timer_init)
    rt_timer_start                           0x08008ab1   Thumb Code   140  timer.o(i.rt_timer_start)
    rt_timer_stop                            0x08008b41   Thumb Code    46  timer.o(i.rt_timer_stop)
    rt_vsnprintf                             0x08008b71   Thumb Code   600  kservice.o(i.rt_vsnprintf)
    rtthread_startup                         0x08008de1   Thumb Code    42  components.o(i.rtthread_startup)
    spi_read24                               0x08008e35   Thumb Code    48  pcap.o(i.spi_read24)
    spi_read8                                0x08008e69   Thumb Code    50  pcap.o(i.spi_read8)
    spi_send_0                               0x08008ea1   Thumb Code    32  pcap.o(i.spi_send_0)
    spi_send_1                               0x08008ec5   Thumb Code    32  pcap.o(i.spi_send_1)
    spi_write16                              0x08008ee9   Thumb Code    30  pcap.o(i.spi_write16)
    spi_write32                              0x08008f07   Thumb Code    30  pcap.o(i.spi_write32)
    spi_write8                               0x08008f25   Thumb Code    32  pcap.o(i.spi_write8)
    systick_config                           0x08008fcd   Thumb Code    60  systick.o(i.systick_config)
    task_Init                                0x0800900d   Thumb Code    78  task.o(i.task_Init)
    timer_auto_reload_shadow_enable          0x08009065   Thumb Code    10  gd32e10x_timer.o(i.timer_auto_reload_shadow_enable)
    timer_counter_value_config               0x0800906f   Thumb Code     4  gd32e10x_timer.o(i.timer_counter_value_config)
    timer_deinit                             0x08009075   Thumb Code   188  gd32e10x_timer.o(i.timer_deinit)
    timer_disable                            0x0800913d   Thumb Code    10  gd32e10x_timer.o(i.timer_disable)
    timer_enable                             0x08009147   Thumb Code    10  gd32e10x_timer.o(i.timer_enable)
    timer_init                               0x08009151   Thumb Code   132  gd32e10x_timer.o(i.timer_init)
    timer_interrupt_disable                  0x080091f1   Thumb Code     8  gd32e10x_timer.o(i.timer_interrupt_disable)
    timer_interrupt_enable                   0x080091f9   Thumb Code     8  gd32e10x_timer.o(i.timer_interrupt_enable)
    timer_interrupt_flag_clear               0x08009201   Thumb Code     6  gd32e10x_timer.o(i.timer_interrupt_flag_clear)
    timer_interrupt_flag_get                 0x08009207   Thumb Code    20  gd32e10x_timer.o(i.timer_interrupt_flag_get)
    timer_struct_para_init                   0x0800921b   Thumb Code    20  gd32e10x_timer.o(i.timer_struct_para_init)
    usart_baudrate_set                       0x08009231   Thumb Code    76  gd32e10x_usart.o(i.usart_baudrate_set)
    usart_data_receive                       0x08009285   Thumb Code     8  gd32e10x_usart.o(i.usart_data_receive)
    usart_data_transmit                      0x0800928d   Thumb Code     8  gd32e10x_usart.o(i.usart_data_transmit)
    usart_deinit                             0x08009295   Thumb Code    80  gd32e10x_usart.o(i.usart_deinit)
    usart_disable                            0x080092ed   Thumb Code    10  gd32e10x_usart.o(i.usart_disable)
    usart_enable                             0x080092f7   Thumb Code    10  gd32e10x_usart.o(i.usart_enable)
    usart_flag_clear                         0x08009301   Thumb Code    20  gd32e10x_usart.o(i.usart_flag_clear)
    usart_flag_get                           0x08009315   Thumb Code    22  gd32e10x_usart.o(i.usart_flag_get)
    usart_hardware_flow_cts_config           0x0800932b   Thumb Code    12  gd32e10x_usart.o(i.usart_hardware_flow_cts_config)
    usart_hardware_flow_rts_config           0x08009337   Thumb Code    12  gd32e10x_usart.o(i.usart_hardware_flow_rts_config)
    usart_interrupt_disable                  0x08009343   Thumb Code    20  gd32e10x_usart.o(i.usart_interrupt_disable)
    usart_interrupt_enable                   0x08009357   Thumb Code    20  gd32e10x_usart.o(i.usart_interrupt_enable)
    usart_interrupt_flag_clear               0x0800936b   Thumb Code    20  gd32e10x_usart.o(i.usart_interrupt_flag_clear)
    usart_interrupt_flag_get                 0x0800937f   Thumb Code    48  gd32e10x_usart.o(i.usart_interrupt_flag_get)
    usart_parity_config                      0x080093af   Thumb Code    16  gd32e10x_usart.o(i.usart_parity_config)
    usart_receive_config                     0x080093bf   Thumb Code    12  gd32e10x_usart.o(i.usart_receive_config)
    usart_stop_bit_set                       0x080093cb   Thumb Code    16  gd32e10x_usart.o(i.usart_stop_bit_set)
    usart_transmit_config                    0x080093db   Thumb Code    12  gd32e10x_usart.o(i.usart_transmit_config)
    usart_word_length_set                    0x080093e7   Thumb Code    16  gd32e10x_usart.o(i.usart_word_length_set)
    auchCRCLo                                0x080093f6   Data         256  modbus_asc.o(.constdata)
    auchCRCHi                                0x080094f6   Data         256  modbus_asc.o(.constdata)
    User_Default_Param                       0x080095f6   Data          65  at24cxx.o(.constdata)
    SRAM_DATA                                0x08009638   Data         944  pcap.o(.constdata)
    REG                                      0x080099e8   Data          84  pcap.o(.constdata)
    __lowest_bit_bitmap                      0x08009a3c   Data         256  kservice.o(.constdata)
    __rt_init_rti_start                      0x08009b7c   Data           4  components.o(.rti_fn.0)
    __rt_init_rti_board_start                0x08009b80   Data           4  components.o(.rti_fn.0.end)
    __rt_init_rti_board_end                  0x08009b84   Data           4  components.o(.rti_fn.1.end)
    __rt_init_FilterProcessInit              0x08009b88   Data           4  filter.o(.rti_fn.2)
    __rt_init_ModbusProcessInit              0x08009b8c   Data           4  modbus_asc.o(.rti_fn.2)
    __rt_init_rti_end                        0x08009b90   Data           4  components.o(.rti_fn.6.end)
    Region$$Table$$Base                      0x08009b94   Number         0  anon$$obj.o(Region$$Table)
    Region$$Table$$Limit                     0x08009bb4   Number         0  anon$$obj.o(Region$$Table)
    HighFilterbufNum                         0x20000000   Data           1  filter.o(.data)
    FilterStartFlag                          0x20000001   Data           1  filter.o(.data)
    DivideValue                              0x2000000c   Data           4  filter.o(.data)
    DalidValueZone                           0x20000010   Data           4  filter.o(.data)
    filter_sem                               0x20000014   Data           4  filter.o(.data)
    i                                        0x2000001c   Data           1  mems.o(.data)
    mems_sem                                 0x20000020   Data           4  mems.o(.data)
    red_temp                                 0x20000024   Data           4  mems.o(.data)
    PreTemp                                  0x20000028   Data           4  mems.o(.data)
    SendLen                                  0x2000002c   Data           1  modbus_asc.o(.data)
    uart_init                                0x2000002e   Data           2  modbus_asc.o(.data)
    AutoUpTime_cnt                           0x20000030   Data           4  modbus_asc.o(.data)
    LED_Short_Timer                          0x20000034   Data           4  task.o(.data)
    LED_Double_Timer                         0x20000038   Data           4  task.o(.data)
    TaskThreads                              0x20000040   Data          48  task.o(.data)
    CALIB_Data                               0x20000070   Data           2  at24cxx.o(.data)
    UartComm                                 0x20000072   Data           7  at24cxx.o(.data)
    DAOilDebug                               0x2000007c   Data           8  da.o(.data)
    DAOutDebug                               0x20000084   Data           8  da.o(.data)
    ulLedStatue                              0x2000008c   Data           4  led.o(.data)
    PCap_Status                              0x20000094   Data           4  pcap.o(.data)
    ulWritePCAPXramErr                       0x20000098   Data           4  pcap.o(.data)
    PCap_Ready                               0x2000009c   Data           1  pcap.o(.data)
    UART1_RXBuffLen                          0x200000a0   Data           1  usart.o(.data)
    uint8_tSendIndex                         0x200000a1   Data           1  usart.o(.data)
    uint8_tSendNum                           0x200000a2   Data           1  usart.o(.data)
    UartRecvNewData                          0x200000a3   Data           1  usart.o(.data)
    UartRecvFrameOK                          0x200000a4   Data           1  usart.o(.data)
    g_cyCommMode                             0x200000a5   Data           1  usart.o(.data)
    modbus_sem                               0x200000a8   Data           4  usart.o(.data)
    temp                                     0x200000ac   Data           2  ds18b20.o(.data)
    SystemCoreClock                          0x200000b0   Data           4  system_gd32e10x.o(.data)
    rt_interrupt_from_thread                 0x200000b8   Data           4  cpuport.o(.data)
    rt_interrupt_to_thread                   0x200000bc   Data           4  cpuport.o(.data)
    rt_thread_switch_interrupt_flag          0x200000c0   Data           4  cpuport.o(.data)
    rt_interrupt_nest                        0x200000c8   Data           1  irq.o(.data)
    rt_current_priority                      0x20000124   Data           1  scheduler.o(.data)
    rt_current_thread                        0x20000128   Data           4  scheduler.o(.data)
    rt_thread_ready_priority_group           0x2000012c   Data           4  scheduler.o(.data)
    rt_thread_defunct                        0x20000130   Data           8  scheduler.o(.data)
    HighFilterbuf                            0x20000144   Data          40  filter.o(.bss)
    AdcBuf                                   0x2000016c   Data        3840  filter.o(.bss)
    Index                                    0x2000106c   Data        1920  filter.o(.bss)
    SoomthBuf                                0x200017ec   Data          40  filter.o(.bss)
    MonotonyDataBuf                          0x20001814   Data          40  filter.o(.bss)
    timer_initpara                           0x2000183c   Data          16  filter.o(.bss)
    Angle                                    0x2000184c   Data          12  mems.o(.bss)
    Dev_Id                                   0x20001858   Data          11  modbus_asc.o(.bss)
    RcvDataBuf                               0x20001863   Data          64  modbus_asc.o(.bss)
    SendBuf                                  0x200018a3   Data          64  modbus_asc.o(.bss)
    Cur_Param                                0x200018e4   Data          65  at24cxx.o(.bss)
    Calib_Param                              0x20001925   Data          32  at24cxx.o(.bss)
    ProductPara                              0x20001948   Data          84  at24cxx.o(.bss)
    UserParam                                0x2000199c   Data         868  at24cxx.o(.bss)
    RunVar                                   0x20001d00   Data          48  at24cxx.o(.bss)
    UART1_RXBuff                             0x20001d30   Data         200  usart.o(.bss)
    UART1_TXBUFF                             0x20001df8   Data         200  usart.o(.bss)
    rt_thread_priority_table                 0x200020d8   Data          64  scheduler.o(.bss)
    __initial_sp                             0x20003518   Data           0  startup_gd32e10x.o(STACK)



==============================================================================

Memory Map of the image

  Image Entry point : 0x08004151

  Load Region LR_IROM1 (Base: 0x08004000, Size: 0x00005cf8, Max: 0x0001c000, ABSOLUTE, COMPRESSED[0x00005bfc])

    Execution Region ER_IROM1 (Exec base: 0x08004000, Load base: 0x08004000, Size: 0x00005bb4, Max: 0x0001c000, ABSOLUTE)

    Exec Addr    Load Addr    Size         Type   Attr      Idx    E Section Name        Object

    0x08004000   0x08004000   0x00000150   Data   RO         5087    RESET               startup_gd32e10x.o
    0x08004150   0x08004150   0x00000000   Code   RO         6107  * .ARM.Collect$$$$00000000  mc_w.l(entry.o)
    0x08004150   0x08004150   0x00000004   Code   RO         6170    .ARM.Collect$$$$00000001  mc_w.l(entry2.o)
    0x08004154   0x08004154   0x00000004   Code   RO         6173    .ARM.Collect$$$$00000004  mc_w.l(entry5.o)
    0x08004158   0x08004158   0x00000000   Code   RO         6175    .ARM.Collect$$$$00000008  mc_w.l(entry7b.o)
    0x08004158   0x08004158   0x00000000   Code   RO         6177    .ARM.Collect$$$$0000000A  mc_w.l(entry8b.o)
    0x08004158   0x08004158   0x00000008   Code   RO         6178    .ARM.Collect$$$$0000000B  mc_w.l(entry9a.o)
    0x08004160   0x08004160   0x00000000   Code   RO         6180    .ARM.Collect$$$$0000000D  mc_w.l(entry10a.o)
    0x08004160   0x08004160   0x00000000   Code   RO         6182    .ARM.Collect$$$$0000000F  mc_w.l(entry11a.o)
    0x08004160   0x08004160   0x00000004   Code   RO         6171    .ARM.Collect$$$$00002712  mc_w.l(entry2.o)
    0x08004164   0x08004164   0x00000024   Code   RO         5088    .text               startup_gd32e10x.o
    0x08004188   0x08004188   0x00000134   Code   RO         5092    .text               context_rvds.o
    0x080042bc   0x080042bc   0x0000001c   Code   RO         6110    .text               mc_w.l(strcmp.o)
    0x080042d8   0x080042d8   0x000000e4   Code   RO         6142    .text               mf_w.l(dmul.o)
    0x080043bc   0x080043bc   0x000000de   Code   RO         6144    .text               mf_w.l(ddiv.o)
    0x0800449a   0x0800449a   0x0000001a   Code   RO         6146    .text               mf_w.l(dfltui.o)
    0x080044b4   0x080044b4   0x00000032   Code   RO         6148    .text               mf_w.l(dfixui.o)
    0x080044e6   0x080044e6   0x00000026   Code   RO         6150    .text               mf_w.l(f2d.o)
    0x0800450c   0x0800450c   0x00000038   Code   RO         6152    .text               mf_w.l(d2f.o)
    0x08004544   0x08004544   0x0000001e   Code   RO         6189    .text               mc_w.l(llshl.o)
    0x08004562   0x08004562   0x00000020   Code   RO         6191    .text               mc_w.l(llushr.o)
    0x08004582   0x08004582   0x00000000   Code   RO         6202    .text               mc_w.l(iusefp.o)
    0x08004582   0x08004582   0x0000006e   Code   RO         6203    .text               mf_w.l(fepilogue.o)
    0x080045f0   0x080045f0   0x000000ba   Code   RO         6205    .text               mf_w.l(depilogue.o)
    0x080046aa   0x080046aa   0x00000002   PAD
    0x080046ac   0x080046ac   0x00000024   Code   RO         6215    .text               mc_w.l(init.o)
    0x080046d0   0x080046d0   0x00000056   Code   RO         6225    .text               mc_w.l(__dczerorl2.o)
    0x08004726   0x08004726   0x0000000a   Code   RO         5176    i.$Sub$$main        components.o
    0x08004730   0x08004730   0x000000b4   Code   RO          536    i.APP_MB_Task       modbus_asc.o
    0x080047e4   0x080047e4   0x0000006c   Code   RO          709    i.App_CreateObject  task.o
    0x08004850   0x08004850   0x00000154   Code   RO          200    i.App_Filter_Task   filter.o
    0x080049a4   0x080049a4   0x00000088   Code   RO          454    i.App_MEMSAndTemp_Task  mems.o
    0x08004a2c   0x08004a2c   0x00000016   Code   RO          137    i.ArrToHex          algorithm.o
    0x08004a42   0x08004a42   0x00000002   PAD
    0x08004a44   0x08004a44   0x00000090   Code   RO          538    i.AutoUpLoadFrame   modbus_asc.o
    0x08004ad4   0x08004ad4   0x00000002   Code   RO          763    i.BusFault_Handler  gd32e10x_it.o
    0x08004ad6   0x08004ad6   0x0000004c   Code   RO          201    i.CalcuFloaterDACode  filter.o
    0x08004b22   0x08004b22   0x00000002   PAD
    0x08004b24   0x08004b24   0x00000098   Code   RO          921    i.CapCalibrate      capacitive.o
    0x08004bbc   0x08004bbc   0x0000025c   Code   RO          202    i.CapFilter         filter.o
    0x08004e18   0x08004e18   0x0000009c   Code   RO          830    i.Check_Calib_Backup  at24cxx.o
    0x08004eb4   0x08004eb4   0x00000098   Code   RO          831    i.Check_User_Backup  at24cxx.o
    0x08004f4c   0x08004f4c   0x0000003a   Code   RO          941    i.DA2_Write         da.o
    0x08004f86   0x08004f86   0x00000002   PAD
    0x08004f88   0x08004f88   0x00000088   Code   RO          204    i.DAOutPutStabilised  filter.o
    0x08005010   0x08005010   0x00000028   Code   RO          942    i.DA_Init           da.o
    0x08005038   0x08005038   0x0000003a   Code   RO          943    i.DA_Write          da.o
    0x08005072   0x08005072   0x00000002   PAD
    0x08005074   0x08005074   0x0000005c   Code   RO         1499    i.DS18B20_Check     ds18b20.o
    0x080050d0   0x080050d0   0x00000054   Code   RO         1500    i.DS18B20_Get_Temp  ds18b20.o
    0x08005124   0x08005124   0x00000012   Code   RO         1501    i.DS18B20_Init      ds18b20.o
    0x08005136   0x08005136   0x00000002   PAD
    0x08005138   0x08005138   0x00000020   Code   RO         1502    i.DS18B20_Input     ds18b20.o
    0x08005158   0x08005158   0x00000020   Code   RO         1503    i.DS18B20_Output    ds18b20.o
    0x08005178   0x08005178   0x00000050   Code   RO         1504    i.DS18B20_Read_Bit  ds18b20.o
    0x080051c8   0x080051c8   0x0000001e   Code   RO         1505    i.DS18B20_Read_Byte  ds18b20.o
    0x080051e6   0x080051e6   0x00000002   PAD
    0x080051e8   0x080051e8   0x00000030   Code   RO         1506    i.DS18B20_Rst       ds18b20.o
    0x08005218   0x08005218   0x0000001a   Code   RO         1507    i.DS18B20_Start     ds18b20.o
    0x08005232   0x08005232   0x00000002   PAD
    0x08005234   0x08005234   0x00000064   Code   RO         1508    i.DS18B20_Write_Byte  ds18b20.o
    0x08005298   0x08005298   0x00000002   Code   RO          764    i.DebugMon_Handler  gd32e10x_it.o
    0x0800529a   0x0800529a   0x0000000c   Code   RO         1350    i.Delay_Ms          softwareiic.o
    0x080052a6   0x080052a6   0x0000000c   Code   RO         1351    i.Delay_Us          softwareiic.o
    0x080052b2   0x080052b2   0x00000004   Code   RO          832    i.EEProm_Init       at24cxx.o
    0x080052b6   0x080052b6   0x00000002   PAD
    0x080052b8   0x080052b8   0x00000044   Code   RO          455    i.EXTI10_15_IRQHandler  mems.o
    0x080052fc   0x080052fc   0x00000034   Code   RO          205    i.FilterProcessInit  filter.o
    0x08005330   0x08005330   0x0000001a   Code   RO          140    i.HexToFloat        algorithm.o
    0x0800534a   0x0800534a   0x00000042   Code   RO          833    i.I2C1_ReadByte     at24cxx.o
    0x0800538c   0x0800538c   0x0000002a   Code   RO          834    i.I2C1_ReadNBytes   at24cxx.o
    0x080053b6   0x080053b6   0x00000002   PAD
    0x080053b8   0x080053b8   0x00000054   Code   RO          835    i.I2C1_WNBytesMul3T  at24cxx.o
    0x0800540c   0x0800540c   0x00000050   Code   RO          836    i.I2C1_WriteByte    at24cxx.o
    0x0800545c   0x0800545c   0x00000038   Code   RO          837    i.I2C1_WriteNBytes  at24cxx.o
    0x08005494   0x08005494   0x00000044   Code   RO         1352    i.IIC_Ack           softwareiic.o
    0x080054d8   0x080054d8   0x00000038   Code   RO         1353    i.IIC_Init          softwareiic.o
    0x08005510   0x08005510   0x00000044   Code   RO         1354    i.IIC_NAck          softwareiic.o
    0x08005554   0x08005554   0x00000064   Code   RO         1355    i.IIC_Read_Byte     softwareiic.o
    0x080055b8   0x080055b8   0x0000005c   Code   RO         1356    i.IIC_Send_Byte     softwareiic.o
    0x08005614   0x08005614   0x00000044   Code   RO         1357    i.IIC_Start         softwareiic.o
    0x08005658   0x08005658   0x00000044   Code   RO         1358    i.IIC_Stop          softwareiic.o
    0x0800569c   0x0800569c   0x0000005c   Code   RO         1359    i.IIC_Wait_Ack      softwareiic.o
    0x080056f8   0x080056f8   0x00000040   Code   RO          206    i.IsNeetResetPcap   filter.o
    0x08005738   0x08005738   0x0000000c   Code   RO         1043    i.LED_Close         led.o
    0x08005744   0x08005744   0x00000038   Code   RO         1044    i.LED_Double_Light  led.o
    0x0800577c   0x0800577c   0x00000020   Code   RO         1045    i.LED_Init          led.o
    0x0800579c   0x0800579c   0x0000000c   Code   RO         1046    i.LED_Open          led.o
    0x080057a8   0x080057a8   0x00000004   Code   RO         1047    i.LED_Short_Light   led.o
    0x080057ac   0x080057ac   0x00000010   Code   RO          540    i.MBRTU_CheckCRC16  modbus_asc.o
    0x080057bc   0x080057bc   0x00000170   Code   RO          541    i.MBRTU_Fun03       modbus_asc.o
    0x0800592c   0x0800592c   0x00000110   Code   RO          542    i.MBRTU_Fun04       modbus_asc.o
    0x08005a3c   0x08005a3c   0x00000138   Code   RO          543    i.MBRTU_Fun05       modbus_asc.o
    0x08005b74   0x08005b74   0x00000200   Code   RO          544    i.MBRTU_Fun10       modbus_asc.o
    0x08005d74   0x08005d74   0x00000164   Code   RO          545    i.MBRTU_Fun25       modbus_asc.o
    0x08005ed8   0x08005ed8   0x000001a4   Code   RO          546    i.MBRTU_Fun26       modbus_asc.o
    0x0800607c   0x0800607c   0x000002b0   Code   RO          547    i.MBRTU_Fun27       modbus_asc.o
    0x0800632c   0x0800632c   0x00000040   Code   RO          548    i.MBRTU_Fun2A       modbus_asc.o
    0x0800636c   0x0800636c   0x00000020   Code   RO          549    i.MBRTU_Fun2B       modbus_asc.o
    0x0800638c   0x0800638c   0x000000e8   Code   RO          550    i.MBRTU_Function    modbus_asc.o
    0x08006474   0x08006474   0x00000028   Code   RO          551    i.MBRTU_GetCRC16    modbus_asc.o
    0x0800649c   0x0800649c   0x00000024   Code   RO          554    i.MBRTU_SendErr     modbus_asc.o
    0x080064c0   0x080064c0   0x00000034   Code   RO          555    i.MBRTU_SendMsg     modbus_asc.o
    0x080064f4   0x080064f4   0x00000030   Code   RO          556    i.MBRTU_SendMsg_NoLimit  modbus_asc.o
    0x08006524   0x08006524   0x00000002   Code   RO          765    i.MemManage_Handler  gd32e10x_it.o
    0x08006526   0x08006526   0x00000002   PAD
    0x08006528   0x08006528   0x0000002c   Code   RO          557    i.ModbusProcessInit  modbus_asc.o
    0x08006554   0x08006554   0x00000002   Code   RO          766    i.NMI_Handler       gd32e10x_it.o
    0x08006556   0x08006556   0x00000020   Code   RO            3    i.NVIC_SetPriority  systick.o
    0x08006576   0x08006576   0x00000002   PAD
    0x08006578   0x08006578   0x00000018   Code   RO         1208    i.PCap_Enable       pcap.o
    0x08006590   0x08006590   0x00000068   Code   RO         1209    i.PCap_Init         pcap.o
    0x080065f8   0x080065f8   0x00000014   Code   RO         1210    i.PCap_MEASURE      pcap.o
    0x0800660c   0x0800660c   0x00000014   Code   RO         1211    i.PCap_PTL_Reset    pcap.o
    0x08006620   0x08006620   0x00000024   Code   RO         1212    i.PCap_Reg_Config   pcap.o
    0x08006644   0x08006644   0x00000020   Code   RO         1213    i.PCap_Res_Stau     pcap.o
    0x08006664   0x08006664   0x0000001a   Code   RO         1215    i.PCap_Res_Value    pcap.o
    0x0800667e   0x0800667e   0x00000014   Code   RO         1216    i.PCap_Reset        pcap.o
    0x08006692   0x08006692   0x00000002   PAD
    0x08006694   0x08006694   0x00000068   Code   RO         1217    i.PCap_SPI_Init     pcap.o
    0x080066fc   0x080066fc   0x00000070   Code   RO         1218    i.PCap_WR_SRAM      pcap.o
    0x0800676c   0x0800676c   0x000001c0   Code   RO          838    i.Rd_Dev_Param      at24cxx.o
    0x0800692c   0x0800692c   0x00000020   Code   RO          208    i.RunVar_Init       filter.o
    0x0800694c   0x0800694c   0x00000010   Code   RO         1219    i.SPI_Disable       pcap.o
    0x0800695c   0x0800695c   0x00000010   Code   RO         1220    i.SPI_Enable        pcap.o
    0x0800696c   0x0800696c   0x00000002   Code   RO          767    i.SVC_Handler       gd32e10x_it.o
    0x0800696e   0x0800696e   0x00000002   PAD
    0x08006970   0x08006970   0x0000008c   Code   RO          839    i.Switch_Fiter      at24cxx.o
    0x080069fc   0x080069fc   0x00000012   Code   RO         6043    i.SysTick_Handler   board.o
    0x08006a0e   0x08006a0e   0x00000002   PAD
    0x08006a10   0x08006a10   0x000000b8   Code   RO         1614    i.SystemCoreClockUpdate  system_gd32e10x.o
    0x08006ac8   0x08006ac8   0x00000050   Code   RO         1615    i.SystemInit        system_gd32e10x.o
    0x08006b18   0x08006b18   0x0000005c   Code   RO         1425    i.TIMER1_IRQHandler  usart.o
    0x08006b74   0x08006b74   0x00000048   Code   RO          209    i.TIMER2_IRQHandler  filter.o
    0x08006bbc   0x08006bbc   0x0000002c   Code   RO          558    i.TIMER3_IRQHandler  modbus_asc.o
    0x08006be8   0x08006be8   0x00000078   Code   RO         1426    i.Timer1_Init       usart.o
    0x08006c60   0x08006c60   0x00000078   Code   RO          210    i.Timer2_Init       filter.o
    0x08006cd8   0x08006cd8   0x00000060   Code   RO          559    i.Timer3_Init       modbus_asc.o
    0x08006d38   0x08006d38   0x00000164   Code   RO         1427    i.UART1_Init        usart.o
    0x08006e9c   0x08006e9c   0x00000040   Code   RO         1428    i.UART1_RecvData    usart.o
    0x08006edc   0x08006edc   0x00000064   Code   RO         1429    i.UART1_SendData    usart.o
    0x08006f40   0x08006f40   0x000000fc   Code   RO         1430    i.USART0_IRQHandler  usart.o
    0x0800703c   0x0800703c   0x00000002   Code   RO          768    i.UsageFault_Handler  gd32e10x_it.o
    0x0800703e   0x0800703e   0x00000002   PAD
    0x08007040   0x08007040   0x00000044   Code   RO         5430    i.__rt_ffs          kservice.o
    0x08007084   0x08007084   0x0000000e   Code   RO         6219    i.__scatterload_copy  mc_w.l(handlers.o)
    0x08007092   0x08007092   0x00000002   Code   RO         6220    i.__scatterload_null  mc_w.l(handlers.o)
    0x08007094   0x08007094   0x0000000e   Code   RO         6221    i.__scatterload_zeroinit  mc_w.l(handlers.o)
    0x080070a2   0x080070a2   0x00000002   PAD
    0x080070a4   0x080070a4   0x00000080   Code   RO         5809    i._rt_thread_init   thread.o
    0x08007124   0x08007124   0x00000026   Code   RO         5939    i._rt_timer_init    timer.o
    0x0800714a   0x0800714a   0x00000018   Code   RO         5940    i._rt_timer_remove  timer.o
    0x08007162   0x08007162   0x0000001c   Code   RO         5810    i._thread_cleanup_execute  thread.o
    0x0800717e   0x0800717e   0x00000002   PAD
    0x08007180   0x08007180   0x00000040   Code   RO         2296    i.dac_data_set      gd32e10x_dac.o
    0x080071c0   0x080071c0   0x00000016   Code   RO         2297    i.dac_deinit        gd32e10x_dac.o
    0x080071d6   0x080071d6   0x00000002   PAD
    0x080071d8   0x080071d8   0x0000001c   Code   RO         2301    i.dac_enable        gd32e10x_dac.o
    0x080071f4   0x080071f4   0x0000001c   Code   RO         2304    i.dac_output_buffer_enable  gd32e10x_dac.o
    0x08007210   0x08007210   0x0000001c   Code   RO         2309    i.dac_trigger_disable  gd32e10x_dac.o
    0x0800722c   0x0800722c   0x00000028   Code   RO         2313    i.dac_wave_mode_config  gd32e10x_dac.o
    0x08007254   0x08007254   0x00000008   Code   RO         1510    i.delay_15us        ds18b20.o
    0x0800725c   0x0800725c   0x0000000a   Code   RO         1513    i.delay_60us        ds18b20.o
    0x08007266   0x08007266   0x0000000a   Code   RO         1514    i.delay_750us       ds18b20.o
    0x08007270   0x08007270   0x00000006   Code   RO         1515    i.delay_us          ds18b20.o
    0x08007276   0x08007276   0x00000020   Code   RO         2518    i.dma_channel_disable  gd32e10x_dma.o
    0x08007296   0x08007296   0x00000020   Code   RO         2526    i.dma_interrupt_disable  gd32e10x_dma.o
    0x080072b6   0x080072b6   0x00000002   PAD
    0x080072b8   0x080072b8   0x00000018   Code   RO         2537    i.dma_periph_and_channel_check  gd32e10x_dma.o
    0x080072d0   0x080072d0   0x0000000c   Code   RO         2767    i.exti_interrupt_flag_clear  gd32e10x_exti.o
    0x080072dc   0x080072dc   0x00000024   Code   RO         2768    i.exti_interrupt_flag_get  gd32e10x_exti.o
    0x08007300   0x08007300   0x0000001e   Code   RO          143    i.floatToHexArray   algorithm.o
    0x0800731e   0x0800731e   0x00000002   PAD
    0x08007320   0x08007320   0x00000050   Code   RO         3068    i.fwdgt_config      gd32e10x_fwdgt.o
    0x08007370   0x08007370   0x00000010   Code   RO         3069    i.fwdgt_counter_reload  gd32e10x_fwdgt.o
    0x08007380   0x08007380   0x00000010   Code   RO         3070    i.fwdgt_enable      gd32e10x_fwdgt.o
    0x08007390   0x08007390   0x00000028   Code   RO          560    i.get_device_addr   modbus_asc.o
    0x080073b8   0x080073b8   0x00000004   Code   RO         3119    i.gpio_bit_reset    gd32e10x_gpio.o
    0x080073bc   0x080073bc   0x00000004   Code   RO         3120    i.gpio_bit_set      gd32e10x_gpio.o
    0x080073c0   0x080073c0   0x0000000a   Code   RO         3121    i.gpio_bit_write    gd32e10x_gpio.o
    0x080073ca   0x080073ca   0x000000a0   Code   RO         3129    i.gpio_init         gd32e10x_gpio.o
    0x0800746a   0x0800746a   0x0000000a   Code   RO         3130    i.gpio_input_bit_get  gd32e10x_gpio.o
    0x08007474   0x08007474   0x00000058   Code   RO         3135    i.gpio_pin_remap_config  gd32e10x_gpio.o
    0x080074cc   0x080074cc   0x0000003a   Code   RO          384    i.main              main.o
    0x08007506   0x08007506   0x0000000e   Code   RO         5177    i.main_thread_entry  components.o
    0x08007514   0x08007514   0x00000088   Code   RO         3477    i.nvic_irq_enable   gd32e10x_misc.o
    0x0800759c   0x0800759c   0x00000014   Code   RO         3478    i.nvic_priority_group_set  gd32e10x_misc.o
    0x080075b0   0x080075b0   0x00000014   Code   RO         3479    i.nvic_vector_table_set  gd32e10x_misc.o
    0x080075c4   0x080075c4   0x00000054   Code   RO         5604    i.plug_holes        mem.o
    0x08007618   0x08007618   0x0000012c   Code   RO         5432    i.print_number      kservice.o
    0x08007744   0x08007744   0x00000128   Code   RO         3634    i.rcu_clock_freq_get  gd32e10x_rcu.o
    0x0800786c   0x0800786c   0x00000020   Code   RO         3637    i.rcu_flag_get      gd32e10x_rcu.o
    0x0800788c   0x0800788c   0x0000001c   Code   RO         3651    i.rcu_osci_on       gd32e10x_rcu.o
    0x080078a8   0x080078a8   0x000000ec   Code   RO         3652    i.rcu_osci_stab_wait  gd32e10x_rcu.o
    0x08007994   0x08007994   0x0000001c   Code   RO         3654    i.rcu_periph_clock_enable  gd32e10x_rcu.o
    0x080079b0   0x080079b0   0x0000001c   Code   RO         3657    i.rcu_periph_reset_disable  gd32e10x_rcu.o
    0x080079cc   0x080079cc   0x0000001c   Code   RO         3658    i.rcu_periph_reset_enable  gd32e10x_rcu.o
    0x080079e8   0x080079e8   0x000000b8   Code   RO         1221    i.resetPcap         pcap.o
    0x08007aa0   0x08007aa0   0x0000002c   Code   RO         5178    i.rt_application_init  components.o
    0x08007acc   0x08007acc   0x0000001c   Code   RO         5179    i.rt_components_board_init  components.o
    0x08007ae8   0x08007ae8   0x0000001c   Code   RO         5180    i.rt_components_init  components.o
    0x08007b04   0x08007b04   0x0000001c   Code   RO         5748    i.rt_enter_critical  scheduler.o
    0x08007b20   0x08007b20   0x00000038   Code   RO         5749    i.rt_exit_critical  scheduler.o
    0x08007b58   0x08007b58   0x000000c4   Code   RO         5606    i.rt_free           mem.o
    0x08007c1c   0x08007c1c   0x00000008   Code   RO         6044    i.rt_heap_begin_get  board.o
    0x08007c24   0x08007c24   0x00000008   Code   RO         6045    i.rt_heap_end_get   board.o
    0x08007c2c   0x08007c2c   0x00000058   Code   RO         6046    i.rt_hw_board_init  board.o
    0x08007c84   0x08007c84   0x00000002   Code   RO         5435    i.rt_hw_console_output  kservice.o
    0x08007c86   0x08007c86   0x00000002   PAD
    0x08007c88   0x08007c88   0x00000210   Code   RO         5099    i.rt_hw_hard_fault_exception  cpuport.o
    0x08007e98   0x08007e98   0x0000003c   Code   RO         5100    i.rt_hw_stack_init  cpuport.o
    0x08007ed4   0x08007ed4   0x0000001c   Code   RO         5403    i.rt_interrupt_enter  irq.o
    0x08007ef0   0x08007ef0   0x0000001c   Code   RO         5405    i.rt_interrupt_leave  irq.o
    0x08007f0c   0x08007f0c   0x00000050   Code   RO         5279    i.rt_ipc_list_suspend  ipc.o
    0x08007f5c   0x08007f5c   0x00000020   Code   RO         5436    i.rt_kprintf        kservice.o
    0x08007f7c   0x08007f7c   0x0000000e   Code   RO         5660    i.rt_list_insert_after  object.o
    0x08007f8a   0x08007f8a   0x0000000e   Code   RO         5811    i.rt_list_insert_after  thread.o
    0x08007f98   0x08007f98   0x0000000e   Code   RO         5941    i.rt_list_insert_after  timer.o
    0x08007fa6   0x08007fa6   0x0000000e   Code   RO         5280    i.rt_list_insert_before  ipc.o
    0x08007fb4   0x08007fb4   0x0000000e   Code   RO         5281    i.rt_list_isempty   ipc.o
    0x08007fc2   0x08007fc2   0x0000000e   Code   RO         5942    i.rt_list_isempty   timer.o
    0x08007fd0   0x08007fd0   0x00000012   Code   RO         5661    i.rt_list_remove    object.o
    0x08007fe2   0x08007fe2   0x00000012   Code   RO         5812    i.rt_list_remove    thread.o
    0x08007ff4   0x08007ff4   0x00000012   Code   RO         5943    i.rt_list_remove    timer.o
    0x08008006   0x08008006   0x00000002   PAD
    0x08008008   0x08008008   0x000000f0   Code   RO         5607    i.rt_malloc         mem.o
    0x080080f8   0x080080f8   0x00000044   Code   RO         5442    i.rt_memset         kservice.o
    0x0800813c   0x0800813c   0x0000004c   Code   RO         5662    i.rt_object_allocate  object.o
    0x08008188   0x08008188   0x00000026   Code   RO         5663    i.rt_object_delete  object.o
    0x080081ae   0x080081ae   0x00000020   Code   RO         5664    i.rt_object_detach  object.o
    0x080081ce   0x080081ce   0x00000002   PAD
    0x080081d0   0x080081d0   0x00000024   Code   RO         5666    i.rt_object_get_information  object.o
    0x080081f4   0x080081f4   0x00000050   Code   RO         5670    i.rt_object_init    object.o
    0x08008244   0x08008244   0x0000000e   Code   RO         5671    i.rt_object_is_systemobject  object.o
    0x08008252   0x08008252   0x00000002   PAD
    0x08008254   0x08008254   0x00000058   Code   RO         5750    i.rt_schedule       scheduler.o
    0x080082ac   0x080082ac   0x00000050   Code   RO         5751    i.rt_schedule_insert_thread  scheduler.o
    0x080082fc   0x080082fc   0x0000004c   Code   RO         5752    i.rt_schedule_remove_thread  scheduler.o
    0x08008348   0x08008348   0x00000020   Code   RO         5291    i.rt_sem_create     ipc.o
    0x08008368   0x08008368   0x00000024   Code   RO         5294    i.rt_sem_init       ipc.o
    0x0800838c   0x0800838c   0x0000004c   Code   RO         5295    i.rt_sem_release    ipc.o
    0x080083d8   0x080083d8   0x0000006e   Code   RO         5296    i.rt_sem_take       ipc.o
    0x08008446   0x08008446   0x00000002   PAD
    0x08008448   0x08008448   0x000000b0   Code   RO         5444    i.rt_show_version   kservice.o
    0x080084f8   0x080084f8   0x00000026   Code   RO         5452    i.rt_strncpy        kservice.o
    0x0800851e   0x0800851e   0x00000002   PAD
    0x08008520   0x08008520   0x000000b0   Code   RO         5610    i.rt_system_heap_init  mem.o
    0x080085d0   0x080085d0   0x00000034   Code   RO         5753    i.rt_system_scheduler_init  scheduler.o
    0x08008604   0x08008604   0x00000028   Code   RO         5754    i.rt_system_scheduler_start  scheduler.o
    0x0800862c   0x0800862c   0x00000018   Code   RO         5944    i.rt_system_timer_init  timer.o
    0x08008644   0x08008644   0x00000002   Code   RO         5945    i.rt_system_timer_thread_init  timer.o
    0x08008646   0x08008646   0x00000048   Code   RO         5814    i.rt_thread_create  thread.o
    0x0800868e   0x0800868e   0x00000004   Code   RO         5815    i.rt_thread_delay   thread.o
    0x08008692   0x08008692   0x00000002   PAD
    0x08008694   0x08008694   0x00000058   Code   RO         5819    i.rt_thread_exit    thread.o
    0x080086ec   0x080086ec   0x00000006   Code   RO         5243    i.rt_thread_idle_entry  idle.o
    0x080086f2   0x080086f2   0x00000002   PAD
    0x080086f4   0x080086f4   0x00000048   Code   RO         5244    i.rt_thread_idle_excute  idle.o
    0x0800873c   0x0800873c   0x00000038   Code   RO         5246    i.rt_thread_idle_init  idle.o
    0x08008774   0x08008774   0x00000030   Code   RO         5821    i.rt_thread_init    thread.o
    0x080087a4   0x080087a4   0x0000003c   Code   RO         5823    i.rt_thread_resume  thread.o
    0x080087e0   0x080087e0   0x0000000c   Code   RO         5824    i.rt_thread_self    thread.o
    0x080087ec   0x080087ec   0x00000040   Code   RO         5825    i.rt_thread_sleep   thread.o
    0x0800882c   0x0800882c   0x0000002c   Code   RO         5826    i.rt_thread_startup  thread.o
    0x08008858   0x08008858   0x00000042   Code   RO         5827    i.rt_thread_suspend  thread.o
    0x0800889a   0x0800889a   0x00000020   Code   RO         5828    i.rt_thread_timeout  thread.o
    0x080088ba   0x080088ba   0x00000002   PAD
    0x080088bc   0x080088bc   0x00000060   Code   RO         5829    i.rt_thread_yield   thread.o
    0x0800891c   0x0800891c   0x0000000c   Code   RO         5140    i.rt_tick_get       clock.o
    0x08008928   0x08008928   0x0000002c   Code   RO         5141    i.rt_tick_increase  clock.o
    0x08008954   0x08008954   0x00000094   Code   RO         5946    i.rt_timer_check    timer.o
    0x080089e8   0x080089e8   0x00000048   Code   RO         5947    i.rt_timer_control  timer.o
    0x08008a30   0x08008a30   0x0000002e   Code   RO         5948    i.rt_timer_create   timer.o
    0x08008a5e   0x08008a5e   0x00000028   Code   RO         5950    i.rt_timer_detach   timer.o
    0x08008a86   0x08008a86   0x00000028   Code   RO         5951    i.rt_timer_init     timer.o
    0x08008aae   0x08008aae   0x00000002   PAD
    0x08008ab0   0x08008ab0   0x00000090   Code   RO         5953    i.rt_timer_start    timer.o
    0x08008b40   0x08008b40   0x0000002e   Code   RO         5954    i.rt_timer_stop     timer.o
    0x08008b6e   0x08008b6e   0x00000002   PAD
    0x08008b70   0x08008b70   0x00000260   Code   RO         5455    i.rt_vsnprintf      kservice.o
    0x08008dd0   0x08008dd0   0x00000004   Code   RO         5181    i.rti_board_end     components.o
    0x08008dd4   0x08008dd4   0x00000004   Code   RO         5182    i.rti_board_start   components.o
    0x08008dd8   0x08008dd8   0x00000004   Code   RO         5183    i.rti_end           components.o
    0x08008ddc   0x08008ddc   0x00000004   Code   RO         5184    i.rti_start         components.o
    0x08008de0   0x08008de0   0x0000002a   Code   RO         5185    i.rtthread_startup  components.o
    0x08008e0a   0x08008e0a   0x00000028   Code   RO         5457    i.skip_atoi         kservice.o
    0x08008e32   0x08008e32   0x00000002   PAD
    0x08008e34   0x08008e34   0x00000034   Code   RO         1222    i.spi_read24        pcap.o
    0x08008e68   0x08008e68   0x00000038   Code   RO         1223    i.spi_read8         pcap.o
    0x08008ea0   0x08008ea0   0x00000024   Code   RO         1224    i.spi_send_0        pcap.o
    0x08008ec4   0x08008ec4   0x00000024   Code   RO         1225    i.spi_send_1        pcap.o
    0x08008ee8   0x08008ee8   0x0000001e   Code   RO         1226    i.spi_write16       pcap.o
    0x08008f06   0x08008f06   0x0000001e   Code   RO         1227    i.spi_write32       pcap.o
    0x08008f24   0x08008f24   0x00000020   Code   RO         1228    i.spi_write8        pcap.o
    0x08008f44   0x08008f44   0x00000088   Code   RO         1616    i.system_clock_72m_irc8m  system_gd32e10x.o
    0x08008fcc   0x08008fcc   0x00000040   Code   RO            6    i.systick_config    systick.o
    0x0800900c   0x0800900c   0x00000058   Code   RO          710    i.task_Init         task.o
    0x08009064   0x08009064   0x0000000a   Code   RO         4267    i.timer_auto_reload_shadow_enable  gd32e10x_timer.o
    0x0800906e   0x0800906e   0x00000004   Code   RO         4296    i.timer_counter_value_config  gd32e10x_timer.o
    0x08009072   0x08009072   0x00000002   PAD
    0x08009074   0x08009074   0x000000c8   Code   RO         4297    i.timer_deinit      gd32e10x_timer.o
    0x0800913c   0x0800913c   0x0000000a   Code   RO         4298    i.timer_disable     gd32e10x_timer.o
    0x08009146   0x08009146   0x0000000a   Code   RO         4302    i.timer_enable      gd32e10x_timer.o
    0x08009150   0x08009150   0x000000a0   Code   RO         4312    i.timer_init        gd32e10x_timer.o
    0x080091f0   0x080091f0   0x00000008   Code   RO         4318    i.timer_interrupt_disable  gd32e10x_timer.o
    0x080091f8   0x080091f8   0x00000008   Code   RO         4319    i.timer_interrupt_enable  gd32e10x_timer.o
    0x08009200   0x08009200   0x00000006   Code   RO         4320    i.timer_interrupt_flag_clear  gd32e10x_timer.o
    0x08009206   0x08009206   0x00000014   Code   RO         4321    i.timer_interrupt_flag_get  gd32e10x_timer.o
    0x0800921a   0x0800921a   0x00000014   Code   RO         4332    i.timer_struct_para_init  gd32e10x_timer.o
    0x0800922e   0x0800922e   0x00000002   PAD
    0x08009230   0x08009230   0x00000054   Code   RO         4709    i.usart_baudrate_set  gd32e10x_usart.o
    0x08009284   0x08009284   0x00000008   Code   RO         4712    i.usart_data_receive  gd32e10x_usart.o
    0x0800928c   0x0800928c   0x00000008   Code   RO         4713    i.usart_data_transmit  gd32e10x_usart.o
    0x08009294   0x08009294   0x00000058   Code   RO         4714    i.usart_deinit      gd32e10x_usart.o
    0x080092ec   0x080092ec   0x0000000a   Code   RO         4715    i.usart_disable     gd32e10x_usart.o
    0x080092f6   0x080092f6   0x0000000a   Code   RO         4718    i.usart_enable      gd32e10x_usart.o
    0x08009300   0x08009300   0x00000014   Code   RO         4719    i.usart_flag_clear  gd32e10x_usart.o
    0x08009314   0x08009314   0x00000016   Code   RO         4720    i.usart_flag_get    gd32e10x_usart.o
    0x0800932a   0x0800932a   0x0000000c   Code   RO         4725    i.usart_hardware_flow_cts_config  gd32e10x_usart.o
    0x08009336   0x08009336   0x0000000c   Code   RO         4726    i.usart_hardware_flow_rts_config  gd32e10x_usart.o
    0x08009342   0x08009342   0x00000014   Code   RO         4727    i.usart_interrupt_disable  gd32e10x_usart.o
    0x08009356   0x08009356   0x00000014   Code   RO         4728    i.usart_interrupt_enable  gd32e10x_usart.o
    0x0800936a   0x0800936a   0x00000014   Code   RO         4729    i.usart_interrupt_flag_clear  gd32e10x_usart.o
    0x0800937e   0x0800937e   0x00000030   Code   RO         4730    i.usart_interrupt_flag_get  gd32e10x_usart.o
    0x080093ae   0x080093ae   0x00000010   Code   RO         4741    i.usart_parity_config  gd32e10x_usart.o
    0x080093be   0x080093be   0x0000000c   Code   RO         4743    i.usart_receive_config  gd32e10x_usart.o
    0x080093ca   0x080093ca   0x00000010   Code   RO         4753    i.usart_stop_bit_set  gd32e10x_usart.o
    0x080093da   0x080093da   0x0000000c   Code   RO         4757    i.usart_transmit_config  gd32e10x_usart.o
    0x080093e6   0x080093e6   0x00000010   Code   RO         4758    i.usart_word_length_set  gd32e10x_usart.o
    0x080093f6   0x080093f6   0x00000200   Data   RO          562    .constdata          modbus_asc.o
    0x080095f6   0x080095f6   0x00000041   Data   RO          842    .constdata          at24cxx.o
    0x08009637   0x08009637   0x00000001   PAD
    0x08009638   0x08009638   0x00000404   Data   RO         1229    .constdata          pcap.o
    0x08009a3c   0x08009a3c   0x00000122   Data   RO         5459    .constdata          kservice.o
    0x08009b5e   0x08009b5e   0x00000002   PAD
    0x08009b60   0x08009b60   0x00000019   Data   RO          711    .conststring        task.o
    0x08009b79   0x08009b79   0x00000003   PAD
    0x08009b7c   0x08009b7c   0x00000004   Data   RO         5186    .rti_fn.0           components.o
    0x08009b80   0x08009b80   0x00000004   Data   RO         5187    .rti_fn.0.end       components.o
    0x08009b84   0x08009b84   0x00000004   Data   RO         5188    .rti_fn.1.end       components.o
    0x08009b88   0x08009b88   0x00000004   Data   RO          213    .rti_fn.2           filter.o
    0x08009b8c   0x08009b8c   0x00000004   Data   RO          566    .rti_fn.2           modbus_asc.o
    0x08009b90   0x08009b90   0x00000004   Data   RO         5189    .rti_fn.6.end       components.o
    0x08009b94   0x08009b94   0x00000020   Data   RO         6217    Region$$Table       anon$$obj.o


    Execution Region RW_IRAM1 (Exec base: 0x20000000, Load base: 0x08009bb4, Size: 0x00003518, Max: 0x00008000, ABSOLUTE, COMPRESSED[0x00000048])

    Exec Addr    Load Addr    Size         Type   Attr      Idx    E Section Name        Object

    0x20000000   COMPRESSED   0x0000001c   Data   RW          212    .data               filter.o
    0x2000001c   COMPRESSED   0x00000010   Data   RW          468    .data               mems.o
    0x2000002c   COMPRESSED   0x00000008   Data   RW          563    .data               modbus_asc.o
    0x20000034   COMPRESSED   0x0000003c   Data   RW          712    .data               task.o
    0x20000070   COMPRESSED   0x00000009   Data   RW          843    .data               at24cxx.o
    0x20000079   COMPRESSED   0x00000003   PAD
    0x2000007c   COMPRESSED   0x00000008   Data   RW          944    .data               da.o
    0x20000084   COMPRESSED   0x00000008   Data   RW          945    .data               da.o
    0x2000008c   COMPRESSED   0x00000004   Data   RW         1048    .data               led.o
    0x20000090   COMPRESSED   0x0000000c   Data   RW         1230    .data               pcap.o
    0x2000009c   COMPRESSED   0x00000001   Data   RW         1231    .data               pcap.o
    0x2000009d   COMPRESSED   0x00000003   PAD
    0x200000a0   COMPRESSED   0x0000000c   Data   RW         1434    .data               usart.o
    0x200000ac   COMPRESSED   0x00000002   Data   RW         1516    .data               ds18b20.o
    0x200000ae   COMPRESSED   0x00000002   PAD
    0x200000b0   COMPRESSED   0x00000004   Data   RW         1617    .data               system_gd32e10x.o
    0x200000b4   COMPRESSED   0x00000004   Data   RW         5101    .data               cpuport.o
    0x200000b8   COMPRESSED   0x00000004   Data   RW         5102    .data               cpuport.o
    0x200000bc   COMPRESSED   0x00000004   Data   RW         5103    .data               cpuport.o
    0x200000c0   COMPRESSED   0x00000004   Data   RW         5104    .data               cpuport.o
    0x200000c4   COMPRESSED   0x00000004   Data   RW         5143    .data               clock.o
    0x200000c8   COMPRESSED   0x00000001   Data   RW         5406    .data               irq.o
    0x200000c9   COMPRESSED   0x00000003   PAD
    0x200000cc   COMPRESSED   0x00000018   Data   RW         5612    .data               mem.o
    0x200000e4   COMPRESSED   0x00000040   Data   RW         5673    .data               object.o
    0x20000124   COMPRESSED   0x00000014   Data   RW         5756    .data               scheduler.o
    0x20000138   COMPRESSED   0x0000000c   Data   RW         5955    .data               timer.o
    0x20000144        -       0x00001708   Zero   RW          211    .bss                filter.o
    0x2000184c        -       0x0000000c   Zero   RW          463    .bss                mems.o
    0x20001858        -       0x0000008b   Zero   RW          561    .bss                modbus_asc.o
    0x200018e3   COMPRESSED   0x00000001   PAD
    0x200018e4        -       0x0000041c   Zero   RW          840    .bss                at24cxx.o
    0x20001d00        -       0x00000030   Zero   RW          841    .bss                at24cxx.o
    0x20001d30        -       0x00000190   Zero   RW         1433    .bss                usart.o
    0x20001ec0        -       0x00000178   Zero   RW         5247    .bss                idle.o
    0x20002038        -       0x00000080   Zero   RW         5458    .bss                kservice.o
    0x200020b8        -       0x00000020   Zero   RW         5611    .bss                mem.o
    0x200020d8        -       0x00000040   Zero   RW         5755    .bss                scheduler.o
    0x20002118        -       0x00001000   Zero   RW         6047    .bss                board.o
    0x20003118        -       0x00000400   Zero   RW         5085    STACK               startup_gd32e10x.o


==============================================================================

Image component sizes


      Code (inc. data)   RO Data    RW Data    ZI Data      Debug   Object Name

        78          0          0          0          0       2203   algorithm.o
      1228         86         65          9       1100       7843   at24cxx.o
       122         14          0          0       4096       2947   board.o
       152         30          0          0          0        611   capacitive.o
        56         12          0          4          0       1277   clock.o
       182         30         16          0          0       6278   components.o
       308         28          0          0          0        904   context_rvds.o
       588        342          0         16          0       4202   cpuport.o
       156          6          0         16          0       2181   da.o
       576         34          0          2          0       7949   ds18b20.o
      1496        152          4         28       5896      17616   filter.o
       210         28          0          0          0       4013   gd32e10x_dac.o
        88          6          0          0          0       7570   gd32e10x_dma.o
        48         16          0          0          0       5550   gd32e10x_exti.o
       112         20          0          0          0       2065   gd32e10x_fwdgt.o
       276          6          0          0          0      16142   gd32e10x_gpio.o
        12          0          0          0          0       2679   gd32e10x_it.o
       176         22          0          0          0       2848   gd32e10x_misc.o
       676         70          0          0          0      22986   gd32e10x_rcu.o
       456         40          0          0          0      23872   gd32e10x_timer.o
       454         16          0          0          0      19973   gd32e10x_usart.o
       134         20          0          0        376       5134   idle.o
       362          0          0          0          0       8329   ipc.o
        56         12          0          1          0       1694   irq.o
      1332        158        290          0        128      10815   kservice.o
       116         14          0          4          0       2983   led.o
        58          0          0          0          0        903   main.o
       696        174          0         24         32       4100   mem.o
       204         34          0         16         12       2503   mems.o
      3996        410        516          8        139      42497   modbus_asc.o
       308          6          0         64          0       8640   object.o
       986         88       1028         13          0      11948   pcap.o
       420         58          0         20         64       8546   scheduler.o
       636         34          0          0          0       5836   softwareiic.o
        36          8        336          0       1024        916   startup_gd32e10x.o
       400         52          0          4          0       3335   system_gd32e10x.o
        96          4          0          0          0      49812   systick.o
       196         76         25         60          0       2202   task.o
       774         42          0          0          0      13110   thread.o
       670         22          0         12          0      13046   timer.o
       984         94          0         12        400       5233   usart.o

    ----------------------------------------------------------------------
     19976       2264       2318        324      13268     363291   Object Totals
         0          0         32          0          0          0   (incl. Generated)
        66          0          6         11          1          0   (incl. Padding)

    ----------------------------------------------------------------------

      Code (inc. data)   RO Data    RW Data    ZI Data      Debug   Library Member Name

        86          0          0          0          0          0   __dczerorl2.o
         0          0          0          0          0          0   entry.o
         0          0          0          0          0          0   entry10a.o
         0          0          0          0          0          0   entry11a.o
         8          4          0          0          0          0   entry2.o
         4          0          0          0          0          0   entry5.o
         0          0          0          0          0          0   entry7b.o
         0          0          0          0          0          0   entry8b.o
         8          4          0          0          0          0   entry9a.o
        30          0          0          0          0          0   handlers.o
        36          8          0          0          0         68   init.o
         0          0          0          0          0          0   iusefp.o
        30          0          0          0          0         68   llshl.o
        32          0          0          0          0         68   llushr.o
        28          0          0          0          0         76   strcmp.o
        56          0          0          0          0         88   d2f.o
       222          0          0          0          0        100   ddiv.o
       186          0          0          0          0        176   depilogue.o
        50          0          0          0          0         76   dfixui.o
        26          0          0          0          0         76   dfltui.o
       228          0          0          0          0         96   dmul.o
        38          0          0          0          0         68   f2d.o
       110          0          0          0          0        168   fepilogue.o

    ----------------------------------------------------------------------
      1182         16          0          0          0       1128   Library Totals
         4          0          0          0          0          0   (incl. Padding)

    ----------------------------------------------------------------------

      Code (inc. data)   RO Data    RW Data    ZI Data      Debug   Library Name

       262         16          0          0          0        280   mc_w.l
       916          0          0          0          0        848   mf_w.l

    ----------------------------------------------------------------------
      1182         16          0          0          0       1128   Library Totals

    ----------------------------------------------------------------------

==============================================================================


      Code (inc. data)   RO Data    RW Data    ZI Data      Debug   

     21158       2280       2318        324      13268     338735   Grand Totals
     21158       2280       2318         72      13268     338735   ELF Image Totals (compressed)
     21158       2280       2318         72          0          0   ROM Totals

==============================================================================

    Total RO  Size (Code + RO Data)                23476 (  22.93kB)
    Total RW  Size (RW Data + ZI Data)             13592 (  13.27kB)
    Total ROM Size (Code + RO Data + RW Data)      23548 (  23.00kB)

==============================================================================

